<html>
<body>
<pre>
<h1>µVision Build Log</h1>
<h2>Tool Versions:</h2>
IDE-Version: µVision V5.33.0.0
Copyright (C) 2020 ARM Ltd and ARM Germany GmbH. All rights reserved.
License Information: nam ACER, namduy, LIC=03C6R-KHT8M-GKGBG-V3ZMQ-G89HC-RTFJ0
 
Tool Versions:
Toolchain:       MDK-ARM Plus  Version: 5.33.0.0
Toolchain Path:  D:\keilC\ARM\ARMCLANG\Bin
C Compiler:      ArmClang.exe V6.15
Assembler:       Armasm.exe V6.15
Linker/Locator:  ArmLink.exe V6.15
Library Manager: ArmAr.exe V6.15
Hex Converter:   FromElf.exe V6.15
CPU DLL:         SARMCM3.DLL V5.33.0.0
Dialog DLL:      DCM.DLL V1.17.3.0
Target DLL:      STLink\ST-LINKIII-KEIL_SWO.dll V3.0.8.0
Dialog DLL:      TCM.DLL V1.48.0.0
 
<h2>Project:</h2>
D:\robocon_2024\main_xilanh_version\main_xilanh\test.uvprojx
Project File Date:  01/11/2024

<h2>Output:</h2>
*** Using Compiler 'V6.15', folder: 'D:\keilC\ARM\ARMCLANG\Bin'
Build target 'Target 1'
src/config.c(2): warning: In file included from...
./inc\config.h(15): warning: In file included from...
./inc/i2c.h(29): warning: no newline at end of file [-Wnewline-eof]
#endif
      ^
src/config.c(4): warning: no previous extern declaration for non-static variable 'tay_ps' [-Wmissing-variable-declarations]
uint16_t tay_ps; 
         ^
src/config.c(4): note: declare 'static' if the variable is not intended to be used outside of this translation unit
uint16_t tay_ps; 
^
src/config.c(6): warning: no previous extern declaration for non-static variable 'FEE_struct' [-Wmissing-variable-declarations]
FEE_struct_def FEE_struct; 
               ^
src/config.c(6): note: declare 'static' if the variable is not intended to be used outside of this translation unit
FEE_struct_def FEE_struct; 
^
3 warnings generated.
compiling config.c...
linking...
Program Size: Code=5680 RO-data=252 RW-data=0 ZI-data=1768  
".\Objects\test.axf" - 0 Error(s), 3 Warning(s).

<h2>Software Packages used:</h2>

Package Vendor: ARM
                http://www.keil.com/pack/ARM.CMSIS.5.9.0.pack
                ARM.CMSIS.5.9.0
                CMSIS (Common Microcontroller Software Interface Standard)
   * Component: CORE Version: 5.6.0

Package Vendor: Keil
                https://www.keil.com/pack/Keil.STM32F1xx_DFP.2.4.1.pack
                Keil.STM32F1xx_DFP.2.4.1
                STMicroelectronics STM32F1 Series Device Support, Drivers and Examples
   * Component: Startup Version: 1.0.0
   * Component: Framework Version: 3.6.0

<h2>Collection of Component include folders:</h2>
  .\RTE\Device\STM32F103C8
  .\RTE\_Target_1
  D:\keilC\ARM\CMSIS\5.9.0\CMSIS\Core\Include
  D:\keilC\Keil\STM32F1xx_DFP\2.4.1\Device\Include
  D:\keilC\Keil\STM32F1xx_DFP\2.4.1\Device\StdPeriph_Driver\inc

<h2>Collection of Component Files used:</h2>

   * Component: ARM::CMSIS:CORE:5.6.0

   * Component: Keil::Device:Startup:1.0.0
      Source file:   Device\Source\ARM\STM32F1xx_OPT.s
      Source file:   Device\Source\system_stm32f10x.c
      Include file:  RTE_Driver\Config\RTE_Device.h
      Source file:   Device\Source\ARM\startup_stm32f10x_md.s

   * Component: Keil::Device:StdPeriph Drivers:Framework:3.6.0
      Source file:   Device\StdPeriph_Driver\templates\stm32f10x_conf.h
      Include file:  Device\StdPeriph_Driver\templates\stm32f10x_it.h
      Include file:  Device\StdPeriph_Driver\inc\misc.h
      Source file:   Device\StdPeriph_Driver\templates\stm32f10x_it.c
      Source file:   Device\StdPeriph_Driver\src\misc.c
Build Time Elapsed:  00:00:01
</pre>
</body>
</html>
