Component: ARM Compiler 6.15 Tool: armlink [5dd79300]

==============================================================================

Section Cross References

    main.o(.text.main) refers to config.o(.text.config) for config
    main.o(.text.main) refers to function.o(.text.test_xilanh) for test_xilanh
    main.o(.ARM.exidx.text.main) refers to main.o(.text.main) for [Anonymous Symbol]
    gpio.o(.ARM.exidx.text.configGPIOA) refers to gpio.o(.text.configGPIOA) for [Anonymous Symbol]
    gpio.o(.ARM.exidx.text.configGPIOB) refers to gpio.o(.text.configGPIOB) for [Anonymous Symbol]
    gpio.o(.ARM.exidx.text.configGPIOC) refers to gpio.o(.text.configGPIOC) for [Anonymous Symbol]
    gpio.o(.ARM.exidx.text.configAFIO) refers to gpio.o(.text.configAFIO) for [Anonymous Symbol]
    timer.o(.ARM.exidx.text.configTIM1) refers to timer.o(.text.configTIM1) for [Anonymous Symbol]
    timer.o(.ARM.exidx.text.configTIM3) refers to timer.o(.text.configTIM3) for [Anonymous Symbol]
    timer.o(.ARM.exidx.text.configTIM4) refers to timer.o(.text.configTIM4) for [Anonymous Symbol]
    timer.o(.ARM.exidx.text.delayUs) refers to timer.o(.text.delayUs) for [Anonymous Symbol]
    servo.o(.ARM.exidx.text.servo1) refers to servo.o(.text.servo1) for [Anonymous Symbol]
    servo.o(.ARM.exidx.text.servo2) refers to servo.o(.text.servo2) for [Anonymous Symbol]
    servo.o(.ARM.exidx.text.dc1) refers to servo.o(.text.dc1) for [Anonymous Symbol]
    servo.o(.ARM.exidx.text.khoaDC) refers to servo.o(.text.khoaDC) for [Anonymous Symbol]
    exti.o(.ARM.exidx.text.configEXTI) refers to exti.o(.text.configEXTI) for [Anonymous Symbol]
    interrupt.o(.text.EXTI15_10_IRQHandler) refers to function.o(.text.khoa_dc_tay) for khoa_dc_tay
    interrupt.o(.text.EXTI15_10_IRQHandler) refers to main.o(.bss.start) for start
    interrupt.o(.text.EXTI15_10_IRQHandler) refers to main.o(.bss.vi_tri_nang_ha) for vi_tri_nang_ha
    interrupt.o(.text.EXTI15_10_IRQHandler) refers to main.o(.bss.tem) for tem
    interrupt.o(.text.EXTI15_10_IRQHandler) refers to function.o(.text.kep) for kep
    interrupt.o(.text.EXTI15_10_IRQHandler) refers to timer.o(.text.delayUs) for delayUs
    interrupt.o(.text.EXTI15_10_IRQHandler) refers to main.o(.bss.stop_nang_ha) for stop_nang_ha
    interrupt.o(.text.EXTI15_10_IRQHandler) refers to function.o(.text.nang_canh_tay) for nang_canh_tay
    interrupt.o(.text.EXTI15_10_IRQHandler) refers to main.o(.bss.trang_thai) for trang_thai
    interrupt.o(.ARM.exidx.text.EXTI15_10_IRQHandler) refers to interrupt.o(.text.EXTI15_10_IRQHandler) for [Anonymous Symbol]
    interrupt.o(.text.EXTI4_IRQHandler) refers to main.o(.bss.check) for check
    interrupt.o(.text.EXTI4_IRQHandler) refers to function.o(.text.khoa_dc_tay) for khoa_dc_tay
    interrupt.o(.text.EXTI4_IRQHandler) refers to timer.o(.text.delayUs) for delayUs
    interrupt.o(.text.EXTI4_IRQHandler) refers to main.o(.bss.tem) for tem
    interrupt.o(.text.EXTI4_IRQHandler) refers to function.o(.text.control_xilanh) for control_xilanh
    interrupt.o(.text.EXTI4_IRQHandler) refers to function.o(.text.xoay_trai) for xoay_trai
    interrupt.o(.text.EXTI4_IRQHandler) refers to function.o(.text.xoay_phai) for xoay_phai
    interrupt.o(.text.EXTI4_IRQHandler) refers to main.o(.bss.start) for start
    interrupt.o(.text.EXTI4_IRQHandler) refers to function.o(.text.ha_canh_tay) for ha_canh_tay
    interrupt.o(.text.EXTI4_IRQHandler) refers to main.o(.bss.trang_thai) for trang_thai
    interrupt.o(.ARM.exidx.text.EXTI4_IRQHandler) refers to interrupt.o(.text.EXTI4_IRQHandler) for [Anonymous Symbol]
    interrupt.o(.text.EXTI9_5_IRQHandler) refers to main.o(.bss.check) for check
    interrupt.o(.text.EXTI9_5_IRQHandler) refers to function.o(.text.khoa_dc_tay) for khoa_dc_tay
    interrupt.o(.text.EXTI9_5_IRQHandler) refers to timer.o(.text.delayUs) for delayUs
    interrupt.o(.text.EXTI9_5_IRQHandler) refers to main.o(.bss.tem) for tem
    interrupt.o(.text.EXTI9_5_IRQHandler) refers to function.o(.text.control_xilanh) for control_xilanh
    interrupt.o(.text.EXTI9_5_IRQHandler) refers to function.o(.text.xoay_trai) for xoay_trai
    interrupt.o(.text.EXTI9_5_IRQHandler) refers to function.o(.text.xoay_phai) for xoay_phai
    interrupt.o(.text.EXTI9_5_IRQHandler) refers to main.o(.bss.start) for start
    interrupt.o(.text.EXTI9_5_IRQHandler) refers to function.o(.text.ha_canh_tay) for ha_canh_tay
    interrupt.o(.text.EXTI9_5_IRQHandler) refers to main.o(.bss.trang_thai) for trang_thai
    interrupt.o(.ARM.exidx.text.EXTI9_5_IRQHandler) refers to interrupt.o(.text.EXTI9_5_IRQHandler) for [Anonymous Symbol]
    interrupt.o(.text.EXTI3_IRQHandler) refers to main.o(.bss.start) for start
    interrupt.o(.text.EXTI3_IRQHandler) refers to main.o(.bss.trang_thai) for trang_thai
    interrupt.o(.text.EXTI3_IRQHandler) refers to main.o(.bss.vi_tri_nang_ha) for vi_tri_nang_ha
    interrupt.o(.text.EXTI3_IRQHandler) refers to main.o(.bss.stop_nang_ha) for stop_nang_ha
    interrupt.o(.text.EXTI3_IRQHandler) refers to function.o(.text.khoa_dc_tay) for khoa_dc_tay
    interrupt.o(.text.EXTI3_IRQHandler) refers to timer.o(.text.delayUs) for delayUs
    interrupt.o(.ARM.exidx.text.EXTI3_IRQHandler) refers to interrupt.o(.text.EXTI3_IRQHandler) for [Anonymous Symbol]
    interrupt.o(.text.USART1_IRQHandler) refers to main.o(.bss.tay_ps) for tay_ps
    interrupt.o(.text.USART1_IRQHandler) refers to main.o(.bss.stop_nang_ha) for stop_nang_ha
    interrupt.o(.text.USART1_IRQHandler) refers to main.o(.bss.trang_thai) for trang_thai
    interrupt.o(.text.USART1_IRQHandler) refers to main.o(.bss.tem) for tem
    interrupt.o(.text.USART1_IRQHandler) refers to function.o(.text.kep) for kep
    interrupt.o(.text.USART1_IRQHandler) refers to timer.o(.text.delayUs) for delayUs
    interrupt.o(.text.USART1_IRQHandler) refers to function.o(.text.nang_canh_tay) for nang_canh_tay
    interrupt.o(.text.USART1_IRQHandler) refers to function.o(.text.xoay_trai) for xoay_trai
    interrupt.o(.text.USART1_IRQHandler) refers to function.o(.text.xoay_phai) for xoay_phai
    interrupt.o(.text.USART1_IRQHandler) refers to main.o(.bss.start) for start
    interrupt.o(.text.USART1_IRQHandler) refers to function.o(.text.ha_canh_tay) for ha_canh_tay
    interrupt.o(.ARM.exidx.text.USART1_IRQHandler) refers to interrupt.o(.text.USART1_IRQHandler) for [Anonymous Symbol]
    nvic.o(.text.configNVIC) refers to nvic.o(.text.__NVIC_SetPriorityGrouping) for __NVIC_SetPriorityGrouping
    nvic.o(.text.configNVIC) refers to nvic.o(.text.__NVIC_SetPriority) for __NVIC_SetPriority
    nvic.o(.text.configNVIC) refers to nvic.o(.text.__NVIC_EnableIRQ) for __NVIC_EnableIRQ
    nvic.o(.ARM.exidx.text.configNVIC) refers to nvic.o(.text.configNVIC) for [Anonymous Symbol]
    nvic.o(.ARM.exidx.text.__NVIC_SetPriorityGrouping) refers to nvic.o(.text.__NVIC_SetPriorityGrouping) for [Anonymous Symbol]
    nvic.o(.ARM.exidx.text.__NVIC_SetPriority) refers to nvic.o(.text.__NVIC_SetPriority) for [Anonymous Symbol]
    nvic.o(.ARM.exidx.text.__NVIC_EnableIRQ) refers to nvic.o(.text.__NVIC_EnableIRQ) for [Anonymous Symbol]
    config.o(.text.config) refers to gpio.o(.text.configGPIOA) for configGPIOA
    config.o(.text.config) refers to gpio.o(.text.configGPIOB) for configGPIOB
    config.o(.text.config) refers to gpio.o(.text.configGPIOC) for configGPIOC
    config.o(.text.config) refers to gpio.o(.text.configAFIO) for configAFIO
    config.o(.text.config) refers to exti.o(.text.configEXTI) for configEXTI
    config.o(.text.config) refers to nvic.o(.text.configNVIC) for configNVIC
    config.o(.text.config) refers to timer.o(.text.configTIM4) for configTIM4
    config.o(.text.config) refers to dma.o(.text.configDMA1) for configDMA1
    config.o(.text.config) refers to uart.o(.text.configUART1) for configUART1
    config.o(.text.config) refers to uart.o(.text.configUART2) for configUART2
    config.o(.text.config) refers to uart.o(.text.configUART3) for configUART3
    config.o(.ARM.exidx.text.config) refers to config.o(.text.config) for [Anonymous Symbol]
    i2c.o(.ARM.exidx.text.configI2c) refers to i2c.o(.text.configI2c) for [Anonymous Symbol]
    i2c.o(.ARM.exidx.text.startI2c) refers to i2c.o(.text.startI2c) for [Anonymous Symbol]
    i2c.o(.ARM.exidx.text.writeI2c) refers to i2c.o(.text.writeI2c) for [Anonymous Symbol]
    i2c.o(.ARM.exidx.text.addressI2c) refers to i2c.o(.text.addressI2c) for [Anonymous Symbol]
    i2c.o(.ARM.exidx.text.stopI2c) refers to i2c.o(.text.stopI2c) for [Anonymous Symbol]
    i2c.o(.ARM.exidx.text.writeMutiI2c) refers to i2c.o(.text.writeMutiI2c) for [Anonymous Symbol]
    i2c.o(.ARM.exidx.text.readI2c) refers to i2c.o(.text.readI2c) for [Anonymous Symbol]
    uart.o(.ARM.exidx.text.configUART1) refers to uart.o(.text.configUART1) for [Anonymous Symbol]
    uart.o(.ARM.exidx.text.configUART2) refers to uart.o(.text.configUART2) for [Anonymous Symbol]
    uart.o(.ARM.exidx.text.configUART3) refers to uart.o(.text.configUART3) for [Anonymous Symbol]
    dma.o(.ARM.exidx.text.configDMA1) refers to dma.o(.text.configDMA1) for [Anonymous Symbol]
    dma.o(.ARM.exidx.text.initDMA1Channel5) refers to dma.o(.text.initDMA1Channel5) for [Anonymous Symbol]
    dma.o(.ARM.exidx.text.initDMA1Channel6) refers to dma.o(.text.initDMA1Channel6) for [Anonymous Symbol]
    dma.o(.ARM.exidx.text.initDMA1Channel3) refers to dma.o(.text.initDMA1Channel3) for [Anonymous Symbol]
    dma.o(.ARM.exidx.text.initDMA1Channel4) refers to dma.o(.text.initDMA1Channel4) for [Anonymous Symbol]
    dma.o(.ARM.exidx.text.initDMA1Channel7) refers to dma.o(.text.initDMA1Channel7) for [Anonymous Symbol]
    dma.o(.ARM.exidx.text.initDMA1Channel2) refers to dma.o(.text.initDMA1Channel2) for [Anonymous Symbol]
    dma.o(.ARM.exidx.text.enItDma) refers to dma.o(.text.enItDma) for [Anonymous Symbol]
    dma.o(.ARM.exidx.text.disEnItDma) refers to dma.o(.text.disEnItDma) for [Anonymous Symbol]
    function.o(.ARM.exidx.text.control_xilanh) refers to function.o(.text.control_xilanh) for [Anonymous Symbol]
    function.o(.text.nang_canh_tay) refers to main.o(.data.canh_tay) for canh_tay
    function.o(.ARM.exidx.text.nang_canh_tay) refers to function.o(.text.nang_canh_tay) for [Anonymous Symbol]
    function.o(.text.ha_canh_tay) refers to main.o(.data.canh_tay) for canh_tay
    function.o(.ARM.exidx.text.ha_canh_tay) refers to function.o(.text.ha_canh_tay) for [Anonymous Symbol]
    function.o(.text.xoay_phai) refers to main.o(.data.canh_tay) for canh_tay
    function.o(.ARM.exidx.text.xoay_phai) refers to function.o(.text.xoay_phai) for [Anonymous Symbol]
    function.o(.text.xoay_trai) refers to main.o(.data.canh_tay) for canh_tay
    function.o(.ARM.exidx.text.xoay_trai) refers to function.o(.text.xoay_trai) for [Anonymous Symbol]
    function.o(.text.khoa_dc_tay) refers to main.o(.data.canh_tay) for canh_tay
    function.o(.ARM.exidx.text.khoa_dc_tay) refers to function.o(.text.khoa_dc_tay) for [Anonymous Symbol]
    function.o(.text.kep) refers to function.o(.text.control_xilanh) for control_xilanh
    function.o(.ARM.exidx.text.kep) refers to function.o(.text.kep) for [Anonymous Symbol]
    function.o(.text.nha) refers to function.o(.text.control_xilanh) for control_xilanh
    function.o(.ARM.exidx.text.nha) refers to function.o(.text.nha) for [Anonymous Symbol]
    function.o(.text.test_xilanh) refers to function.o(.text.control_xilanh) for control_xilanh
    function.o(.text.test_xilanh) refers to timer.o(.text.delayUs) for delayUs
    function.o(.ARM.exidx.text.test_xilanh) refers to function.o(.text.test_xilanh) for [Anonymous Symbol]
    misc.o(.ARM.exidx.text.NVIC_PriorityGroupConfig) refers to misc.o(.text.NVIC_PriorityGroupConfig) for [Anonymous Symbol]
    misc.o(.ARM.exidx.text.NVIC_Init) refers to misc.o(.text.NVIC_Init) for [Anonymous Symbol]
    misc.o(.ARM.exidx.text.NVIC_SetVectorTable) refers to misc.o(.text.NVIC_SetVectorTable) for [Anonymous Symbol]
    misc.o(.ARM.exidx.text.NVIC_SystemLPConfig) refers to misc.o(.text.NVIC_SystemLPConfig) for [Anonymous Symbol]
    misc.o(.ARM.exidx.text.SysTick_CLKSourceConfig) refers to misc.o(.text.SysTick_CLKSourceConfig) for [Anonymous Symbol]
    startup_stm32f10x_md.o(STACK) refers (Special) to heapauxi.o(.text) for __use_two_region_memory
    startup_stm32f10x_md.o(HEAP) refers (Special) to heapauxi.o(.text) for __use_two_region_memory
    startup_stm32f10x_md.o(RESET) refers (Special) to heapauxi.o(.text) for __use_two_region_memory
    startup_stm32f10x_md.o(RESET) refers to startup_stm32f10x_md.o(STACK) for __initial_sp
    startup_stm32f10x_md.o(RESET) refers to startup_stm32f10x_md.o(.text) for Reset_Handler
    startup_stm32f10x_md.o(RESET) refers to interrupt.o(.text.EXTI3_IRQHandler) for EXTI3_IRQHandler
    startup_stm32f10x_md.o(RESET) refers to interrupt.o(.text.EXTI4_IRQHandler) for EXTI4_IRQHandler
    startup_stm32f10x_md.o(RESET) refers to interrupt.o(.text.EXTI9_5_IRQHandler) for EXTI9_5_IRQHandler
    startup_stm32f10x_md.o(RESET) refers to interrupt.o(.text.USART1_IRQHandler) for USART1_IRQHandler
    startup_stm32f10x_md.o(RESET) refers to interrupt.o(.text.EXTI15_10_IRQHandler) for EXTI15_10_IRQHandler
    startup_stm32f10x_md.o(.text) refers (Special) to heapauxi.o(.text) for __use_two_region_memory
    startup_stm32f10x_md.o(.text) refers to system_stm32f10x.o(.text.SystemInit) for SystemInit
    startup_stm32f10x_md.o(.text) refers to __main.o(!!!main) for __main
    startup_stm32f10x_md.o(.text) refers to startup_stm32f10x_md.o(HEAP) for Heap_Mem
    startup_stm32f10x_md.o(.text) refers to startup_stm32f10x_md.o(STACK) for Stack_Mem
    system_stm32f10x.o(.text.SystemInit) refers to system_stm32f10x.o(.text.SetSysClock) for SetSysClock
    system_stm32f10x.o(.ARM.exidx.text.SystemInit) refers to system_stm32f10x.o(.text.SystemInit) for [Anonymous Symbol]
    system_stm32f10x.o(.text.SetSysClock) refers to system_stm32f10x.o(.text.SetSysClockTo72) for SetSysClockTo72
    system_stm32f10x.o(.ARM.exidx.text.SetSysClock) refers to system_stm32f10x.o(.text.SetSysClock) for [Anonymous Symbol]
    system_stm32f10x.o(.text.SystemCoreClockUpdate) refers to system_stm32f10x.o(.data.SystemCoreClock) for SystemCoreClock
    system_stm32f10x.o(.text.SystemCoreClockUpdate) refers to system_stm32f10x.o(.rodata.AHBPrescTable) for AHBPrescTable
    system_stm32f10x.o(.ARM.exidx.text.SystemCoreClockUpdate) refers to system_stm32f10x.o(.text.SystemCoreClockUpdate) for [Anonymous Symbol]
    system_stm32f10x.o(.ARM.exidx.text.SetSysClockTo72) refers to system_stm32f10x.o(.text.SetSysClockTo72) for [Anonymous Symbol]
    __main.o(!!!main) refers to __rtentry.o(.ARM.Collect$$rtentry$$00000000) for __rt_entry
    __rtentry.o(.ARM.Collect$$rtentry$$00000000) refers (Special) to __rtentry2.o(.ARM.Collect$$rtentry$$0000000A) for __rt_entry_li
    __rtentry.o(.ARM.Collect$$rtentry$$00000000) refers (Special) to __rtentry2.o(.ARM.Collect$$rtentry$$0000000D) for __rt_entry_main
    __rtentry.o(.ARM.Collect$$rtentry$$00000000) refers (Special) to __rtentry2.o(.ARM.Collect$$rtentry$$0000000C) for __rt_entry_postli_1
    __rtentry.o(.ARM.Collect$$rtentry$$00000000) refers (Special) to __rtentry2.o(.ARM.Collect$$rtentry$$00000009) for __rt_entry_postsh_1
    __rtentry.o(.ARM.Collect$$rtentry$$00000000) refers (Special) to __rtentry2.o(.ARM.Collect$$rtentry$$00000002) for __rt_entry_presh_1
    __rtentry.o(.ARM.Collect$$rtentry$$00000000) refers (Special) to __rtentry4.o(.ARM.Collect$$rtentry$$00000004) for __rt_entry_sh
    __rtentry2.o(.ARM.Collect$$rtentry$$00000008) refers to boardinit2.o(.text) for _platform_post_stackheap_init
    __rtentry2.o(.ARM.Collect$$rtentry$$0000000A) refers to libinit.o(.ARM.Collect$$libinit$$00000000) for __rt_lib_init
    __rtentry2.o(.ARM.Collect$$rtentry$$0000000B) refers to boardinit3.o(.text) for _platform_post_lib_init
    __rtentry2.o(.ARM.Collect$$rtentry$$0000000D) refers to main.o(.text.main) for main
    __rtentry2.o(.ARM.Collect$$rtentry$$0000000D) refers to exit.o(.text) for exit
    __rtentry2.o(.ARM.exidx) refers to __rtentry2.o(.ARM.Collect$$rtentry$$00000001) for .ARM.Collect$$rtentry$$00000001
    __rtentry2.o(.ARM.exidx) refers to __rtentry2.o(.ARM.Collect$$rtentry$$00000008) for .ARM.Collect$$rtentry$$00000008
    __rtentry2.o(.ARM.exidx) refers to __rtentry2.o(.ARM.Collect$$rtentry$$0000000A) for .ARM.Collect$$rtentry$$0000000A
    __rtentry2.o(.ARM.exidx) refers to __rtentry2.o(.ARM.Collect$$rtentry$$0000000B) for .ARM.Collect$$rtentry$$0000000B
    __rtentry2.o(.ARM.exidx) refers to __rtentry2.o(.ARM.Collect$$rtentry$$0000000D) for .ARM.Collect$$rtentry$$0000000D
    __rtentry4.o(.ARM.Collect$$rtentry$$00000004) refers to sys_stackheap_outer.o(.text) for __user_setup_stackheap
    __rtentry4.o(.ARM.exidx) refers to __rtentry4.o(.ARM.Collect$$rtentry$$00000004) for .ARM.Collect$$rtentry$$00000004
    sys_stackheap_outer.o(.text) refers to libspace.o(.text) for __user_perproc_libspace
    sys_stackheap_outer.o(.text) refers to startup_stm32f10x_md.o(.text) for __user_initial_stackheap
    exit.o(.text) refers to rtexit.o(.ARM.Collect$$rtexit$$00000000) for __rt_exit
    libinit.o(.ARM.Collect$$libinit$$00000000) refers (Special) to libinit2.o(.ARM.Collect$$libinit$$0000002E) for __rt_lib_init_alloca_1
    libinit.o(.ARM.Collect$$libinit$$00000000) refers (Special) to libinit2.o(.ARM.Collect$$libinit$$0000002C) for __rt_lib_init_argv_1
    libinit.o(.ARM.Collect$$libinit$$00000000) refers (Special) to libinit2.o(.ARM.Collect$$libinit$$0000001B) for __rt_lib_init_atexit_1
    libinit.o(.ARM.Collect$$libinit$$00000000) refers (Special) to libinit2.o(.ARM.Collect$$libinit$$00000021) for __rt_lib_init_clock_1
    libinit.o(.ARM.Collect$$libinit$$00000000) refers (Special) to libinit2.o(.ARM.Collect$$libinit$$00000032) for __rt_lib_init_cpp_1
    libinit.o(.ARM.Collect$$libinit$$00000000) refers (Special) to libinit2.o(.ARM.Collect$$libinit$$00000030) for __rt_lib_init_exceptions_1
    libinit.o(.ARM.Collect$$libinit$$00000000) refers (Special) to libinit2.o(.ARM.Collect$$libinit$$00000002) for __rt_lib_init_fp_1
    libinit.o(.ARM.Collect$$libinit$$00000000) refers (Special) to libinit2.o(.ARM.Collect$$libinit$$0000001F) for __rt_lib_init_fp_trap_1
    libinit.o(.ARM.Collect$$libinit$$00000000) refers (Special) to libinit2.o(.ARM.Collect$$libinit$$00000023) for __rt_lib_init_getenv_1
    libinit.o(.ARM.Collect$$libinit$$00000000) refers (Special) to libinit2.o(.ARM.Collect$$libinit$$0000000A) for __rt_lib_init_heap_1
    libinit.o(.ARM.Collect$$libinit$$00000000) refers (Special) to libinit2.o(.ARM.Collect$$libinit$$00000011) for __rt_lib_init_lc_collate_1
    libinit.o(.ARM.Collect$$libinit$$00000000) refers (Special) to libinit2.o(.ARM.Collect$$libinit$$00000013) for __rt_lib_init_lc_ctype_1
    libinit.o(.ARM.Collect$$libinit$$00000000) refers (Special) to libinit2.o(.ARM.Collect$$libinit$$00000015) for __rt_lib_init_lc_monetary_1
    libinit.o(.ARM.Collect$$libinit$$00000000) refers (Special) to libinit2.o(.ARM.Collect$$libinit$$00000017) for __rt_lib_init_lc_numeric_1
    libinit.o(.ARM.Collect$$libinit$$00000000) refers (Special) to libinit2.o(.ARM.Collect$$libinit$$00000019) for __rt_lib_init_lc_time_1
    libinit.o(.ARM.Collect$$libinit$$00000000) refers (Special) to libinit2.o(.ARM.Collect$$libinit$$00000004) for __rt_lib_init_preinit_1
    libinit.o(.ARM.Collect$$libinit$$00000000) refers (Special) to libinit2.o(.ARM.Collect$$libinit$$0000000E) for __rt_lib_init_rand_1
    libinit.o(.ARM.Collect$$libinit$$00000000) refers (Special) to libinit2.o(.ARM.Collect$$libinit$$00000033) for __rt_lib_init_return
    libinit.o(.ARM.Collect$$libinit$$00000000) refers (Special) to libinit2.o(.ARM.Collect$$libinit$$0000001D) for __rt_lib_init_signal_1
    libinit.o(.ARM.Collect$$libinit$$00000000) refers (Special) to libinit2.o(.ARM.Collect$$libinit$$00000025) for __rt_lib_init_stdio_1
    libinit.o(.ARM.Collect$$libinit$$00000000) refers (Special) to libinit2.o(.ARM.Collect$$libinit$$0000000C) for __rt_lib_init_user_alloc_1
    libspace.o(.text) refers to libspace.o(.bss) for __libspace_start
    rtexit.o(.ARM.Collect$$rtexit$$00000000) refers (Special) to rtexit2.o(.ARM.Collect$$rtexit$$00000004) for __rt_exit_exit
    rtexit.o(.ARM.Collect$$rtexit$$00000000) refers (Special) to rtexit2.o(.ARM.Collect$$rtexit$$00000003) for __rt_exit_ls
    rtexit.o(.ARM.Collect$$rtexit$$00000000) refers (Special) to rtexit2.o(.ARM.Collect$$rtexit$$00000002) for __rt_exit_prels_1
    rtexit.o(.ARM.exidx) refers (Special) to rtexit2.o(.ARM.Collect$$rtexit$$00000004) for __rt_exit_exit
    rtexit.o(.ARM.exidx) refers (Special) to rtexit2.o(.ARM.Collect$$rtexit$$00000003) for __rt_exit_ls
    rtexit.o(.ARM.exidx) refers (Special) to rtexit2.o(.ARM.Collect$$rtexit$$00000002) for __rt_exit_prels_1
    rtexit.o(.ARM.exidx) refers to rtexit.o(.ARM.Collect$$rtexit$$00000000) for .ARM.Collect$$rtexit$$00000000
    libinit2.o(.ARM.Collect$$libinit$$00000010) refers to libinit2.o(.ARM.Collect$$libinit$$0000000F) for .ARM.Collect$$libinit$$0000000F
    libinit2.o(.ARM.Collect$$libinit$$00000012) refers to libinit2.o(.ARM.Collect$$libinit$$0000000F) for .ARM.Collect$$libinit$$0000000F
    libinit2.o(.ARM.Collect$$libinit$$00000014) refers to libinit2.o(.ARM.Collect$$libinit$$0000000F) for .ARM.Collect$$libinit$$0000000F
    libinit2.o(.ARM.Collect$$libinit$$00000016) refers to libinit2.o(.ARM.Collect$$libinit$$0000000F) for .ARM.Collect$$libinit$$0000000F
    libinit2.o(.ARM.Collect$$libinit$$00000018) refers to libinit2.o(.ARM.Collect$$libinit$$0000000F) for .ARM.Collect$$libinit$$0000000F
    libinit2.o(.ARM.Collect$$libinit$$00000026) refers to argv_veneer.o(.emb_text) for __ARM_argv_veneer
    libinit2.o(.ARM.Collect$$libinit$$00000027) refers to argv_veneer.o(.emb_text) for __ARM_argv_veneer
    rtexit2.o(.ARM.Collect$$rtexit$$00000003) refers to libshutdown.o(.ARM.Collect$$libshutdown$$00000000) for __rt_lib_shutdown
    rtexit2.o(.ARM.Collect$$rtexit$$00000004) refers to sys_exit.o(.text) for _sys_exit
    rtexit2.o(.ARM.exidx) refers to rtexit2.o(.ARM.Collect$$rtexit$$00000001) for .ARM.Collect$$rtexit$$00000001
    rtexit2.o(.ARM.exidx) refers to rtexit2.o(.ARM.Collect$$rtexit$$00000003) for .ARM.Collect$$rtexit$$00000003
    rtexit2.o(.ARM.exidx) refers to rtexit2.o(.ARM.Collect$$rtexit$$00000004) for .ARM.Collect$$rtexit$$00000004
    argv_veneer.o(.emb_text) refers to no_argv.o(.text) for __ARM_get_argv
    sys_exit.o(.text) refers (Special) to use_no_semi.o(.text) for __I$use$semihosting
    sys_exit.o(.text) refers (Special) to indicate_semi.o(.text) for __semihosting_library_function
    sys_exit_hlt.o(.text) refers (Special) to use_no_semi.o(.text) for __I$use$semihosting
    sys_exit_hlt.o(.text) refers (Special) to indicate_semi.o(.text) for __semihosting_library_function
    _get_argv_nomalloc.o(.text) refers (Special) to hrguard.o(.text) for __heap_region$guard
    _get_argv_nomalloc.o(.text) refers to defsig_rtmem_outer.o(.text) for __rt_SIGRTMEM
    _get_argv_nomalloc.o(.text) refers to sys_command.o(.text) for _sys_command_string
    libshutdown.o(.ARM.Collect$$libshutdown$$00000000) refers (Special) to libshutdown2.o(.ARM.Collect$$libshutdown$$00000002) for __rt_lib_shutdown_cpp_1
    libshutdown.o(.ARM.Collect$$libshutdown$$00000000) refers (Special) to libshutdown2.o(.ARM.Collect$$libshutdown$$00000007) for __rt_lib_shutdown_fp_trap_1
    libshutdown.o(.ARM.Collect$$libshutdown$$00000000) refers (Special) to libshutdown2.o(.ARM.Collect$$libshutdown$$0000000F) for __rt_lib_shutdown_heap_1
    libshutdown.o(.ARM.Collect$$libshutdown$$00000000) refers (Special) to libshutdown2.o(.ARM.Collect$$libshutdown$$00000010) for __rt_lib_shutdown_return
    libshutdown.o(.ARM.Collect$$libshutdown$$00000000) refers (Special) to libshutdown2.o(.ARM.Collect$$libshutdown$$0000000A) for __rt_lib_shutdown_signal_1
    libshutdown.o(.ARM.Collect$$libshutdown$$00000000) refers (Special) to libshutdown2.o(.ARM.Collect$$libshutdown$$00000004) for __rt_lib_shutdown_stdio_1
    libshutdown.o(.ARM.Collect$$libshutdown$$00000000) refers (Special) to libshutdown2.o(.ARM.Collect$$libshutdown$$0000000C) for __rt_lib_shutdown_user_alloc_1
    sys_command.o(.text) refers (Special) to use_no_semi.o(.text) for __I$use$semihosting
    sys_command.o(.text) refers (Special) to indicate_semi.o(.text) for __semihosting_library_function
    sys_command_hlt.o(.text) refers (Special) to use_no_semi.o(.text) for __I$use$semihosting
    sys_command_hlt.o(.text) refers (Special) to indicate_semi.o(.text) for __semihosting_library_function
    defsig_rtmem_outer.o(.text) refers to defsig_rtmem_inner.o(.text) for __rt_SIGRTMEM_inner
    defsig_rtmem_outer.o(.text) refers to defsig_exit.o(.text) for __sig_exit
    defsig_rtmem_formal.o(.text) refers to rt_raise.o(.text) for __rt_raise
    rt_raise.o(.text) refers to __raise.o(.text) for __raise
    rt_raise.o(.text) refers to sys_exit.o(.text) for _sys_exit
    defsig_exit.o(.text) refers to sys_exit.o(.text) for _sys_exit
    defsig_rtmem_inner.o(.text) refers to defsig_general.o(.text) for __default_signal_display
    __raise.o(.text) refers to defsig.o(CL$$defsig) for __default_signal_handler
    defsig_general.o(.text) refers to sys_wrch.o(.text) for _ttywrch
    sys_wrch.o(.text) refers (Special) to use_no_semi.o(.text) for __I$use$semihosting
    sys_wrch.o(.text) refers (Special) to indicate_semi.o(.text) for __semihosting_library_function
    sys_wrch_hlt.o(.text) refers (Special) to use_no_semi.o(.text) for __I$use$semihosting
    sys_wrch_hlt.o(.text) refers (Special) to indicate_semi.o(.text) for __semihosting_library_function
    defsig.o(CL$$defsig) refers to defsig_rtmem_inner.o(.text) for __rt_SIGRTMEM_inner
    defsig_abrt_inner.o(.text) refers to defsig_general.o(.text) for __default_signal_display
    defsig_fpe_inner.o(.text) refers to defsig_general.o(.text) for __default_signal_display
    defsig_rtred_inner.o(.text) refers to defsig_general.o(.text) for __default_signal_display
    defsig_stak_inner.o(.text) refers to defsig_general.o(.text) for __default_signal_display
    defsig_pvfn_inner.o(.text) refers to defsig_general.o(.text) for __default_signal_display
    defsig_cppl_inner.o(.text) refers to defsig_general.o(.text) for __default_signal_display
    defsig_segv_inner.o(.text) refers to defsig_general.o(.text) for __default_signal_display
    defsig_other.o(.text) refers to defsig_general.o(.text) for __default_signal_display


==============================================================================

Removing Unused input sections from the image.

    Removing main.o(.text), (0 bytes).
    Removing main.o(.ARM.exidx.text.main), (8 bytes).
    Removing main.o(.ARM.use_no_argv), (4 bytes).
    Removing gpio.o(.text), (0 bytes).
    Removing gpio.o(.ARM.exidx.text.configGPIOA), (8 bytes).
    Removing gpio.o(.ARM.exidx.text.configGPIOB), (8 bytes).
    Removing gpio.o(.ARM.exidx.text.configGPIOC), (8 bytes).
    Removing gpio.o(.ARM.exidx.text.configAFIO), (8 bytes).
    Removing timer.o(.text), (0 bytes).
    Removing timer.o(.text.configTIM1), (156 bytes).
    Removing timer.o(.ARM.exidx.text.configTIM1), (8 bytes).
    Removing timer.o(.text.configTIM3), (80 bytes).
    Removing timer.o(.ARM.exidx.text.configTIM3), (8 bytes).
    Removing timer.o(.ARM.exidx.text.configTIM4), (8 bytes).
    Removing timer.o(.ARM.exidx.text.delayUs), (8 bytes).
    Removing servo.o(.text), (0 bytes).
    Removing servo.o(.text.servo1), (30 bytes).
    Removing servo.o(.ARM.exidx.text.servo1), (8 bytes).
    Removing servo.o(.text.servo2), (30 bytes).
    Removing servo.o(.ARM.exidx.text.servo2), (8 bytes).
    Removing servo.o(.text.dc1), (66 bytes).
    Removing servo.o(.ARM.exidx.text.dc1), (8 bytes).
    Removing servo.o(.text.khoaDC), (26 bytes).
    Removing servo.o(.ARM.exidx.text.khoaDC), (8 bytes).
    Removing exti.o(.text), (0 bytes).
    Removing exti.o(.ARM.exidx.text.configEXTI), (8 bytes).
    Removing interrupt.o(.text), (0 bytes).
    Removing interrupt.o(.ARM.exidx.text.EXTI15_10_IRQHandler), (8 bytes).
    Removing interrupt.o(.ARM.exidx.text.EXTI4_IRQHandler), (8 bytes).
    Removing interrupt.o(.ARM.exidx.text.EXTI9_5_IRQHandler), (8 bytes).
    Removing interrupt.o(.ARM.exidx.text.EXTI3_IRQHandler), (8 bytes).
    Removing interrupt.o(.ARM.exidx.text.USART1_IRQHandler), (8 bytes).
    Removing nvic.o(.text), (0 bytes).
    Removing nvic.o(.ARM.exidx.text.configNVIC), (8 bytes).
    Removing nvic.o(.ARM.exidx.text.__NVIC_SetPriorityGrouping), (8 bytes).
    Removing nvic.o(.ARM.exidx.text.__NVIC_SetPriority), (8 bytes).
    Removing nvic.o(.ARM.exidx.text.__NVIC_EnableIRQ), (8 bytes).
    Removing config.o(.text), (0 bytes).
    Removing config.o(.ARM.exidx.text.config), (8 bytes).
    Removing i2c.o(.text), (0 bytes).
    Removing i2c.o(.text.configI2c), (86 bytes).
    Removing i2c.o(.ARM.exidx.text.configI2c), (8 bytes).
    Removing i2c.o(.text.startI2c), (32 bytes).
    Removing i2c.o(.ARM.exidx.text.startI2c), (8 bytes).
    Removing i2c.o(.text.writeI2c), (28 bytes).
    Removing i2c.o(.ARM.exidx.text.writeI2c), (8 bytes).
    Removing i2c.o(.text.addressI2c), (24 bytes).
    Removing i2c.o(.ARM.exidx.text.addressI2c), (8 bytes).
    Removing i2c.o(.text.stopI2c), (18 bytes).
    Removing i2c.o(.ARM.exidx.text.stopI2c), (8 bytes).
    Removing i2c.o(.text.writeMutiI2c), (44 bytes).
    Removing i2c.o(.ARM.exidx.text.writeMutiI2c), (8 bytes).
    Removing i2c.o(.text.readI2c), (162 bytes).
    Removing i2c.o(.ARM.exidx.text.readI2c), (8 bytes).
    Removing uart.o(.text), (0 bytes).
    Removing uart.o(.ARM.exidx.text.configUART1), (8 bytes).
    Removing uart.o(.ARM.exidx.text.configUART2), (8 bytes).
    Removing uart.o(.ARM.exidx.text.configUART3), (8 bytes).
    Removing dma.o(.text), (0 bytes).
    Removing dma.o(.ARM.exidx.text.configDMA1), (8 bytes).
    Removing dma.o(.text.initDMA1Channel5), (22 bytes).
    Removing dma.o(.ARM.exidx.text.initDMA1Channel5), (8 bytes).
    Removing dma.o(.text.initDMA1Channel6), (22 bytes).
    Removing dma.o(.ARM.exidx.text.initDMA1Channel6), (8 bytes).
    Removing dma.o(.text.initDMA1Channel3), (22 bytes).
    Removing dma.o(.ARM.exidx.text.initDMA1Channel3), (8 bytes).
    Removing dma.o(.text.initDMA1Channel4), (22 bytes).
    Removing dma.o(.ARM.exidx.text.initDMA1Channel4), (8 bytes).
    Removing dma.o(.text.initDMA1Channel7), (22 bytes).
    Removing dma.o(.ARM.exidx.text.initDMA1Channel7), (8 bytes).
    Removing dma.o(.text.initDMA1Channel2), (22 bytes).
    Removing dma.o(.ARM.exidx.text.initDMA1Channel2), (8 bytes).
    Removing dma.o(.text.enItDma), (138 bytes).
    Removing dma.o(.ARM.exidx.text.enItDma), (8 bytes).
    Removing dma.o(.text.disEnItDma), (138 bytes).
    Removing dma.o(.ARM.exidx.text.disEnItDma), (8 bytes).
    Removing function.o(.text), (0 bytes).
    Removing function.o(.ARM.exidx.text.control_xilanh), (8 bytes).
    Removing function.o(.ARM.exidx.text.nang_canh_tay), (8 bytes).
    Removing function.o(.ARM.exidx.text.ha_canh_tay), (8 bytes).
    Removing function.o(.ARM.exidx.text.xoay_phai), (8 bytes).
    Removing function.o(.ARM.exidx.text.xoay_trai), (8 bytes).
    Removing function.o(.ARM.exidx.text.khoa_dc_tay), (8 bytes).
    Removing function.o(.ARM.exidx.text.kep), (8 bytes).
    Removing function.o(.text.nha), (58 bytes).
    Removing function.o(.ARM.exidx.text.nha), (8 bytes).
    Removing function.o(.ARM.exidx.text.test_xilanh), (8 bytes).
    Removing misc.o(.text), (0 bytes).
    Removing misc.o(.text.NVIC_PriorityGroupConfig), (20 bytes).
    Removing misc.o(.ARM.exidx.text.NVIC_PriorityGroupConfig), (8 bytes).
    Removing misc.o(.text.NVIC_Init), (94 bytes).
    Removing misc.o(.ARM.exidx.text.NVIC_Init), (8 bytes).
    Removing misc.o(.text.NVIC_SetVectorTable), (24 bytes).
    Removing misc.o(.ARM.exidx.text.NVIC_SetVectorTable), (8 bytes).
    Removing misc.o(.text.NVIC_SystemLPConfig), (24 bytes).
    Removing misc.o(.ARM.exidx.text.NVIC_SystemLPConfig), (8 bytes).
    Removing misc.o(.text.SysTick_CLKSourceConfig), (24 bytes).
    Removing misc.o(.ARM.exidx.text.SysTick_CLKSourceConfig), (8 bytes).
    Removing system_stm32f10x.o(.text), (0 bytes).
    Removing system_stm32f10x.o(.ARM.exidx.text.SystemInit), (8 bytes).
    Removing system_stm32f10x.o(.ARM.exidx.text.SetSysClock), (8 bytes).
    Removing system_stm32f10x.o(.text.SystemCoreClockUpdate), (110 bytes).
    Removing system_stm32f10x.o(.ARM.exidx.text.SystemCoreClockUpdate), (8 bytes).
    Removing system_stm32f10x.o(.ARM.exidx.text.SetSysClockTo72), (8 bytes).
    Removing system_stm32f10x.o(.data.SystemCoreClock), (4 bytes).
    Removing system_stm32f10x.o(.rodata.AHBPrescTable), (16 bytes).

106 unused section(s) (total 2056 bytes) removed from the image.

==============================================================================

Image Symbol Table

    Local Symbols

    Symbol Name                              Value     Ov Type        Size  Object(Section)

    ../clib/angel/boardlib.s                 0x00000000   Number         0  boardinit1.o ABSOLUTE
    ../clib/angel/boardlib.s                 0x00000000   Number         0  boardinit2.o ABSOLUTE
    ../clib/angel/boardlib.s                 0x00000000   Number         0  boardinit3.o ABSOLUTE
    ../clib/angel/boardlib.s                 0x00000000   Number         0  boardshut.o ABSOLUTE
    ../clib/angel/handlers.s                 0x00000000   Number         0  __scatter_copy.o ABSOLUTE
    ../clib/angel/handlers.s                 0x00000000   Number         0  __scatter_zi.o ABSOLUTE
    ../clib/angel/kernel.s                   0x00000000   Number         0  __rtentry.o ABSOLUTE
    ../clib/angel/kernel.s                   0x00000000   Number         0  __rtentry2.o ABSOLUTE
    ../clib/angel/kernel.s                   0x00000000   Number         0  __rtentry4.o ABSOLUTE
    ../clib/angel/kernel.s                   0x00000000   Number         0  rtexit.o ABSOLUTE
    ../clib/angel/kernel.s                   0x00000000   Number         0  rtexit2.o ABSOLUTE
    ../clib/angel/rt.s                       0x00000000   Number         0  rt_raise.o ABSOLUTE
    ../clib/angel/scatter.s                  0x00000000   Number         0  __scatter.o ABSOLUTE
    ../clib/angel/startup.s                  0x00000000   Number         0  __main.o ABSOLUTE
    ../clib/angel/sys.s                      0x00000000   Number         0  sys_stackheap_outer.o ABSOLUTE
    ../clib/angel/sys.s                      0x00000000   Number         0  libspace.o ABSOLUTE
    ../clib/angel/sys.s                      0x00000000   Number         0  use_no_semi.o ABSOLUTE
    ../clib/angel/sys.s                      0x00000000   Number         0  indicate_semi.o ABSOLUTE
    ../clib/angel/sysapp.c                   0x00000000   Number         0  sys_exit.o ABSOLUTE
    ../clib/angel/sysapp.c                   0x00000000   Number         0  sys_exit_hlt.o ABSOLUTE
    ../clib/angel/sysapp.c                   0x00000000   Number         0  sys_command.o ABSOLUTE
    ../clib/angel/sysapp.c                   0x00000000   Number         0  sys_command_hlt.o ABSOLUTE
    ../clib/angel/sysapp.c                   0x00000000   Number         0  sys_wrch.o ABSOLUTE
    ../clib/angel/sysapp.c                   0x00000000   Number         0  sys_wrch_hlt.o ABSOLUTE
    ../clib/armsys.c                         0x00000000   Number         0  argv_veneer.o ABSOLUTE
    ../clib/armsys.c                         0x00000000   Number         0  argv_veneer.o ABSOLUTE
    ../clib/armsys.c                         0x00000000   Number         0  _get_argv_nomalloc.o ABSOLUTE
    ../clib/armsys.c                         0x00000000   Number         0  no_argv.o ABSOLUTE
    ../clib/heapalloc.c                      0x00000000   Number         0  hrguard.o ABSOLUTE
    ../clib/heapaux.c                        0x00000000   Number         0  heapauxi.o ABSOLUTE
    ../clib/libinit.s                        0x00000000   Number         0  libinit.o ABSOLUTE
    ../clib/libinit.s                        0x00000000   Number         0  libinit2.o ABSOLUTE
    ../clib/libinit.s                        0x00000000   Number         0  libshutdown.o ABSOLUTE
    ../clib/libinit.s                        0x00000000   Number         0  libshutdown2.o ABSOLUTE
    ../clib/signal.c                         0x00000000   Number         0  defsig_rtmem_outer.o ABSOLUTE
    ../clib/signal.c                         0x00000000   Number         0  defsig_rtmem_formal.o ABSOLUTE
    ../clib/signal.c                         0x00000000   Number         0  defsig_exit.o ABSOLUTE
    ../clib/signal.c                         0x00000000   Number         0  defsig_rtmem_inner.o ABSOLUTE
    ../clib/signal.c                         0x00000000   Number         0  __raise.o ABSOLUTE
    ../clib/signal.c                         0x00000000   Number         0  defsig_general.o ABSOLUTE
    ../clib/signal.c                         0x00000000   Number         0  defsig_abrt_inner.o ABSOLUTE
    ../clib/signal.c                         0x00000000   Number         0  defsig_fpe_inner.o ABSOLUTE
    ../clib/signal.c                         0x00000000   Number         0  defsig_rtred_inner.o ABSOLUTE
    ../clib/signal.c                         0x00000000   Number         0  defsig_stak_inner.o ABSOLUTE
    ../clib/signal.c                         0x00000000   Number         0  defsig_pvfn_inner.o ABSOLUTE
    ../clib/signal.c                         0x00000000   Number         0  defsig_cppl_inner.o ABSOLUTE
    ../clib/signal.c                         0x00000000   Number         0  defsig_segv_inner.o ABSOLUTE
    ../clib/signal.c                         0x00000000   Number         0  defsig_other.o ABSOLUTE
    ../clib/signal.s                         0x00000000   Number         0  defsig.o ABSOLUTE
    ../clib/stdlib.c                         0x00000000   Number         0  exit.o ABSOLUTE
    ../fplib/fpinit.s                        0x00000000   Number         0  fpinit.o ABSOLUTE
    ../fplib/fpinit_empty.s                  0x00000000   Number         0  fpinit_empty.o ABSOLUTE
    RTE/Device/STM32F103C8/startup_stm32f10x_md.s 0x00000000   Number         0  startup_stm32f10x_md.o ABSOLUTE
    config.c                                 0x00000000   Number         0  config.o ABSOLUTE
    dc.s                                     0x00000000   Number         0  dc.o ABSOLUTE
    dma.c                                    0x00000000   Number         0  dma.o ABSOLUTE
    exti.c                                   0x00000000   Number         0  exti.o ABSOLUTE
    function.c                               0x00000000   Number         0  function.o ABSOLUTE
    gpio.c                                   0x00000000   Number         0  gpio.o ABSOLUTE
    i2c.c                                    0x00000000   Number         0  i2c.o ABSOLUTE
    interrupt.c                              0x00000000   Number         0  interrupt.o ABSOLUTE
    main.c                                   0x00000000   Number         0  main.o ABSOLUTE
    misc.c                                   0x00000000   Number         0  misc.o ABSOLUTE
    nvic.c                                   0x00000000   Number         0  nvic.o ABSOLUTE
    servo.c                                  0x00000000   Number         0  servo.o ABSOLUTE
    system_stm32f10x.c                       0x00000000   Number         0  system_stm32f10x.o ABSOLUTE
    timer.c                                  0x00000000   Number         0  timer.o ABSOLUTE
    uart.c                                   0x00000000   Number         0  uart.o ABSOLUTE
    RESET                                    0x08000000   Section      236  startup_stm32f10x_md.o(RESET)
    !!!main                                  0x080000ec   Section        8  __main.o(!!!main)
    !!!scatter                               0x080000f4   Section       52  __scatter.o(!!!scatter)
    !!handler_copy                           0x08000128   Section       26  __scatter_copy.o(!!handler_copy)
    !!handler_zi                             0x08000144   Section       28  __scatter_zi.o(!!handler_zi)
    .ARM.Collect$$libinit$$00000000          0x08000160   Section        2  libinit.o(.ARM.Collect$$libinit$$00000000)
    .ARM.Collect$$libinit$$00000002          0x08000162   Section        0  libinit2.o(.ARM.Collect$$libinit$$00000002)
    .ARM.Collect$$libinit$$00000004          0x08000162   Section        0  libinit2.o(.ARM.Collect$$libinit$$00000004)
    .ARM.Collect$$libinit$$0000000A          0x08000162   Section        0  libinit2.o(.ARM.Collect$$libinit$$0000000A)
    .ARM.Collect$$libinit$$0000000C          0x08000162   Section        0  libinit2.o(.ARM.Collect$$libinit$$0000000C)
    .ARM.Collect$$libinit$$0000000E          0x08000162   Section        0  libinit2.o(.ARM.Collect$$libinit$$0000000E)
    .ARM.Collect$$libinit$$00000011          0x08000162   Section        0  libinit2.o(.ARM.Collect$$libinit$$00000011)
    .ARM.Collect$$libinit$$00000013          0x08000162   Section        0  libinit2.o(.ARM.Collect$$libinit$$00000013)
    .ARM.Collect$$libinit$$00000015          0x08000162   Section        0  libinit2.o(.ARM.Collect$$libinit$$00000015)
    .ARM.Collect$$libinit$$00000017          0x08000162   Section        0  libinit2.o(.ARM.Collect$$libinit$$00000017)
    .ARM.Collect$$libinit$$00000019          0x08000162   Section        0  libinit2.o(.ARM.Collect$$libinit$$00000019)
    .ARM.Collect$$libinit$$0000001B          0x08000162   Section        0  libinit2.o(.ARM.Collect$$libinit$$0000001B)
    .ARM.Collect$$libinit$$0000001D          0x08000162   Section        0  libinit2.o(.ARM.Collect$$libinit$$0000001D)
    .ARM.Collect$$libinit$$0000001F          0x08000162   Section        0  libinit2.o(.ARM.Collect$$libinit$$0000001F)
    .ARM.Collect$$libinit$$00000021          0x08000162   Section        0  libinit2.o(.ARM.Collect$$libinit$$00000021)
    .ARM.Collect$$libinit$$00000023          0x08000162   Section        0  libinit2.o(.ARM.Collect$$libinit$$00000023)
    .ARM.Collect$$libinit$$00000025          0x08000162   Section        0  libinit2.o(.ARM.Collect$$libinit$$00000025)
    .ARM.Collect$$libinit$$0000002C          0x08000162   Section        0  libinit2.o(.ARM.Collect$$libinit$$0000002C)
    .ARM.Collect$$libinit$$0000002E          0x08000162   Section        0  libinit2.o(.ARM.Collect$$libinit$$0000002E)
    .ARM.Collect$$libinit$$00000030          0x08000162   Section        0  libinit2.o(.ARM.Collect$$libinit$$00000030)
    .ARM.Collect$$libinit$$00000032          0x08000162   Section        0  libinit2.o(.ARM.Collect$$libinit$$00000032)
    .ARM.Collect$$libinit$$00000033          0x08000162   Section        2  libinit2.o(.ARM.Collect$$libinit$$00000033)
    .ARM.Collect$$libshutdown$$00000000      0x08000164   Section        2  libshutdown.o(.ARM.Collect$$libshutdown$$00000000)
    .ARM.Collect$$libshutdown$$00000002      0x08000166   Section        0  libshutdown2.o(.ARM.Collect$$libshutdown$$00000002)
    .ARM.Collect$$libshutdown$$00000004      0x08000166   Section        0  libshutdown2.o(.ARM.Collect$$libshutdown$$00000004)
    .ARM.Collect$$libshutdown$$00000007      0x08000166   Section        0  libshutdown2.o(.ARM.Collect$$libshutdown$$00000007)
    .ARM.Collect$$libshutdown$$0000000A      0x08000166   Section        0  libshutdown2.o(.ARM.Collect$$libshutdown$$0000000A)
    .ARM.Collect$$libshutdown$$0000000C      0x08000166   Section        0  libshutdown2.o(.ARM.Collect$$libshutdown$$0000000C)
    .ARM.Collect$$libshutdown$$0000000F      0x08000166   Section        0  libshutdown2.o(.ARM.Collect$$libshutdown$$0000000F)
    .ARM.Collect$$libshutdown$$00000010      0x08000166   Section        2  libshutdown2.o(.ARM.Collect$$libshutdown$$00000010)
    .ARM.Collect$$rtentry$$00000000          0x08000168   Section        0  __rtentry.o(.ARM.Collect$$rtentry$$00000000)
    .ARM.Collect$$rtentry$$00000002          0x08000168   Section        0  __rtentry2.o(.ARM.Collect$$rtentry$$00000002)
    .ARM.Collect$$rtentry$$00000004          0x08000168   Section        6  __rtentry4.o(.ARM.Collect$$rtentry$$00000004)
    .ARM.Collect$$rtentry$$00000009          0x0800016e   Section        0  __rtentry2.o(.ARM.Collect$$rtentry$$00000009)
    .ARM.Collect$$rtentry$$0000000A          0x0800016e   Section        4  __rtentry2.o(.ARM.Collect$$rtentry$$0000000A)
    .ARM.Collect$$rtentry$$0000000C          0x08000172   Section        0  __rtentry2.o(.ARM.Collect$$rtentry$$0000000C)
    .ARM.Collect$$rtentry$$0000000D          0x08000172   Section        8  __rtentry2.o(.ARM.Collect$$rtentry$$0000000D)
    .ARM.Collect$$rtexit$$00000000           0x0800017a   Section        2  rtexit.o(.ARM.Collect$$rtexit$$00000000)
    .ARM.Collect$$rtexit$$00000002           0x0800017c   Section        0  rtexit2.o(.ARM.Collect$$rtexit$$00000002)
    .ARM.Collect$$rtexit$$00000003           0x0800017c   Section        4  rtexit2.o(.ARM.Collect$$rtexit$$00000003)
    .ARM.Collect$$rtexit$$00000004           0x08000180   Section        6  rtexit2.o(.ARM.Collect$$rtexit$$00000004)
    .text                                    0x08000188   Section       64  startup_stm32f10x_md.o(.text)
    .text                                    0x080001c8   Section        0  heapauxi.o(.text)
    .text                                    0x080001ce   Section       74  sys_stackheap_outer.o(.text)
    .text                                    0x08000218   Section        0  exit.o(.text)
    .text                                    0x0800022c   Section        8  libspace.o(.text)
    .text                                    0x08000234   Section        0  sys_exit.o(.text)
    .text                                    0x08000240   Section        2  use_no_semi.o(.text)
    .text                                    0x08000242   Section        0  indicate_semi.o(.text)
    [Anonymous Symbol]                       0x08000244   Section        0  interrupt.o(.text.EXTI15_10_IRQHandler)
    [Anonymous Symbol]                       0x080002e4   Section        0  interrupt.o(.text.EXTI3_IRQHandler)
    [Anonymous Symbol]                       0x08000348   Section        0  interrupt.o(.text.EXTI4_IRQHandler)
    [Anonymous Symbol]                       0x08000440   Section        0  interrupt.o(.text.EXTI9_5_IRQHandler)
    SetSysClock                              0x08000539   Thumb Code     8  system_stm32f10x.o(.text.SetSysClock)
    [Anonymous Symbol]                       0x08000538   Section        0  system_stm32f10x.o(.text.SetSysClock)
    SetSysClockTo72                          0x08000541   Thumb Code   190  system_stm32f10x.o(.text.SetSysClockTo72)
    [Anonymous Symbol]                       0x08000540   Section        0  system_stm32f10x.o(.text.SetSysClockTo72)
    [Anonymous Symbol]                       0x08000600   Section        0  system_stm32f10x.o(.text.SystemInit)
    [Anonymous Symbol]                       0x08000658   Section        0  interrupt.o(.text.USART1_IRQHandler)
    __NVIC_EnableIRQ                         0x08000761   Thumb Code    32  nvic.o(.text.__NVIC_EnableIRQ)
    [Anonymous Symbol]                       0x08000760   Section        0  nvic.o(.text.__NVIC_EnableIRQ)
    __NVIC_SetPriority                       0x08000781   Thumb Code    16  nvic.o(.text.__NVIC_SetPriority)
    [Anonymous Symbol]                       0x08000780   Section        0  nvic.o(.text.__NVIC_SetPriority)
    __NVIC_SetPriorityGrouping               0x08000791   Thumb Code    28  nvic.o(.text.__NVIC_SetPriorityGrouping)
    [Anonymous Symbol]                       0x08000790   Section        0  nvic.o(.text.__NVIC_SetPriorityGrouping)
    [Anonymous Symbol]                       0x080007ac   Section        0  config.o(.text.config)
    [Anonymous Symbol]                       0x080007dc   Section        0  gpio.o(.text.configAFIO)
    [Anonymous Symbol]                       0x08000814   Section        0  dma.o(.text.configDMA1)
    [Anonymous Symbol]                       0x0800083c   Section        0  exti.o(.text.configEXTI)
    [Anonymous Symbol]                       0x080008b0   Section        0  gpio.o(.text.configGPIOA)
    [Anonymous Symbol]                       0x08000970   Section        0  gpio.o(.text.configGPIOB)
    [Anonymous Symbol]                       0x08000a38   Section        0  gpio.o(.text.configGPIOC)
    [Anonymous Symbol]                       0x08000a68   Section        0  nvic.o(.text.configNVIC)
    [Anonymous Symbol]                       0x08000ab8   Section        0  timer.o(.text.configTIM4)
    [Anonymous Symbol]                       0x08000aec   Section        0  uart.o(.text.configUART1)
    [Anonymous Symbol]                       0x08000b14   Section        0  uart.o(.text.configUART2)
    [Anonymous Symbol]                       0x08000b50   Section        0  uart.o(.text.configUART3)
    [Anonymous Symbol]                       0x08000b8c   Section        0  function.o(.text.control_xilanh)
    [Anonymous Symbol]                       0x08000cac   Section        0  timer.o(.text.delayUs)
    [Anonymous Symbol]                       0x08000ccc   Section        0  function.o(.text.ha_canh_tay)
    [Anonymous Symbol]                       0x08000cdc   Section        0  function.o(.text.kep)
    [Anonymous Symbol]                       0x08000d18   Section        0  function.o(.text.khoa_dc_tay)
    [Anonymous Symbol]                       0x08000d3c   Section        0  main.o(.text.main)
    [Anonymous Symbol]                       0x08000d48   Section        0  function.o(.text.nang_canh_tay)
    [Anonymous Symbol]                       0x08000d58   Section        0  function.o(.text.test_xilanh)
    [Anonymous Symbol]                       0x08000de8   Section        0  function.o(.text.xoay_phai)
    [Anonymous Symbol]                       0x08000e18   Section        0  function.o(.text.xoay_trai)
    .bss                                     0x20000010   Section       96  libspace.o(.bss)
    Heap_Mem                                 0x20000080   Data         512  startup_stm32f10x_md.o(HEAP)
    HEAP                                     0x20000080   Section      512  startup_stm32f10x_md.o(HEAP)
    Stack_Mem                                0x20000280   Data        1024  startup_stm32f10x_md.o(STACK)
    STACK                                    0x20000280   Section     1024  startup_stm32f10x_md.o(STACK)
    __initial_sp                             0x20000680   Data           0  startup_stm32f10x_md.o(STACK)

    Global Symbols

    Symbol Name                              Value     Ov Type        Size  Object(Section)

    BuildAttributes$$THM_ISAv4$P$D$K$B$S$PE$A:L22UL41UL21$X:L11$S22US41US21$IEEE1$IW$~IW$USESV6$~STKCKD$USESV7$~SHL$OTIME$ROPI$EBA8$UX$STANDARDLIB$REQ8$PRES8$EABIv2 0x00000000   Number         0  anon$$obj.o ABSOLUTE
    __fp_init_empty                          0x00000000   Number         0  fpinit_empty.o ABSOLUTE
    __ARM_exceptions_init                     - Undefined Weak Reference
    __alloca_initialize                       - Undefined Weak Reference
    __arm_preinit_                            - Undefined Weak Reference
    __cpp_initialize__aeabi_                  - Undefined Weak Reference
    __cxa_finalize                            - Undefined Weak Reference
    __rt_locale                               - Undefined Weak Reference
    __sigvec_lookup                           - Undefined Weak Reference
    _atexit_init                              - Undefined Weak Reference
    _call_atexit_fns                          - Undefined Weak Reference
    _clock_init                               - Undefined Weak Reference
    _fp_trap_init                             - Undefined Weak Reference
    _fp_trap_shutdown                         - Undefined Weak Reference
    _get_lc_collate                           - Undefined Weak Reference
    _get_lc_ctype                             - Undefined Weak Reference
    _get_lc_monetary                          - Undefined Weak Reference
    _get_lc_numeric                           - Undefined Weak Reference
    _get_lc_time                              - Undefined Weak Reference
    _getenv_init                              - Undefined Weak Reference
    _handle_redirection                       - Undefined Weak Reference
    _init_alloc                               - Undefined Weak Reference
    _init_user_alloc                          - Undefined Weak Reference
    _initio                                   - Undefined Weak Reference
    _rand_init                                - Undefined Weak Reference
    _signal_finish                            - Undefined Weak Reference
    _signal_init                              - Undefined Weak Reference
    _terminate_alloc                          - Undefined Weak Reference
    _terminate_user_alloc                     - Undefined Weak Reference
    _terminateio                              - Undefined Weak Reference
    __Vectors_Size                           0x000000ec   Number         0  startup_stm32f10x_md.o ABSOLUTE
    __Vectors                                0x08000000   Data           4  startup_stm32f10x_md.o(RESET)
    __Vectors_End                            0x080000ec   Data           0  startup_stm32f10x_md.o(RESET)
    __main                                   0x080000ed   Thumb Code     8  __main.o(!!!main)
    __scatterload                            0x080000f5   Thumb Code     0  __scatter.o(!!!scatter)
    __scatterload_rt2                        0x080000f5   Thumb Code    44  __scatter.o(!!!scatter)
    __scatterload_rt2_thumb_only             0x080000f5   Thumb Code     0  __scatter.o(!!!scatter)
    __scatterload_null                       0x08000103   Thumb Code     0  __scatter.o(!!!scatter)
    __scatterload_copy                       0x08000129   Thumb Code    26  __scatter_copy.o(!!handler_copy)
    __scatterload_zeroinit                   0x08000145   Thumb Code    28  __scatter_zi.o(!!handler_zi)
    __rt_lib_init                            0x08000161   Thumb Code     0  libinit.o(.ARM.Collect$$libinit$$00000000)
    __rt_lib_init_alloca_1                   0x08000163   Thumb Code     0  libinit2.o(.ARM.Collect$$libinit$$0000002E)
    __rt_lib_init_argv_1                     0x08000163   Thumb Code     0  libinit2.o(.ARM.Collect$$libinit$$0000002C)
    __rt_lib_init_atexit_1                   0x08000163   Thumb Code     0  libinit2.o(.ARM.Collect$$libinit$$0000001B)
    __rt_lib_init_clock_1                    0x08000163   Thumb Code     0  libinit2.o(.ARM.Collect$$libinit$$00000021)
    __rt_lib_init_cpp_1                      0x08000163   Thumb Code     0  libinit2.o(.ARM.Collect$$libinit$$00000032)
    __rt_lib_init_exceptions_1               0x08000163   Thumb Code     0  libinit2.o(.ARM.Collect$$libinit$$00000030)
    __rt_lib_init_fp_1                       0x08000163   Thumb Code     0  libinit2.o(.ARM.Collect$$libinit$$00000002)
    __rt_lib_init_fp_trap_1                  0x08000163   Thumb Code     0  libinit2.o(.ARM.Collect$$libinit$$0000001F)
    __rt_lib_init_getenv_1                   0x08000163   Thumb Code     0  libinit2.o(.ARM.Collect$$libinit$$00000023)
    __rt_lib_init_heap_1                     0x08000163   Thumb Code     0  libinit2.o(.ARM.Collect$$libinit$$0000000A)
    __rt_lib_init_lc_collate_1               0x08000163   Thumb Code     0  libinit2.o(.ARM.Collect$$libinit$$00000011)
    __rt_lib_init_lc_ctype_1                 0x08000163   Thumb Code     0  libinit2.o(.ARM.Collect$$libinit$$00000013)
    __rt_lib_init_lc_monetary_1              0x08000163   Thumb Code     0  libinit2.o(.ARM.Collect$$libinit$$00000015)
    __rt_lib_init_lc_numeric_1               0x08000163   Thumb Code     0  libinit2.o(.ARM.Collect$$libinit$$00000017)
    __rt_lib_init_lc_time_1                  0x08000163   Thumb Code     0  libinit2.o(.ARM.Collect$$libinit$$00000019)
    __rt_lib_init_preinit_1                  0x08000163   Thumb Code     0  libinit2.o(.ARM.Collect$$libinit$$00000004)
    __rt_lib_init_rand_1                     0x08000163   Thumb Code     0  libinit2.o(.ARM.Collect$$libinit$$0000000E)
    __rt_lib_init_return                     0x08000163   Thumb Code     0  libinit2.o(.ARM.Collect$$libinit$$00000033)
    __rt_lib_init_signal_1                   0x08000163   Thumb Code     0  libinit2.o(.ARM.Collect$$libinit$$0000001D)
    __rt_lib_init_stdio_1                    0x08000163   Thumb Code     0  libinit2.o(.ARM.Collect$$libinit$$00000025)
    __rt_lib_init_user_alloc_1               0x08000163   Thumb Code     0  libinit2.o(.ARM.Collect$$libinit$$0000000C)
    __rt_lib_shutdown                        0x08000165   Thumb Code     0  libshutdown.o(.ARM.Collect$$libshutdown$$00000000)
    __rt_lib_shutdown_cpp_1                  0x08000167   Thumb Code     0  libshutdown2.o(.ARM.Collect$$libshutdown$$00000002)
    __rt_lib_shutdown_fp_trap_1              0x08000167   Thumb Code     0  libshutdown2.o(.ARM.Collect$$libshutdown$$00000007)
    __rt_lib_shutdown_heap_1                 0x08000167   Thumb Code     0  libshutdown2.o(.ARM.Collect$$libshutdown$$0000000F)
    __rt_lib_shutdown_return                 0x08000167   Thumb Code     0  libshutdown2.o(.ARM.Collect$$libshutdown$$00000010)
    __rt_lib_shutdown_signal_1               0x08000167   Thumb Code     0  libshutdown2.o(.ARM.Collect$$libshutdown$$0000000A)
    __rt_lib_shutdown_stdio_1                0x08000167   Thumb Code     0  libshutdown2.o(.ARM.Collect$$libshutdown$$00000004)
    __rt_lib_shutdown_user_alloc_1           0x08000167   Thumb Code     0  libshutdown2.o(.ARM.Collect$$libshutdown$$0000000C)
    __rt_entry                               0x08000169   Thumb Code     0  __rtentry.o(.ARM.Collect$$rtentry$$00000000)
    __rt_entry_presh_1                       0x08000169   Thumb Code     0  __rtentry2.o(.ARM.Collect$$rtentry$$00000002)
    __rt_entry_sh                            0x08000169   Thumb Code     0  __rtentry4.o(.ARM.Collect$$rtentry$$00000004)
    __rt_entry_li                            0x0800016f   Thumb Code     0  __rtentry2.o(.ARM.Collect$$rtentry$$0000000A)
    __rt_entry_postsh_1                      0x0800016f   Thumb Code     0  __rtentry2.o(.ARM.Collect$$rtentry$$00000009)
    __rt_entry_main                          0x08000173   Thumb Code     0  __rtentry2.o(.ARM.Collect$$rtentry$$0000000D)
    __rt_entry_postli_1                      0x08000173   Thumb Code     0  __rtentry2.o(.ARM.Collect$$rtentry$$0000000C)
    __rt_exit                                0x0800017b   Thumb Code     0  rtexit.o(.ARM.Collect$$rtexit$$00000000)
    __rt_exit_ls                             0x0800017d   Thumb Code     0  rtexit2.o(.ARM.Collect$$rtexit$$00000003)
    __rt_exit_prels_1                        0x0800017d   Thumb Code     0  rtexit2.o(.ARM.Collect$$rtexit$$00000002)
    __rt_exit_exit                           0x08000181   Thumb Code     0  rtexit2.o(.ARM.Collect$$rtexit$$00000004)
    Reset_Handler                            0x08000189   Thumb Code     8  startup_stm32f10x_md.o(.text)
    NMI_Handler                              0x08000191   Thumb Code     2  startup_stm32f10x_md.o(.text)
    HardFault_Handler                        0x08000193   Thumb Code     2  startup_stm32f10x_md.o(.text)
    MemManage_Handler                        0x08000195   Thumb Code     2  startup_stm32f10x_md.o(.text)
    BusFault_Handler                         0x08000197   Thumb Code     2  startup_stm32f10x_md.o(.text)
    UsageFault_Handler                       0x08000199   Thumb Code     2  startup_stm32f10x_md.o(.text)
    SVC_Handler                              0x0800019b   Thumb Code     2  startup_stm32f10x_md.o(.text)
    DebugMon_Handler                         0x0800019d   Thumb Code     2  startup_stm32f10x_md.o(.text)
    PendSV_Handler                           0x0800019f   Thumb Code     2  startup_stm32f10x_md.o(.text)
    SysTick_Handler                          0x080001a1   Thumb Code     2  startup_stm32f10x_md.o(.text)
    ADC1_2_IRQHandler                        0x080001a3   Thumb Code     0  startup_stm32f10x_md.o(.text)
    CAN1_RX1_IRQHandler                      0x080001a3   Thumb Code     0  startup_stm32f10x_md.o(.text)
    CAN1_SCE_IRQHandler                      0x080001a3   Thumb Code     0  startup_stm32f10x_md.o(.text)
    DMA1_Channel1_IRQHandler                 0x080001a3   Thumb Code     0  startup_stm32f10x_md.o(.text)
    DMA1_Channel2_IRQHandler                 0x080001a3   Thumb Code     0  startup_stm32f10x_md.o(.text)
    DMA1_Channel3_IRQHandler                 0x080001a3   Thumb Code     0  startup_stm32f10x_md.o(.text)
    DMA1_Channel4_IRQHandler                 0x080001a3   Thumb Code     0  startup_stm32f10x_md.o(.text)
    DMA1_Channel5_IRQHandler                 0x080001a3   Thumb Code     0  startup_stm32f10x_md.o(.text)
    DMA1_Channel6_IRQHandler                 0x080001a3   Thumb Code     0  startup_stm32f10x_md.o(.text)
    DMA1_Channel7_IRQHandler                 0x080001a3   Thumb Code     0  startup_stm32f10x_md.o(.text)
    EXTI0_IRQHandler                         0x080001a3   Thumb Code     0  startup_stm32f10x_md.o(.text)
    EXTI1_IRQHandler                         0x080001a3   Thumb Code     0  startup_stm32f10x_md.o(.text)
    EXTI2_IRQHandler                         0x080001a3   Thumb Code     0  startup_stm32f10x_md.o(.text)
    FLASH_IRQHandler                         0x080001a3   Thumb Code     0  startup_stm32f10x_md.o(.text)
    I2C1_ER_IRQHandler                       0x080001a3   Thumb Code     0  startup_stm32f10x_md.o(.text)
    I2C1_EV_IRQHandler                       0x080001a3   Thumb Code     0  startup_stm32f10x_md.o(.text)
    I2C2_ER_IRQHandler                       0x080001a3   Thumb Code     0  startup_stm32f10x_md.o(.text)
    I2C2_EV_IRQHandler                       0x080001a3   Thumb Code     0  startup_stm32f10x_md.o(.text)
    PVD_IRQHandler                           0x080001a3   Thumb Code     0  startup_stm32f10x_md.o(.text)
    RCC_IRQHandler                           0x080001a3   Thumb Code     0  startup_stm32f10x_md.o(.text)
    RTCAlarm_IRQHandler                      0x080001a3   Thumb Code     0  startup_stm32f10x_md.o(.text)
    RTC_IRQHandler                           0x080001a3   Thumb Code     0  startup_stm32f10x_md.o(.text)
    SPI1_IRQHandler                          0x080001a3   Thumb Code     0  startup_stm32f10x_md.o(.text)
    SPI2_IRQHandler                          0x080001a3   Thumb Code     0  startup_stm32f10x_md.o(.text)
    TAMPER_IRQHandler                        0x080001a3   Thumb Code     0  startup_stm32f10x_md.o(.text)
    TIM1_BRK_IRQHandler                      0x080001a3   Thumb Code     0  startup_stm32f10x_md.o(.text)
    TIM1_CC_IRQHandler                       0x080001a3   Thumb Code     0  startup_stm32f10x_md.o(.text)
    TIM1_TRG_COM_IRQHandler                  0x080001a3   Thumb Code     0  startup_stm32f10x_md.o(.text)
    TIM1_UP_IRQHandler                       0x080001a3   Thumb Code     0  startup_stm32f10x_md.o(.text)
    TIM2_IRQHandler                          0x080001a3   Thumb Code     0  startup_stm32f10x_md.o(.text)
    TIM3_IRQHandler                          0x080001a3   Thumb Code     0  startup_stm32f10x_md.o(.text)
    TIM4_IRQHandler                          0x080001a3   Thumb Code     0  startup_stm32f10x_md.o(.text)
    USART2_IRQHandler                        0x080001a3   Thumb Code     0  startup_stm32f10x_md.o(.text)
    USART3_IRQHandler                        0x080001a3   Thumb Code     0  startup_stm32f10x_md.o(.text)
    USBWakeUp_IRQHandler                     0x080001a3   Thumb Code     0  startup_stm32f10x_md.o(.text)
    USB_HP_CAN1_TX_IRQHandler                0x080001a3   Thumb Code     0  startup_stm32f10x_md.o(.text)
    USB_LP_CAN1_RX0_IRQHandler               0x080001a3   Thumb Code     0  startup_stm32f10x_md.o(.text)
    WWDG_IRQHandler                          0x080001a3   Thumb Code     0  startup_stm32f10x_md.o(.text)
    __user_initial_stackheap                 0x080001a5   Thumb Code     0  startup_stm32f10x_md.o(.text)
    __use_two_region_memory                  0x080001c9   Thumb Code     2  heapauxi.o(.text)
    __rt_heap_escrow$2region                 0x080001cb   Thumb Code     2  heapauxi.o(.text)
    __rt_heap_expand$2region                 0x080001cd   Thumb Code     2  heapauxi.o(.text)
    __user_setup_stackheap                   0x080001cf   Thumb Code    74  sys_stackheap_outer.o(.text)
    exit                                     0x08000219   Thumb Code    18  exit.o(.text)
    __user_libspace                          0x0800022d   Thumb Code     8  libspace.o(.text)
    __user_perproc_libspace                  0x0800022d   Thumb Code     0  libspace.o(.text)
    __user_perthread_libspace                0x0800022d   Thumb Code     0  libspace.o(.text)
    _sys_exit                                0x08000235   Thumb Code     8  sys_exit.o(.text)
    __I$use$semihosting                      0x08000241   Thumb Code     0  use_no_semi.o(.text)
    __use_no_semihosting_swi                 0x08000241   Thumb Code     2  use_no_semi.o(.text)
    __semihosting_library_function           0x08000243   Thumb Code     0  indicate_semi.o(.text)
    EXTI15_10_IRQHandler                     0x08000245   Thumb Code   160  interrupt.o(.text.EXTI15_10_IRQHandler)
    EXTI3_IRQHandler                         0x080002e5   Thumb Code   100  interrupt.o(.text.EXTI3_IRQHandler)
    EXTI4_IRQHandler                         0x08000349   Thumb Code   248  interrupt.o(.text.EXTI4_IRQHandler)
    EXTI9_5_IRQHandler                       0x08000441   Thumb Code   248  interrupt.o(.text.EXTI9_5_IRQHandler)
    SystemInit                               0x08000601   Thumb Code    86  system_stm32f10x.o(.text.SystemInit)
    USART1_IRQHandler                        0x08000659   Thumb Code   262  interrupt.o(.text.USART1_IRQHandler)
    config                                   0x080007ad   Thumb Code    48  config.o(.text.config)
    configAFIO                               0x080007dd   Thumb Code    56  gpio.o(.text.configAFIO)
    configDMA1                               0x08000815   Thumb Code    40  dma.o(.text.configDMA1)
    configEXTI                               0x0800083d   Thumb Code   116  exti.o(.text.configEXTI)
    configGPIOA                              0x080008b1   Thumb Code   192  gpio.o(.text.configGPIOA)
    configGPIOB                              0x08000971   Thumb Code   200  gpio.o(.text.configGPIOB)
    configGPIOC                              0x08000a39   Thumb Code    48  gpio.o(.text.configGPIOC)
    configNVIC                               0x08000a69   Thumb Code    78  nvic.o(.text.configNVIC)
    configTIM4                               0x08000ab9   Thumb Code    52  timer.o(.text.configTIM4)
    configUART1                              0x08000aed   Thumb Code    38  uart.o(.text.configUART1)
    configUART2                              0x08000b15   Thumb Code    58  uart.o(.text.configUART2)
    configUART3                              0x08000b51   Thumb Code    58  uart.o(.text.configUART3)
    control_xilanh                           0x08000b8d   Thumb Code   288  function.o(.text.control_xilanh)
    delayUs                                  0x08000cad   Thumb Code    32  timer.o(.text.delayUs)
    ha_canh_tay                              0x08000ccd   Thumb Code    16  function.o(.text.ha_canh_tay)
    kep                                      0x08000cdd   Thumb Code    58  function.o(.text.kep)
    khoa_dc_tay                              0x08000d19   Thumb Code    36  function.o(.text.khoa_dc_tay)
    main                                     0x08000d3d   Thumb Code    10  main.o(.text.main)
    nang_canh_tay                            0x08000d49   Thumb Code    16  function.o(.text.nang_canh_tay)
    test_xilanh                              0x08000d59   Thumb Code   144  function.o(.text.test_xilanh)
    xoay_phai                                0x08000de9   Thumb Code    46  function.o(.text.xoay_phai)
    xoay_trai                                0x08000e19   Thumb Code    46  function.o(.text.xoay_trai)
    Region$$Table$$Base                      0x08000e48   Number         0  anon$$obj.o(Region$$Table)
    Region$$Table$$Limit                     0x08000e68   Number         0  anon$$obj.o(Region$$Table)
    canh_tay                                 0x20000000   Data           9  main.o(.data.canh_tay)
    __libspace_start                         0x20000010   Data          96  libspace.o(.bss)
    __temporary_stack_top$libspace           0x20000070   Data           0  libspace.o(.bss)
    check                                    0x20000070   Data           4  main.o(.bss.check)
    start                                    0x20000074   Data           1  main.o(.bss.start)
    stop_nang_ha                             0x20000075   Data           1  main.o(.bss.stop_nang_ha)
    tay_ps                                   0x20000076   Data           2  main.o(.bss.tay_ps)
    tem                                      0x20000078   Data           1  main.o(.bss.tem)
    trang_thai                               0x20000079   Data           1  main.o(.bss.trang_thai)
    vi_tri_nang_ha                           0x2000007a   Data           1  main.o(.bss.vi_tri_nang_ha)



==============================================================================

Memory Map of the image

  Image Entry point : 0x08000189

  Load Region LR_1 (Base: 0x08000000, Size: 0x00000e74, Max: 0xffffffff, ABSOLUTE)

    Execution Region ER_RO (Exec base: 0x08000000, Load base: 0x08000000, Size: 0x00000e68, Max: 0xffffffff, ABSOLUTE)

    Exec Addr    Load Addr    Size         Type   Attr      Idx    E Section Name        Object

    0x08000000   0x08000000   0x000000ec   Data   RO          220    RESET               startup_stm32f10x_md.o
    0x080000ec   0x080000ec   0x00000008   Code   RO          249  * !!!main             c_w.l(__main.o)
    0x080000f4   0x080000f4   0x00000034   Code   RO          412    !!!scatter          c_w.l(__scatter.o)
    0x08000128   0x08000128   0x0000001a   Code   RO          414    !!handler_copy      c_w.l(__scatter_copy.o)
    0x08000142   0x08000142   0x00000002   PAD
    0x08000144   0x08000144   0x0000001c   Code   RO          416    !!handler_zi        c_w.l(__scatter_zi.o)
    0x08000160   0x08000160   0x00000002   Code   RO          276    .ARM.Collect$$libinit$$00000000  c_w.l(libinit.o)
    0x08000162   0x08000162   0x00000000   Code   RO          283    .ARM.Collect$$libinit$$00000002  c_w.l(libinit2.o)
    0x08000162   0x08000162   0x00000000   Code   RO          285    .ARM.Collect$$libinit$$00000004  c_w.l(libinit2.o)
    0x08000162   0x08000162   0x00000000   Code   RO          288    .ARM.Collect$$libinit$$0000000A  c_w.l(libinit2.o)
    0x08000162   0x08000162   0x00000000   Code   RO          290    .ARM.Collect$$libinit$$0000000C  c_w.l(libinit2.o)
    0x08000162   0x08000162   0x00000000   Code   RO          292    .ARM.Collect$$libinit$$0000000E  c_w.l(libinit2.o)
    0x08000162   0x08000162   0x00000000   Code   RO          295    .ARM.Collect$$libinit$$00000011  c_w.l(libinit2.o)
    0x08000162   0x08000162   0x00000000   Code   RO          297    .ARM.Collect$$libinit$$00000013  c_w.l(libinit2.o)
    0x08000162   0x08000162   0x00000000   Code   RO          299    .ARM.Collect$$libinit$$00000015  c_w.l(libinit2.o)
    0x08000162   0x08000162   0x00000000   Code   RO          301    .ARM.Collect$$libinit$$00000017  c_w.l(libinit2.o)
    0x08000162   0x08000162   0x00000000   Code   RO          303    .ARM.Collect$$libinit$$00000019  c_w.l(libinit2.o)
    0x08000162   0x08000162   0x00000000   Code   RO          305    .ARM.Collect$$libinit$$0000001B  c_w.l(libinit2.o)
    0x08000162   0x08000162   0x00000000   Code   RO          307    .ARM.Collect$$libinit$$0000001D  c_w.l(libinit2.o)
    0x08000162   0x08000162   0x00000000   Code   RO          309    .ARM.Collect$$libinit$$0000001F  c_w.l(libinit2.o)
    0x08000162   0x08000162   0x00000000   Code   RO          311    .ARM.Collect$$libinit$$00000021  c_w.l(libinit2.o)
    0x08000162   0x08000162   0x00000000   Code   RO          313    .ARM.Collect$$libinit$$00000023  c_w.l(libinit2.o)
    0x08000162   0x08000162   0x00000000   Code   RO          315    .ARM.Collect$$libinit$$00000025  c_w.l(libinit2.o)
    0x08000162   0x08000162   0x00000000   Code   RO          319    .ARM.Collect$$libinit$$0000002C  c_w.l(libinit2.o)
    0x08000162   0x08000162   0x00000000   Code   RO          321    .ARM.Collect$$libinit$$0000002E  c_w.l(libinit2.o)
    0x08000162   0x08000162   0x00000000   Code   RO          323    .ARM.Collect$$libinit$$00000030  c_w.l(libinit2.o)
    0x08000162   0x08000162   0x00000000   Code   RO          325    .ARM.Collect$$libinit$$00000032  c_w.l(libinit2.o)
    0x08000162   0x08000162   0x00000002   Code   RO          326    .ARM.Collect$$libinit$$00000033  c_w.l(libinit2.o)
    0x08000164   0x08000164   0x00000002   Code   RO          348    .ARM.Collect$$libshutdown$$00000000  c_w.l(libshutdown.o)
    0x08000166   0x08000166   0x00000000   Code   RO          363    .ARM.Collect$$libshutdown$$00000002  c_w.l(libshutdown2.o)
    0x08000166   0x08000166   0x00000000   Code   RO          365    .ARM.Collect$$libshutdown$$00000004  c_w.l(libshutdown2.o)
    0x08000166   0x08000166   0x00000000   Code   RO          368    .ARM.Collect$$libshutdown$$00000007  c_w.l(libshutdown2.o)
    0x08000166   0x08000166   0x00000000   Code   RO          371    .ARM.Collect$$libshutdown$$0000000A  c_w.l(libshutdown2.o)
    0x08000166   0x08000166   0x00000000   Code   RO          373    .ARM.Collect$$libshutdown$$0000000C  c_w.l(libshutdown2.o)
    0x08000166   0x08000166   0x00000000   Code   RO          376    .ARM.Collect$$libshutdown$$0000000F  c_w.l(libshutdown2.o)
    0x08000166   0x08000166   0x00000002   Code   RO          377    .ARM.Collect$$libshutdown$$00000010  c_w.l(libshutdown2.o)
    0x08000168   0x08000168   0x00000000   Code   RO          251    .ARM.Collect$$rtentry$$00000000  c_w.l(__rtentry.o)
    0x08000168   0x08000168   0x00000000   Code   RO          253    .ARM.Collect$$rtentry$$00000002  c_w.l(__rtentry2.o)
    0x08000168   0x08000168   0x00000006   Code   RO          265    .ARM.Collect$$rtentry$$00000004  c_w.l(__rtentry4.o)
    0x0800016e   0x0800016e   0x00000000   Code   RO          255    .ARM.Collect$$rtentry$$00000009  c_w.l(__rtentry2.o)
    0x0800016e   0x0800016e   0x00000004   Code   RO          256    .ARM.Collect$$rtentry$$0000000A  c_w.l(__rtentry2.o)
    0x08000172   0x08000172   0x00000000   Code   RO          258    .ARM.Collect$$rtentry$$0000000C  c_w.l(__rtentry2.o)
    0x08000172   0x08000172   0x00000008   Code   RO          259    .ARM.Collect$$rtentry$$0000000D  c_w.l(__rtentry2.o)
    0x0800017a   0x0800017a   0x00000002   Code   RO          280    .ARM.Collect$$rtexit$$00000000  c_w.l(rtexit.o)
    0x0800017c   0x0800017c   0x00000000   Code   RO          328    .ARM.Collect$$rtexit$$00000002  c_w.l(rtexit2.o)
    0x0800017c   0x0800017c   0x00000004   Code   RO          329    .ARM.Collect$$rtexit$$00000003  c_w.l(rtexit2.o)
    0x08000180   0x08000180   0x00000006   Code   RO          330    .ARM.Collect$$rtexit$$00000004  c_w.l(rtexit2.o)
    0x08000186   0x08000186   0x00000002   PAD
    0x08000188   0x08000188   0x00000040   Code   RO          221  * .text               startup_stm32f10x_md.o
    0x080001c8   0x080001c8   0x00000006   Code   RO          247    .text               c_w.l(heapauxi.o)
    0x080001ce   0x080001ce   0x0000004a   Code   RO          267    .text               c_w.l(sys_stackheap_outer.o)
    0x08000218   0x08000218   0x00000012   Code   RO          269    .text               c_w.l(exit.o)
    0x0800022a   0x0800022a   0x00000002   PAD
    0x0800022c   0x0800022c   0x00000008   Code   RO          277    .text               c_w.l(libspace.o)
    0x08000234   0x08000234   0x0000000c   Code   RO          338    .text               c_w.l(sys_exit.o)
    0x08000240   0x08000240   0x00000002   Code   RO          353    .text               c_w.l(use_no_semi.o)
    0x08000242   0x08000242   0x00000000   Code   RO          355    .text               c_w.l(indicate_semi.o)
    0x08000242   0x08000242   0x00000002   PAD
    0x08000244   0x08000244   0x000000a0   Code   RO           73    .text.EXTI15_10_IRQHandler  interrupt.o
    0x080002e4   0x080002e4   0x00000064   Code   RO           79    .text.EXTI3_IRQHandler  interrupt.o
    0x08000348   0x08000348   0x000000f8   Code   RO           75    .text.EXTI4_IRQHandler  interrupt.o
    0x08000440   0x08000440   0x000000f8   Code   RO           77    .text.EXTI9_5_IRQHandler  interrupt.o
    0x08000538   0x08000538   0x00000008   Code   RO          230    .text.SetSysClock   system_stm32f10x.o
    0x08000540   0x08000540   0x000000be   Code   RO          234    .text.SetSysClockTo72  system_stm32f10x.o
    0x080005fe   0x080005fe   0x00000002   PAD
    0x08000600   0x08000600   0x00000056   Code   RO          228    .text.SystemInit    system_stm32f10x.o
    0x08000656   0x08000656   0x00000002   PAD
    0x08000658   0x08000658   0x00000106   Code   RO           81    .text.USART1_IRQHandler  interrupt.o
    0x0800075e   0x0800075e   0x00000002   PAD
    0x08000760   0x08000760   0x00000020   Code   RO           96    .text.__NVIC_EnableIRQ  nvic.o
    0x08000780   0x08000780   0x00000010   Code   RO           94    .text.__NVIC_SetPriority  nvic.o
    0x08000790   0x08000790   0x0000001c   Code   RO           92    .text.__NVIC_SetPriorityGrouping  nvic.o
    0x080007ac   0x080007ac   0x00000030   Code   RO          106    .text.config        config.o
    0x080007dc   0x080007dc   0x00000038   Code   RO           25    .text.configAFIO    gpio.o
    0x08000814   0x08000814   0x00000028   Code   RO          149    .text.configDMA1    dma.o
    0x0800083c   0x0800083c   0x00000074   Code   RO           65    .text.configEXTI    exti.o
    0x080008b0   0x080008b0   0x000000c0   Code   RO           19    .text.configGPIOA   gpio.o
    0x08000970   0x08000970   0x000000c8   Code   RO           21    .text.configGPIOB   gpio.o
    0x08000a38   0x08000a38   0x00000030   Code   RO           23    .text.configGPIOC   gpio.o
    0x08000a68   0x08000a68   0x0000004e   Code   RO           90    .text.configNVIC    nvic.o
    0x08000ab6   0x08000ab6   0x00000002   PAD
    0x08000ab8   0x08000ab8   0x00000034   Code   RO           38    .text.configTIM4    timer.o
    0x08000aec   0x08000aec   0x00000026   Code   RO          136    .text.configUART1   uart.o
    0x08000b12   0x08000b12   0x00000002   PAD
    0x08000b14   0x08000b14   0x0000003a   Code   RO          138    .text.configUART2   uart.o
    0x08000b4e   0x08000b4e   0x00000002   PAD
    0x08000b50   0x08000b50   0x0000003a   Code   RO          140    .text.configUART3   uart.o
    0x08000b8a   0x08000b8a   0x00000002   PAD
    0x08000b8c   0x08000b8c   0x00000120   Code   RO          175    .text.control_xilanh  function.o
    0x08000cac   0x08000cac   0x00000020   Code   RO           40    .text.delayUs       timer.o
    0x08000ccc   0x08000ccc   0x00000010   Code   RO          179    .text.ha_canh_tay   function.o
    0x08000cdc   0x08000cdc   0x0000003a   Code   RO          187    .text.kep           function.o
    0x08000d16   0x08000d16   0x00000002   PAD
    0x08000d18   0x08000d18   0x00000024   Code   RO          185    .text.khoa_dc_tay   function.o
    0x08000d3c   0x08000d3c   0x0000000a   Code   RO            2    .text.main          main.o
    0x08000d46   0x08000d46   0x00000002   PAD
    0x08000d48   0x08000d48   0x00000010   Code   RO          177    .text.nang_canh_tay  function.o
    0x08000d58   0x08000d58   0x00000090   Code   RO          191    .text.test_xilanh   function.o
    0x08000de8   0x08000de8   0x0000002e   Code   RO          181    .text.xoay_phai     function.o
    0x08000e16   0x08000e16   0x00000002   PAD
    0x08000e18   0x08000e18   0x0000002e   Code   RO          183    .text.xoay_trai     function.o
    0x08000e46   0x08000e46   0x00000002   PAD
    0x08000e48   0x08000e48   0x00000020   Data   RO          411    Region$$Table       anon$$obj.o


    Execution Region ER_RW (Exec base: 0x20000000, Load base: 0x08000e68, Size: 0x0000000c, Max: 0xffffffff, ABSOLUTE)

    Exec Addr    Load Addr    Size         Type   Attr      Idx    E Section Name        Object

    0x20000000   0x08000e68   0x00000009   Data   RW            9    .data.canh_tay      main.o


    Execution Region ER_ZI (Exec base: 0x20000010, Load base: 0x08000e74, Size: 0x00000670, Max: 0xffffffff, ABSOLUTE)

    Exec Addr    Load Addr    Size         Type   Attr      Idx    E Section Name        Object

    0x20000010        -       0x00000060   Zero   RW          278    .bss                c_w.l(libspace.o)
    0x20000070        -       0x00000004   Zero   RW           10    .bss.check          main.o
    0x20000074        -       0x00000001   Zero   RW            4    .bss.start          main.o
    0x20000075        -       0x00000001   Zero   RW            6    .bss.stop_nang_ha   main.o
    0x20000076        -       0x00000002   Zero   RW           11    .bss.tay_ps         main.o
    0x20000078        -       0x00000001   Zero   RW            5    .bss.tem            main.o
    0x20000079        -       0x00000001   Zero   RW            8    .bss.trang_thai     main.o
    0x2000007a        -       0x00000001   Zero   RW            7    .bss.vi_tri_nang_ha  main.o
    0x2000007b   0x08000e74   0x00000005   PAD
    0x20000080        -       0x00000200   Zero   RW          219    HEAP                startup_stm32f10x_md.o
    0x20000280        -       0x00000400   Zero   RW          218    STACK               startup_stm32f10x_md.o


==============================================================================

Image component sizes


      Code (inc. data)   RO Data    RW Data    ZI Data      Debug   Object Name

        48          0          0          0          0        331   config.o
        40          0          0          0          0       2922   dma.o
       116          0          0          0          0        721   exti.o
       650         28          0          0          0       2449   function.o
       496          0          0          0          0       1441   gpio.o
      1018          0          0          0          0       1943   interrupt.o
        10          0          0          9         11        969   main.o
       154          0          0          0          0       3444   nvic.o
        64         26        236          0       1536        820   startup_stm32f10x_md.o
       284          0          0          0          0       2746   system_stm32f10x.o
        84          0          0          0          0       2056   timer.o
       154          0          0          0          0       1333   uart.o

    ----------------------------------------------------------------------
      3140         54        268         12       1552      21175   Object Totals
         0          0         32          0          0          0   (incl. Generated)
        22          0          0          3          5          0   (incl. Padding)

    ----------------------------------------------------------------------

      Code (inc. data)   RO Data    RW Data    ZI Data      Debug   Library Member Name

         8          0          0          0          0         68   __main.o
         0          0          0          0          0          0   __rtentry.o
        12          0          0          0          0          0   __rtentry2.o
         6          0          0          0          0          0   __rtentry4.o
        52          8          0          0          0          0   __scatter.o
        26          0          0          0          0          0   __scatter_copy.o
        28          0          0          0          0          0   __scatter_zi.o
        18          0          0          0          0         80   exit.o
         6          0          0          0          0        152   heapauxi.o
         0          0          0          0          0          0   indicate_semi.o
         2          0          0          0          0          0   libinit.o
         2          0          0          0          0          0   libinit2.o
         2          0          0          0          0          0   libshutdown.o
         2          0          0          0          0          0   libshutdown2.o
         8          4          0          0         96         68   libspace.o
         2          0          0          0          0          0   rtexit.o
        10          0          0          0          0          0   rtexit2.o
        12          4          0          0          0         68   sys_exit.o
        74          0          0          0          0         80   sys_stackheap_outer.o
         2          0          0          0          0         68   use_no_semi.o

    ----------------------------------------------------------------------
       280         16          0          0         96        584   Library Totals
         8          0          0          0          0          0   (incl. Padding)

    ----------------------------------------------------------------------

      Code (inc. data)   RO Data    RW Data    ZI Data      Debug   Library Name

       272         16          0          0         96        584   c_w.l

    ----------------------------------------------------------------------
       280         16          0          0         96        584   Library Totals

    ----------------------------------------------------------------------

==============================================================================


      Code (inc. data)   RO Data    RW Data    ZI Data      Debug   

      3420         70        268         12       1648      21491   Grand Totals
      3420         70        268         12       1648      21491   ELF Image Totals
      3420         70        268         12          0          0   ROM Totals

==============================================================================

    Total RO  Size (Code + RO Data)                 3688 (   3.60kB)
    Total RW  Size (RW Data + ZI Data)              1660 (   1.62kB)
    Total ROM Size (Code + RO Data + RW Data)       3700 (   3.61kB)

==============================================================================

