Component: ARM Compiler 6.15 Tool: armlink [5dd79300]

==============================================================================

Section Cross References

    main.o(.text.main) refers to config.o(.text.config) for config
    main.o(.text.main) refers to function.o(.text.enable_reciver_to_main) for enable_reciver_to_main
    main.o(.text.main) refers to config.o(.bss.FEE_struct) for FEE_struct
    main.o(.text.main) refers to function.o(.text.ham_lai_tay) for ham_lai_tay
    main.o(.text.main) refers to tu_dong.o(.text.tu_dong_1) for tu_dong_1
    main.o(.text.main) refers to function.o(.text.send_to_main) for send_to_main
    main.o(.text.main) refers to timer.o(.text.delayUs) for delayUs
    main.o(.text.main) refers to function.o(.text.xoay_trai) for xoay_trai
    main.o(.text.main) refers to function.o(.text.reset_check_xoay_tay_1) for reset_check_xoay_tay_1
    main.o(.text.main) refers to function.o(.text.xoay_phai) for xoay_phai
    main.o(.text.main) refers to function.o(.text.reset_check_xoay_tay_2) for reset_check_xoay_tay_2
    main.o(.text.main) refers to tu_dong.o(.text.tu_dong_2) for tu_dong_2
    main.o(.text.main) refers to tu_dong.o(.text.tu_dong_3) for tu_dong_3
    main.o(.text.main) refers to tu_dong.o(.text.tu_dong_4) for tu_dong_4
    main.o(.text.main) refers to tu_dong.o(.text.tu_dong_5) for tu_dong_5
    main.o(.text.main) refers to tu_dong.o(.text.tu_dong_6) for tu_dong_6
    main.o(.ARM.exidx.text.main) refers to main.o(.text.main) for [Anonymous Symbol]
    gpio.o(.ARM.exidx.text.configGPIOA) refers to gpio.o(.text.configGPIOA) for [Anonymous Symbol]
    gpio.o(.ARM.exidx.text.configGPIOB) refers to gpio.o(.text.configGPIOB) for [Anonymous Symbol]
    gpio.o(.ARM.exidx.text.configGPIOC) refers to gpio.o(.text.configGPIOC) for [Anonymous Symbol]
    gpio.o(.ARM.exidx.text.configAFIO) refers to gpio.o(.text.configAFIO) for [Anonymous Symbol]
    timer.o(.ARM.exidx.text.configTIM1) refers to timer.o(.text.configTIM1) for [Anonymous Symbol]
    timer.o(.ARM.exidx.text.configTIM2) refers to timer.o(.text.configTIM2) for [Anonymous Symbol]
    timer.o(.ARM.exidx.text.configTIM3) refers to timer.o(.text.configTIM3) for [Anonymous Symbol]
    timer.o(.ARM.exidx.text.configTIM4) refers to timer.o(.text.configTIM4) for [Anonymous Symbol]
    timer.o(.ARM.exidx.text.delayUs) refers to timer.o(.text.delayUs) for [Anonymous Symbol]
    servo.o(.ARM.exidx.text.servo1) refers to servo.o(.text.servo1) for [Anonymous Symbol]
    servo.o(.ARM.exidx.text.servo2) refers to servo.o(.text.servo2) for [Anonymous Symbol]
    servo.o(.ARM.exidx.text.dc1) refers to servo.o(.text.dc1) for [Anonymous Symbol]
    servo.o(.ARM.exidx.text.khoaDC) refers to servo.o(.text.khoaDC) for [Anonymous Symbol]
    exti.o(.ARM.exidx.text.configEXTI) refers to exti.o(.text.configEXTI) for [Anonymous Symbol]
    interrupt.o(.text.EXTI15_10_IRQHandler) refers to config.o(.bss.FEE_struct) for FEE_struct
    interrupt.o(.text.EXTI15_10_IRQHandler) refers to function.o(.text.khoa_dc_tay) for khoa_dc_tay
    interrupt.o(.text.EXTI15_10_IRQHandler) refers to function.o(.text.khoi_tao_kep_lua) for khoi_tao_kep_lua
    interrupt.o(.text.EXTI15_10_IRQHandler) refers to timer.o(.text.delayUs) for delayUs
    interrupt.o(.ARM.exidx.text.EXTI15_10_IRQHandler) refers to interrupt.o(.text.EXTI15_10_IRQHandler) for [Anonymous Symbol]
    interrupt.o(.text.EXTI4_IRQHandler) refers to config.o(.bss.FEE_struct) for FEE_struct
    interrupt.o(.text.EXTI4_IRQHandler) refers to function.o(.text.khoa_dc_tay) for khoa_dc_tay
    interrupt.o(.text.EXTI4_IRQHandler) refers to timer.o(.text.delayUs) for delayUs
    interrupt.o(.text.EXTI4_IRQHandler) refers to function.o(.text.tinh_vi_tri_tay_xoay) for tinh_vi_tri_tay_xoay
    interrupt.o(.text.EXTI4_IRQHandler) refers to function.o(.text.reset_check_xoay_tay_2) for reset_check_xoay_tay_2
    interrupt.o(.ARM.exidx.text.EXTI4_IRQHandler) refers to interrupt.o(.text.EXTI4_IRQHandler) for [Anonymous Symbol]
    interrupt.o(.text.EXTI9_5_IRQHandler) refers to config.o(.bss.FEE_struct) for FEE_struct
    interrupt.o(.text.EXTI9_5_IRQHandler) refers to function.o(.text.khoa_dc_tay) for khoa_dc_tay
    interrupt.o(.text.EXTI9_5_IRQHandler) refers to timer.o(.text.delayUs) for delayUs
    interrupt.o(.text.EXTI9_5_IRQHandler) refers to function.o(.text.tinh_vi_tri_tay_xoay) for tinh_vi_tri_tay_xoay
    interrupt.o(.text.EXTI9_5_IRQHandler) refers to function.o(.text.reset_check_xoay_tay_1) for reset_check_xoay_tay_1
    interrupt.o(.ARM.exidx.text.EXTI9_5_IRQHandler) refers to interrupt.o(.text.EXTI9_5_IRQHandler) for [Anonymous Symbol]
    interrupt.o(.text.EXTI3_IRQHandler) refers to config.o(.bss.FEE_struct) for FEE_struct
    interrupt.o(.text.EXTI3_IRQHandler) refers to function.o(.text.khoa_dc_tay) for khoa_dc_tay
    interrupt.o(.text.EXTI3_IRQHandler) refers to function.o(.bss.mode_tem) for mode_tem
[...]
    dma.o(.ARM.exidx.text.configDMA1) refers to dma.o(.text.configDMA1) for [Anonymous Symbol]
    dma.o(.ARM.exidx.text.initDMA1Channel5) refers to dma.o(.text.initDMA1Channel5) for [Anonymous Symbol]
    dma.o(.ARM.exidx.text.initDMA1Channel6) refers to dma.o(.text.initDMA1Channel6) for [Anonymous Symbol]
    dma.o(.ARM.exidx.text.initDMA1Channel3) refers to dma.o(.text.initDMA1Channel3) for [Anonymous Symbol]
    dma.o(.ARM.exidx.text.initDMA1Channel4) refers to dma.o(.text.initDMA1Channel4) for [Anonymous Symbol]
    dma.o(.ARM.exidx.text.initDMA1Channel7) refers to dma.o(.text.initDMA1Channel7) for [Anonymous Symbol]
    dma.o(.ARM.exidx.text.initDMA1Channel2) refers to dma.o(.text.initDMA1Channel2) for [Anonymous Symbol]
    dma.o(.ARM.exidx.text.enItDma) refers to dma.o(.text.enItDma) for [Anonymous Symbol]
    dma.o(.ARM.exidx.text.disEnItDma) refers to dma.o(.text.disEnItDma) for [Anonymous Symbol]
    function.o(.ARM.exidx.text.control_xilanh) refers to function.o(.text.control_xilanh) for [Anonymous Symbol]
    function.o(.text.nang_canh_tay) refers to config.o(.bss.FEE_struct) for FEE_struct
    function.o(.ARM.exidx.text.nang_canh_tay) refers to function.o(.text.nang_canh_tay) for [Anonymous Symbol]
    function.o(.text.ha_canh_tay) refers to config.o(.bss.FEE_struct) for FEE_struct
    function.o(.ARM.exidx.text.ha_canh_tay) refers to function.o(.text.ha_canh_tay) for [Anonymous Symbol]
    function.o(.text.xoay_phai) refers to config.o(.bss.FEE_struct) for FEE_struct
    function.o(.ARM.exidx.text.xoay_phai) refers to function.o(.text.xoay_phai) for [Anonymous Symbol]
    function.o(.text.xoay_trai) refers to config.o(.bss.FEE_struct) for FEE_struct
    function.o(.ARM.exidx.text.xoay_trai) refers to function.o(.text.xoay_trai) for [Anonymous Symbol]
    function.o(.text.khoa_dc_tay) refers to config.o(.bss.FEE_struct) for FEE_struct
    function.o(.ARM.exidx.text.khoa_dc_tay) refers to function.o(.text.khoa_dc_tay) for [Anonymous Symbol]
    function.o(.text.kep) refers to function.o(.text.control_xilanh) for control_xilanh
    function.o(.ARM.exidx.text.kep) refers to function.o(.text.kep) for [Anonymous Symbol]
    function.o(.text.nha) refers to function.o(.text.control_xilanh) for control_xilanh
    function.o(.ARM.exidx.text.nha) refers to function.o(.text.nha) for [Anonymous Symbol]
    function.o(.text.test_xilanh) refers to function.o(.text.control_xilanh) for control_xilanh
    function.o(.text.test_xilanh) refers to timer.o(.text.delayUs) for delayUs
    function.o(.ARM.exidx.text.test_xilanh) refers to function.o(.text.test_xilanh) for [Anonymous Symbol]
    function.o(.ARM.exidx.text.send_to_main) refers to function.o(.text.send_to_main) for [Anonymous Symbol]
    function.o(.ARM.exidx.text.enable_reciver_to_main) refers to function.o(.text.enable_reciver_to_main) for [Anonymous Symbol]
    function.o(.text.nut_lai_tay) refers to function.o(.text.khoi_tao_tu_dong) for khoi_tao_tu_dong
    function.o(.text.nut_lai_tay) refers to config.o(.bss.tay_ps) for tay_ps
    function.o(.text.nut_lai_tay) refers to config.o(.bss.FEE_struct) for FEE_struct
    function.o(.ARM.exidx.text.nut_lai_tay) refers to function.o(.text.nut_lai_tay) for [Anonymous Symbol]
    function.o(.text.khoi_tao_tu_dong) refers to config.o(.bss.tay_ps) for tay_ps
    function.o(.text.khoi_tao_tu_dong) refers to config.o(.bss.FEE_struct) for FEE_struct
    function.o(.text.khoi_tao_tu_dong) refers to function.o(.bss.mode_tem) for mode_tem
    function.o(.text.khoi_tao_tu_dong) refers to function.o(.text.xoay_trai) for xoay_trai
    function.o(.text.khoi_tao_tu_dong) refers to timer.o(.text.delayUs) for delayUs
    function.o(.text.khoi_tao_tu_dong) refers to function.o(.text.ha_canh_tay) for ha_canh_tay
    function.o(.text.khoi_tao_tu_dong) refers to function.o(.text.khoi_tao_kep_lua) for khoi_tao_kep_lua
    function.o(.ARM.exidx.text.khoi_tao_tu_dong) refers to function.o(.text.khoi_tao_tu_dong) for [Anonymous Symbol]
    function.o(.text.ham_lai_tay) refers to config.o(.bss.FEE_struct) for FEE_struct
    function.o(.text.ham_lai_tay) refers to function.o(.text.nang_canh_tay) for nang_canh_tay
    function.o(.text.ham_lai_tay) refers to function.o(.text.ha_canh_tay) for ha_canh_tay
    function.o(.text.ham_lai_tay) refers to function.o(.text.khoa_dc_tay) for khoa_dc_tay
    function.o(.text.ham_lai_tay) refers to function.o(.text.xoay_trai) for xoay_trai
    function.o(.text.ham_lai_tay) refers to function.o(.text.xoay_phai) for xoay_phai
    function.o(.text.ham_lai_tay) refers to function.o(.text.control_xilanh) for control_xilanh
    function.o(.ARM.exidx.text.ham_lai_tay) refers to function.o(.text.ham_lai_tay) for [Anonymous Symbol]
    function.o(.ARM.exidx.text.reset_check_xoay_tay_1) refers to function.o(.text.reset_check_xoay_tay_1) for [Anonymous Symbol]
    function.o(.ARM.exidx.text.reset_check_xoay_tay_2) refers to function.o(.text.reset_check_xoay_tay_2) for [Anonymous Symbol]
    function.o(.text.check_xoay_tay_1) refers to fmul.o(x$fpl$fmul) for __aeabi_fmul
    function.o(.text.check_xoay_tay_1) refers to ffix.o(x$fpl$ffix) for __aeabi_f2iz
    function.o(.ARM.exidx.text.check_xoay_tay_1) refers to function.o(.text.check_xoay_tay_1) for [Anonymous Symbol]
    function.o(.text.check_xoay_tay_2) refers to fmul.o(x$fpl$fmul) for __aeabi_fmul
    function.o(.text.check_xoay_tay_2) refers to ffix.o(x$fpl$ffix) for __aeabi_f2iz
    function.o(.ARM.exidx.text.check_xoay_tay_2) refers to function.o(.text.check_xoay_tay_2) for [Anonymous Symbol]
    function.o(.text.khoi_tao_kep_lua) refers to config.o(.bss.FEE_struct) for FEE_struct
    function.o(.text.khoi_tao_kep_lua) refers to function.o(.text.nang_canh_tay) for nang_canh_tay
    function.o(.text.khoi_tao_kep_lua) refers to function.o(.text.ha_canh_tay) for ha_canh_tay
    function.o(.ARM.exidx.text.khoi_tao_kep_lua) refers to function.o(.text.khoi_tao_kep_lua) for [Anonymous Symbol]
    function.o(.text.tinh_vi_tri_tay_xoay) refers to config.o(.bss.FEE_struct) for FEE_struct
    function.o(.ARM.exidx.text.tinh_vi_tri_tay_xoay) refers to function.o(.text.tinh_vi_tri_tay_xoay) for [Anonymous Symbol]
    tu_dong.o(.text.tu_dong_1) refers to timer.o(.text.delayUs) for delayUs
    tu_dong.o(.text.tu_dong_1) refers to function.o(.text.kep) for kep
    tu_dong.o(.text.tu_dong_1) refers to config.o(.bss.FEE_struct) for FEE_struct
    tu_dong.o(.text.tu_dong_1) refers to function.o(.text.nang_canh_tay) for nang_canh_tay
    tu_dong.o(.text.tu_dong_1) refers to function.o(.text.ha_canh_tay) for ha_canh_tay
    tu_dong.o(.ARM.exidx.text.tu_dong_1) refers to tu_dong.o(.text.tu_dong_1) for [Anonymous Symbol]
    tu_dong.o(.text.tu_dong_2) refers to timer.o(.text.delayUs) for delayUs
    tu_dong.o(.text.tu_dong_2) refers to function.o(.text.control_xilanh) for control_xilanh
    tu_dong.o(.text.tu_dong_2) refers to function.o(.text.xoay_trai) for xoay_trai
    tu_dong.o(.text.tu_dong_2) refers to config.o(.bss.FEE_struct) for FEE_struct
    tu_dong.o(.text.tu_dong_2) refers to function.o(.text.reset_check_xoay_tay_1) for reset_check_xoay_tay_1
    tu_dong.o(.text.tu_dong_2) refers to function.o(.text.xoay_phai) for xoay_phai
    tu_dong.o(.text.tu_dong_2) refers to function.o(.text.reset_check_xoay_tay_2) for reset_check_xoay_tay_2
    tu_dong.o(.ARM.exidx.text.tu_dong_2) refers to tu_dong.o(.text.tu_dong_2) for [Anonymous Symbol]
    tu_dong.o(.text.tu_dong_3) refers to timer.o(.text.delayUs) for delayUs
    tu_dong.o(.text.tu_dong_3) refers to function.o(.text.control_xilanh) for control_xilanh
    tu_dong.o(.text.tu_dong_3) refers to config.o(.bss.FEE_struct) for FEE_struct
    tu_dong.o(.text.tu_dong_3) refers to function.o(.text.nang_canh_tay) for nang_canh_tay
    tu_dong.o(.text.tu_dong_3) refers to function.o(.text.ha_canh_tay) for ha_canh_tay
    tu_dong.o(.ARM.exidx.text.tu_dong_3) refers to tu_dong.o(.text.tu_dong_3) for [Anonymous Symbol]
    tu_dong.o(.text.tu_dong_4) refers to timer.o(.text.delayUs) for delayUs
    tu_dong.o(.text.tu_dong_4) refers to function.o(.text.kep) for kep
    tu_dong.o(.text.tu_dong_4) refers to config.o(.bss.FEE_struct) for FEE_struct
    tu_dong.o(.text.tu_dong_4) refers to function.o(.text.nang_canh_tay) for nang_canh_tay
    tu_dong.o(.text.tu_dong_4) refers to function.o(.text.ha_canh_tay) for ha_canh_tay
    tu_dong.o(.ARM.exidx.text.tu_dong_4) refers to tu_dong.o(.text.tu_dong_4) for [Anonymous Symbol]
    tu_dong.o(.text.tu_dong_5) refers to function.o(.text.xoay_trai) for xoay_trai
    tu_dong.o(.text.tu_dong_5) refers to config.o(.bss.FEE_struct) for FEE_struct
    tu_dong.o(.text.tu_dong_5) refers to function.o(.text.reset_check_xoay_tay_2) for reset_check_xoay_tay_2
    tu_dong.o(.text.tu_dong_5) refers to timer.o(.text.delayUs) for delayUs
    tu_dong.o(.text.tu_dong_5) refers to function.o(.text.xoay_phai) for xoay_phai
    tu_dong.o(.text.tu_dong_5) refers to function.o(.text.nang_canh_tay) for nang_canh_tay
    tu_dong.o(.text.tu_dong_5) refers to function.o(.text.ha_canh_tay) for ha_canh_tay
    tu_dong.o(.ARM.exidx.text.tu_dong_5) refers to tu_dong.o(.text.tu_dong_5) for [Anonymous Symbol]
    tu_dong.o(.text.tu_dong_6) refers to function.o(.text.kep) for kep
    tu_dong.o(.text.tu_dong_6) refers to timer.o(.text.delayUs) for delayUs
    tu_dong.o(.text.tu_dong_6) refers to config.o(.bss.FEE_struct) for FEE_struct
    tu_dong.o(.text.tu_dong_6) refers to function.o(.text.nang_canh_tay) for nang_canh_tay
    tu_dong.o(.text.tu_dong_6) refers to function.o(.text.ha_canh_tay) for ha_canh_tay
    tu_dong.o(.ARM.exidx.text.tu_dong_6) refers to tu_dong.o(.text.tu_dong_6) for [Anonymous Symbol]
    misc.o(.ARM.exidx.text.NVIC_PriorityGroupConfig) refers to misc.o(.text.NVIC_PriorityGroupConfig) for [Anonymous Symbol]
    misc.o(.ARM.exidx.text.NVIC_Init) refers to misc.o(.text.NVIC_Init) for [Anonymous Symbol]
    misc.o(.ARM.exidx.text.NVIC_SetVectorTable) refers to misc.o(.text.NVIC_SetVectorTable) for [Anonymous Symbol]
    misc.o(.ARM.exidx.text.NVIC_SystemLPConfig) refers to misc.o(.text.NVIC_SystemLPConfig) for [Anonymous Symbol]
    misc.o(.ARM.exidx.text.SysTick_CLKSourceConfig) refers to misc.o(.text.SysTick_CLKSourceConfig) for [Anonymous Symbol]
    startup_stm32f10x_md.o(STACK) refers (Special) to heapauxi.o(.text) for __use_two_region_memory
    startup_stm32f10x_md.o(HEAP) refers (Special) to heapauxi.o(.text) for __use_two_region_memory
    startup_stm32f10x_md.o(RESET) refers (Special) to heapauxi.o(.text) for __use_two_region_memory
    startup_stm32f10x_md.o(RESET) refers to startup_stm32f10x_md.o(STACK) for __initial_sp
    startup_stm32f10x_md.o(RESET) refers to startup_stm32f10x_md.o(.text) for Reset_Handler
    startup_stm32f10x_md.o(RESET) refers to interrupt.o(.text.EXTI3_IRQHandler) for EXTI3_IRQHandler
    startup_stm32f10x_md.o(RESET) refers to interrupt.o(.text.EXTI4_IRQHandler) for EXTI4_IRQHandler
    startup_stm32f10x_md.o(RESET) refers to interrupt.o(.text.EXTI9_5_IRQHandler) for EXTI9_5_IRQHandler
    startup_stm32f10x_md.o(RESET) refers to interrupt.o(.text.USART1_IRQHandler) for USART1_IRQHandler
    startup_stm32f10x_md.o(RESET) refers to interrupt.o(.text.EXTI15_10_IRQHandler) for EXTI15_10_IRQHandler
    startup_stm32f10x_md.o(.text) refers (Special) to heapauxi.o(.text) for __use_two_region_memory
    startup_stm32f10x_md.o(.text) refers to system_stm32f10x.o(.text.SystemInit) for SystemInit
    startup_stm32f10x_md.o(.text) refers to __main.o(!!!main) for __main
    startup_stm32f10x_md.o(.text) refers to startup_stm32f10x_md.o(HEAP) for Heap_Mem
    startup_stm32f10x_md.o(.text) refers to startup_stm32f10x_md.o(STACK) for Stack_Mem
    system_stm32f10x.o(.text.SystemInit) refers to system_stm32f10x.o(.text.SetSysClock) for SetSysClock
    system_stm32f10x.o(.ARM.exidx.text.SystemInit) refers to system_stm32f10x.o(.text.SystemInit) for [Anonymous Symbol]
    system_stm32f10x.o(.text.SetSysClock) refers to system_stm32f10x.o(.text.SetSysClockTo72) for SetSysClockTo72
    system_stm32f10x.o(.ARM.exidx.text.SetSysClock) refers to system_stm32f10x.o(.text.SetSysClock) for [Anonymous Symbol]
    system_stm32f10x.o(.text.SystemCoreClockUpdate) refers to system_stm32f10x.o(.data.SystemCoreClock) for SystemCoreClock
    system_stm32f10x.o(.text.SystemCoreClockUpdate) refers to system_stm32f10x.o(.rodata.AHBPrescTable) for AHBPrescTable
    system_stm32f10x.o(.ARM.exidx.text.SystemCoreClockUpdate) refers to system_stm32f10x.o(.text.SystemCoreClockUpdate) for [Anonymous Symbol]
    system_stm32f10x.o(.ARM.exidx.text.SetSysClockTo72) refers to system_stm32f10x.o(.text.SetSysClockTo72) for [Anonymous Symbol]
    rt_memclr.o(.text) refers to rt_memclr_w.o(.text) for _memset_w
    __main.o(!!!main) refers to __rtentry.o(.ARM.Collect$$rtentry$$00000000) for __rt_entry
    ffix.o(x$fpl$ffix) refers (Special) to usenofp.o(x$fpl$usenofp) for __I$use$fp
    ffix.o(x$fpl$ffix) refers to fnaninf.o(x$fpl$fnaninf) for __fpl_fnaninf
    ffix.o(x$fpl$ffixr) refers (Special) to usenofp.o(x$fpl$usenofp) for __I$use$fp
    ffix.o(x$fpl$ffixr) refers to fnaninf.o(x$fpl$fnaninf) for __fpl_fnaninf
    fmul.o(x$fpl$fmul) refers (Special) to usenofp.o(x$fpl$usenofp) for __I$use$fp
    fmul.o(x$fpl$fmul) refers to fretinf.o(x$fpl$fretinf) for __fpl_fretinf
    fmul.o(x$fpl$fmul) refers to fnaninf.o(x$fpl$fnaninf) for __fpl_fnaninf
    __rtentry.o(.ARM.Collect$$rtentry$$00000000) refers (Special) to __rtentry2.o(.ARM.Collect$$rtentry$$0000000A) for __rt_entry_li
    __rtentry.o(.ARM.Collect$$rtentry$$00000000) refers (Special) to __rtentry2.o(.ARM.Collect$$rtentry$$0000000D) for __rt_entry_main
    __rtentry.o(.ARM.Collect$$rtentry$$00000000) refers (Special) to __rtentry2.o(.ARM.Collect$$rtentry$$0000000C) for __rt_entry_postli_1
    __rtentry.o(.ARM.Collect$$rtentry$$00000000) refers (Special) to __rtentry2.o(.ARM.Collect$$rtentry$$00000009) for __rt_entry_postsh_1
    __rtentry.o(.ARM.Collect$$rtentry$$00000000) refers (Special) to __rtentry2.o(.ARM.Collect$$rtentry$$00000002) for __rt_entry_presh_1
    __rtentry.o(.ARM.Collect$$rtentry$$00000000) refers (Special) to __rtentry4.o(.ARM.Collect$$rtentry$$00000004) for __rt_entry_sh
    fnaninf.o(x$fpl$fnaninf) refers (Special) to usenofp.o(x$fpl$usenofp) for __I$use$fp
    fretinf.o(x$fpl$fretinf) refers (Special) to usenofp.o(x$fpl$usenofp) for __I$use$fp
    __rtentry2.o(.ARM.Collect$$rtentry$$00000008) refers to boardinit2.o(.text) for _platform_post_stackheap_init
    __rtentry2.o(.ARM.Collect$$rtentry$$0000000A) refers to libinit.o(.ARM.Collect$$libinit$$00000000) for __rt_lib_init
    __rtentry2.o(.ARM.Collect$$rtentry$$0000000B) refers to boardinit3.o(.text) for _platform_post_lib_init
    __rtentry2.o(.ARM.Collect$$rtentry$$0000000D) refers to main.o(.text.main) for main
    __rtentry2.o(.ARM.Collect$$rtentry$$0000000D) refers to exit.o(.text) for exit
    __rtentry2.o(.ARM.exidx) refers to __rtentry2.o(.ARM.Collect$$rtentry$$00000001) for .ARM.Collect$$rtentry$$00000001
    __rtentry2.o(.ARM.exidx) refers to __rtentry2.o(.ARM.Collect$$rtentry$$00000008) for .ARM.Collect$$rtentry$$00000008
    __rtentry2.o(.ARM.exidx) refers to __rtentry2.o(.ARM.Collect$$rtentry$$0000000A) for .ARM.Collect$$rtentry$$0000000A
    __rtentry2.o(.ARM.exidx) refers to __rtentry2.o(.ARM.Collect$$rtentry$$0000000B) for .ARM.Collect$$rtentry$$0000000B
    __rtentry2.o(.ARM.exidx) refers to __rtentry2.o(.ARM.Collect$$rtentry$$0000000D) for .ARM.Collect$$rtentry$$0000000D
    __rtentry4.o(.ARM.Collect$$rtentry$$00000004) refers to sys_stackheap_outer.o(.text) for __user_setup_stackheap
    __rtentry4.o(.ARM.exidx) refers to __rtentry4.o(.ARM.Collect$$rtentry$$00000004) for .ARM.Collect$$rtentry$$00000004
    sys_stackheap_outer.o(.text) refers to libspace.o(.text) for __user_perproc_libspace
    sys_stackheap_outer.o(.text) refers to startup_stm32f10x_md.o(.text) for __user_initial_stackheap
    exit.o(.text) refers to rtexit.o(.ARM.Collect$$rtexit$$00000000) for __rt_exit
    libinit.o(.ARM.Collect$$libinit$$00000000) refers (Special) to libinit2.o(.ARM.Collect$$libinit$$0000002E) for __rt_lib_init_alloca_1
    libinit.o(.ARM.Collect$$libinit$$00000000) refers (Special) to libinit2.o(.ARM.Collect$$libinit$$0000002C) for __rt_lib_init_argv_1
    libinit.o(.ARM.Collect$$libinit$$00000000) refers (Special) to libinit2.o(.ARM.Collect$$libinit$$0000001B) for __rt_lib_init_atexit_1
    libinit.o(.ARM.Collect$$libinit$$00000000) refers (Special) to libinit2.o(.ARM.Collect$$libinit$$00000021) for __rt_lib_init_clock_1
    libinit.o(.ARM.Collect$$libinit$$00000000) refers (Special) to libinit2.o(.ARM.Collect$$libinit$$00000032) for __rt_lib_init_cpp_1
    libinit.o(.ARM.Collect$$libinit$$00000000) refers (Special) to libinit2.o(.ARM.Collect$$libinit$$00000030) for __rt_lib_init_exceptions_1
    libinit.o(.ARM.Collect$$libinit$$00000000) refers (Special) to libinit2.o(.ARM.Collect$$libinit$$00000002) for __rt_lib_init_fp_1
    libinit.o(.ARM.Collect$$libinit$$00000000) refers (Special) to libinit2.o(.ARM.Collect$$libinit$$0000001F) for __rt_lib_init_fp_trap_1
    libinit.o(.ARM.Collect$$libinit$$00000000) refers (Special) to libinit2.o(.ARM.Collect$$libinit$$00000023) for __rt_lib_init_getenv_1
    libinit.o(.ARM.Collect$$libinit$$00000000) refers (Special) to libinit2.o(.ARM.Collect$$libinit$$0000000A) for __rt_lib_init_heap_1
    libinit.o(.ARM.Collect$$libinit$$00000000) refers (Special) to libinit2.o(.ARM.Collect$$libinit$$00000011) for __rt_lib_init_lc_collate_1
    libinit.o(.ARM.Collect$$libinit$$00000000) refers (Special) to libinit2.o(.ARM.Collect$$libinit$$00000013) for __rt_lib_init_lc_ctype_1
    libinit.o(.ARM.Collect$$libinit$$00000000) refers (Special) to libinit2.o(.ARM.Collect$$libinit$$00000015) for __rt_lib_init_lc_monetary_1
    libinit.o(.ARM.Collect$$libinit$$00000000) refers (Special) to libinit2.o(.ARM.Collect$$libinit$$00000017) for __rt_lib_init_lc_numeric_1
    libinit.o(.ARM.Collect$$libinit$$00000000) refers (Special) to libinit2.o(.ARM.Collect$$libinit$$00000019) for __rt_lib_init_lc_time_1
    libinit.o(.ARM.Collect$$libinit$$00000000) refers (Special) to libinit2.o(.ARM.Collect$$libinit$$00000004) for __rt_lib_init_preinit_1
    libinit.o(.ARM.Collect$$libinit$$00000000) refers (Special) to libinit2.o(.ARM.Collect$$libinit$$0000000E) for __rt_lib_init_rand_1
    libinit.o(.ARM.Collect$$libinit$$00000000) refers (Special) to libinit2.o(.ARM.Collect$$libinit$$00000033) for __rt_lib_init_return
    libinit.o(.ARM.Collect$$libinit$$00000000) refers (Special) to libinit2.o(.ARM.Collect$$libinit$$0000001D) for __rt_lib_init_signal_1
    libinit.o(.ARM.Collect$$libinit$$00000000) refers (Special) to libinit2.o(.ARM.Collect$$libinit$$00000025) for __rt_lib_init_stdio_1
    libinit.o(.ARM.Collect$$libinit$$00000000) refers (Special) to libinit2.o(.ARM.Collect$$libinit$$0000000C) for __rt_lib_init_user_alloc_1
    libspace.o(.text) refers to libspace.o(.bss) for __libspace_start
    rtexit.o(.ARM.Collect$$rtexit$$00000000) refers (Special) to rtexit2.o(.ARM.Collect$$rtexit$$00000004) for __rt_exit_exit
    rtexit.o(.ARM.Collect$$rtexit$$00000000) refers (Special) to rtexit2.o(.ARM.Collect$$rtexit$$00000003) for __rt_exit_ls
    rtexit.o(.ARM.Collect$$rtexit$$00000000) refers (Special) to rtexit2.o(.ARM.Collect$$rtexit$$00000002) for __rt_exit_prels_1
    rtexit.o(.ARM.exidx) refers (Special) to rtexit2.o(.ARM.Collect$$rtexit$$00000004) for __rt_exit_exit
    rtexit.o(.ARM.exidx) refers (Special) to rtexit2.o(.ARM.Collect$$rtexit$$00000003) for __rt_exit_ls
    rtexit.o(.ARM.exidx) refers (Special) to rtexit2.o(.ARM.Collect$$rtexit$$00000002) for __rt_exit_prels_1
    rtexit.o(.ARM.exidx) refers to rtexit.o(.ARM.Collect$$rtexit$$00000000) for .ARM.Collect$$rtexit$$00000000
    libinit2.o(.ARM.Collect$$libinit$$00000010) refers to libinit2.o(.ARM.Collect$$libinit$$0000000F) for .ARM.Collect$$libinit$$0000000F
    libinit2.o(.ARM.Collect$$libinit$$00000012) refers to libinit2.o(.ARM.Collect$$libinit$$0000000F) for .ARM.Collect$$libinit$$0000000F
    libinit2.o(.ARM.Collect$$libinit$$00000014) refers to libinit2.o(.ARM.Collect$$libinit$$0000000F) for .ARM.Collect$$libinit$$0000000F
    libinit2.o(.ARM.Collect$$libinit$$00000016) refers to libinit2.o(.ARM.Collect$$libinit$$0000000F) for .ARM.Collect$$libinit$$0000000F
    libinit2.o(.ARM.Collect$$libinit$$00000018) refers to libinit2.o(.ARM.Collect$$libinit$$0000000F) for .ARM.Collect$$libinit$$0000000F
    libinit2.o(.ARM.Collect$$libinit$$00000026) refers to argv_veneer.o(.emb_text) for __ARM_argv_veneer
    libinit2.o(.ARM.Collect$$libinit$$00000027) refers to argv_veneer.o(.emb_text) for __ARM_argv_veneer
    rtexit2.o(.ARM.Collect$$rtexit$$00000003) refers to libshutdown.o(.ARM.Collect$$libshutdown$$00000000) for __rt_lib_shutdown
    rtexit2.o(.ARM.Collect$$rtexit$$00000004) refers to sys_exit.o(.text) for _sys_exit
    rtexit2.o(.ARM.exidx) refers to rtexit2.o(.ARM.Collect$$rtexit$$00000001) for .ARM.Collect$$rtexit$$00000001
    rtexit2.o(.ARM.exidx) refers to rtexit2.o(.ARM.Collect$$rtexit$$00000003) for .ARM.Collect$$rtexit$$00000003
    rtexit2.o(.ARM.exidx) refers to rtexit2.o(.ARM.Collect$$rtexit$$00000004) for .ARM.Collect$$rtexit$$00000004
    argv_veneer.o(.emb_text) refers to no_argv.o(.text) for __ARM_get_argv
    sys_exit.o(.text) refers (Special) to use_no_semi.o(.text) for __I$use$semihosting
    sys_exit.o(.text) refers (Special) to indicate_semi.o(.text) for __semihosting_library_function
    sys_exit_hlt.o(.text) refers (Special) to use_no_semi.o(.text) for __I$use$semihosting
    sys_exit_hlt.o(.text) refers (Special) to indicate_semi.o(.text) for __semihosting_library_function
    _get_argv_nomalloc.o(.text) refers (Special) to hrguard.o(.text) for __heap_region$guard
    _get_argv_nomalloc.o(.text) refers to defsig_rtmem_outer.o(.text) for __rt_SIGRTMEM
    _get_argv_nomalloc.o(.text) refers to sys_command.o(.text) for _sys_command_string
    libshutdown.o(.ARM.Collect$$libshutdown$$00000000) refers (Special) to libshutdown2.o(.ARM.Collect$$libshutdown$$00000002) for __rt_lib_shutdown_cpp_1
    libshutdown.o(.ARM.Collect$$libshutdown$$00000000) refers (Special) to libshutdown2.o(.ARM.Collect$$libshutdown$$00000007) for __rt_lib_shutdown_fp_trap_1
    libshutdown.o(.ARM.Collect$$libshutdown$$00000000) refers (Special) to libshutdown2.o(.ARM.Collect$$libshutdown$$0000000F) for __rt_lib_shutdown_heap_1
    libshutdown.o(.ARM.Collect$$libshutdown$$00000000) refers (Special) to libshutdown2.o(.ARM.Collect$$libshutdown$$00000010) for __rt_lib_shutdown_return
    libshutdown.o(.ARM.Collect$$libshutdown$$00000000) refers (Special) to libshutdown2.o(.ARM.Collect$$libshutdown$$0000000A) for __rt_lib_shutdown_signal_1
    libshutdown.o(.ARM.Collect$$libshutdown$$00000000) refers (Special) to libshutdown2.o(.ARM.Collect$$libshutdown$$00000004) for __rt_lib_shutdown_stdio_1
    libshutdown.o(.ARM.Collect$$libshutdown$$00000000) refers (Special) to libshutdown2.o(.ARM.Collect$$libshutdown$$0000000C) for __rt_lib_shutdown_user_alloc_1
    sys_command.o(.text) refers (Special) to use_no_semi.o(.text) for __I$use$semihosting
    sys_command.o(.text) refers (Special) to indicate_semi.o(.text) for __semihosting_library_function
    sys_command_hlt.o(.text) refers (Special) to use_no_semi.o(.text) for __I$use$semihosting
    sys_command_hlt.o(.text) refers (Special) to indicate_semi.o(.text) for __semihosting_library_function
    defsig_rtmem_outer.o(.text) refers to defsig_rtmem_inner.o(.text) for __rt_SIGRTMEM_inner
    defsig_rtmem_outer.o(.text) refers to defsig_exit.o(.text) for __sig_exit
    defsig_rtmem_formal.o(.text) refers to rt_raise.o(.text) for __rt_raise
    rt_raise.o(.text) refers to __raise.o(.text) for __raise
    rt_raise.o(.text) refers to sys_exit.o(.text) for _sys_exit
    defsig_exit.o(.text) refers to sys_exit.o(.text) for _sys_exit
    defsig_rtmem_inner.o(.text) refers to defsig_general.o(.text) for __default_signal_display
    __raise.o(.text) refers to defsig.o(CL$$defsig) for __default_signal_handler
    defsig_general.o(.text) refers to sys_wrch.o(.text) for _ttywrch
    sys_wrch.o(.text) refers (Special) to use_no_semi.o(.text) for __I$use$semihosting
    sys_wrch.o(.text) refers (Special) to indicate_semi.o(.text) for __semihosting_library_function
    sys_wrch_hlt.o(.text) refers (Special) to use_no_semi.o(.text) for __I$use$semihosting
    sys_wrch_hlt.o(.text) refers (Special) to indicate_semi.o(.text) for __semihosting_library_function
    defsig.o(CL$$defsig) refers to defsig_rtmem_inner.o(.text) for __rt_SIGRTMEM_inner
    defsig_abrt_inner.o(.text) refers to defsig_general.o(.text) for __default_signal_display
    defsig_fpe_inner.o(.text) refers to defsig_general.o(.text) for __default_signal_display
    defsig_rtred_inner.o(.text) refers to defsig_general.o(.text) for __default_signal_display
    defsig_stak_inner.o(.text) refers to defsig_general.o(.text) for __default_signal_display
    defsig_pvfn_inner.o(.text) refers to defsig_general.o(.text) for __default_signal_display
    defsig_cppl_inner.o(.text) refers to defsig_general.o(.text) for __default_signal_display
    defsig_segv_inner.o(.text) refers to defsig_general.o(.text) for __default_signal_display
    defsig_other.o(.text) refers to defsig_general.o(.text) for __default_signal_display


==============================================================================

Removing Unused input sections from the image.

    Removing main.o(.text), (0 bytes).
    Removing main.o(.ARM.exidx.text.main), (8 bytes).
    Removing main.o(.ARM.use_no_argv), (4 bytes).
    Removing gpio.o(.text), (0 bytes).
    Removing gpio.o(.ARM.exidx.text.configGPIOA), (8 bytes).
    Removing gpio.o(.ARM.exidx.text.configGPIOB), (8 bytes).
    Removing gpio.o(.ARM.exidx.text.configGPIOC), (8 bytes).
    Removing gpio.o(.ARM.exidx.text.configAFIO), (8 bytes).
    Removing timer.o(.text), (0 bytes).
    Removing timer.o(.text.configTIM1), (156 bytes).
    Removing timer.o(.ARM.exidx.text.configTIM1), (8 bytes).
    Removing timer.o(.ARM.exidx.text.configTIM2), (8 bytes).
    Removing timer.o(.ARM.exidx.text.configTIM3), (8 bytes).
    Removing timer.o(.ARM.exidx.text.configTIM4), (8 bytes).
    Removing timer.o(.ARM.exidx.text.delayUs), (8 bytes).
    Removing servo.o(.text), (0 bytes).
    Removing servo.o(.text.servo1), (30 bytes).
    Removing servo.o(.ARM.exidx.text.servo1), (8 bytes).
    Removing servo.o(.text.servo2), (30 bytes).
    Removing servo.o(.ARM.exidx.text.servo2), (8 bytes).
    Removing servo.o(.text.dc1), (66 bytes).
    Removing servo.o(.ARM.exidx.text.dc1), (8 bytes).
    Removing servo.o(.text.khoaDC), (26 bytes).
    Removing servo.o(.ARM.exidx.text.khoaDC), (8 bytes).
    Removing exti.o(.text), (0 bytes).
    Removing exti.o(.ARM.exidx.text.configEXTI), (8 bytes).
    Removing interrupt.o(.text), (0 bytes).
    Removing interrupt.o(.ARM.exidx.text.EXTI15_10_IRQHandler), (8 bytes).
    Removing interrupt.o(.ARM.exidx.text.EXTI4_IRQHandler), (8 bytes).
    Removing interrupt.o(.ARM.exidx.text.EXTI9_5_IRQHandler), (8 bytes).
    Removing interrupt.o(.ARM.exidx.text.EXTI3_IRQHandler), (8 bytes).
    Removing interrupt.o(.ARM.exidx.text.USART1_IRQHandler), (8 bytes).
    Removing nvic.o(.text), (0 bytes).
    Removing nvic.o(.ARM.exidx.text.configNVIC), (8 bytes).
    Removing nvic.o(.ARM.exidx.text.__NVIC_SetPriorityGrouping), (8 bytes).
    Removing nvic.o(.ARM.exidx.text.__NVIC_SetPriority), (8 bytes).
    Removing nvic.o(.ARM.exidx.text.__NVIC_EnableIRQ), (8 bytes).
    Removing config.o(.text), (0 bytes).
    Removing config.o(.ARM.exidx.text.config), (8 bytes).
    Removing config.o(.ARM.exidx.text.trang_thai_init), (8 bytes).
    Removing config.o(.ARM.exidx.text.canh_tay_init), (8 bytes).
    Removing config.o(.ARM.exidx.text.lai_tay_init), (8 bytes).
    Removing config.o(.ARM.exidx.text.tu_dong_init), (8 bytes).
    Removing i2c.o(.text), (0 bytes).
    Removing i2c.o(.text.configI2c), (86 bytes).
    Removing i2c.o(.ARM.exidx.text.configI2c), (8 bytes).
    Removing i2c.o(.text.startI2c), (32 bytes).
    Removing i2c.o(.ARM.exidx.text.startI2c), (8 bytes).
    Removing i2c.o(.text.writeI2c), (28 bytes).
    Removing i2c.o(.ARM.exidx.text.writeI2c), (8 bytes).
    Removing i2c.o(.text.addressI2c), (24 bytes).
    Removing i2c.o(.ARM.exidx.text.addressI2c), (8 bytes).
    Removing i2c.o(.text.stopI2c), (18 bytes).
    Removing i2c.o(.ARM.exidx.text.stopI2c), (8 bytes).
    Removing i2c.o(.text.writeMutiI2c), (44 bytes).
    Removing i2c.o(.ARM.exidx.text.writeMutiI2c), (8 bytes).
    Removing i2c.o(.text.readI2c), (162 bytes).
    Removing i2c.o(.ARM.exidx.text.readI2c), (8 bytes).
    Removing uart.o(.text), (0 bytes).
    Removing uart.o(.ARM.exidx.text.configUART1), (8 bytes).
    Removing uart.o(.ARM.exidx.text.configUART2), (8 bytes).
    Removing uart.o(.ARM.exidx.text.configUART3), (8 bytes).
    Removing dma.o(.text), (0 bytes).
    Removing dma.o(.ARM.exidx.text.configDMA1), (8 bytes).
    Removing dma.o(.text.initDMA1Channel5), (22 bytes).
    Removing dma.o(.ARM.exidx.text.initDMA1Channel5), (8 bytes).
    Removing dma.o(.text.initDMA1Channel6), (22 bytes).
    Removing dma.o(.ARM.exidx.text.initDMA1Channel6), (8 bytes).
    Removing dma.o(.text.initDMA1Channel3), (22 bytes).
    Removing dma.o(.ARM.exidx.text.initDMA1Channel3), (8 bytes).
    Removing dma.o(.text.initDMA1Channel4), (22 bytes).
    Removing dma.o(.ARM.exidx.text.initDMA1Channel4), (8 bytes).
    Removing dma.o(.ARM.exidx.text.initDMA1Channel7), (8 bytes).
    Removing dma.o(.text.initDMA1Channel2), (22 bytes).
    Removing dma.o(.ARM.exidx.text.initDMA1Channel2), (8 bytes).
    Removing dma.o(.text.enItDma), (138 bytes).
    Removing dma.o(.ARM.exidx.text.enItDma), (8 bytes).
    Removing dma.o(.text.disEnItDma), (138 bytes).
    Removing dma.o(.ARM.exidx.text.disEnItDma), (8 bytes).
    Removing function.o(.text), (0 bytes).
    Removing function.o(.ARM.exidx.text.control_xilanh), (8 bytes).
    Removing function.o(.ARM.exidx.text.nang_canh_tay), (8 bytes).
    Removing function.o(.ARM.exidx.text.ha_canh_tay), (8 bytes).
    Removing function.o(.ARM.exidx.text.xoay_phai), (8 bytes).
    Removing function.o(.ARM.exidx.text.xoay_trai), (8 bytes).
    Removing function.o(.ARM.exidx.text.khoa_dc_tay), (8 bytes).
    Removing function.o(.ARM.exidx.text.kep), (8 bytes).
    Removing function.o(.text.nha), (58 bytes).
    Removing function.o(.ARM.exidx.text.nha), (8 bytes).
    Removing function.o(.text.test_xilanh), (144 bytes).
    Removing function.o(.ARM.exidx.text.test_xilanh), (8 bytes).
    Removing function.o(.ARM.exidx.text.send_to_main), (8 bytes).
    Removing function.o(.ARM.exidx.text.enable_reciver_to_main), (8 bytes).
    Removing function.o(.ARM.exidx.text.nut_lai_tay), (8 bytes).
    Removing function.o(.ARM.exidx.text.khoi_tao_tu_dong), (8 bytes).
    Removing function.o(.ARM.exidx.text.ham_lai_tay), (8 bytes).
    Removing function.o(.ARM.exidx.text.reset_check_xoay_tay_1), (8 bytes).
    Removing function.o(.ARM.exidx.text.reset_check_xoay_tay_2), (8 bytes).
    Removing function.o(.text.check_xoay_tay_1), (38 bytes).
    Removing function.o(.ARM.exidx.text.check_xoay_tay_1), (8 bytes).
    Removing function.o(.text.check_xoay_tay_2), (40 bytes).
    Removing function.o(.ARM.exidx.text.check_xoay_tay_2), (8 bytes).
    Removing function.o(.ARM.exidx.text.khoi_tao_kep_lua), (8 bytes).
    Removing function.o(.ARM.exidx.text.tinh_vi_tri_tay_xoay), (8 bytes).
    Removing tu_dong.o(.text), (0 bytes).
    Removing tu_dong.o(.ARM.exidx.text.tu_dong_1), (8 bytes).
    Removing tu_dong.o(.ARM.exidx.text.tu_dong_2), (8 bytes).
    Removing tu_dong.o(.ARM.exidx.text.tu_dong_3), (8 bytes).
    Removing tu_dong.o(.ARM.exidx.text.tu_dong_4), (8 bytes).
    Removing tu_dong.o(.ARM.exidx.text.tu_dong_5), (8 bytes).
    Removing tu_dong.o(.ARM.exidx.text.tu_dong_6), (8 bytes).
    Removing misc.o(.text), (0 bytes).
    Removing misc.o(.text.NVIC_PriorityGroupConfig), (20 bytes).
    Removing misc.o(.ARM.exidx.text.NVIC_PriorityGroupConfig), (8 bytes).
    Removing misc.o(.text.NVIC_Init), (94 bytes).
    Removing misc.o(.ARM.exidx.text.NVIC_Init), (8 bytes).
    Removing misc.o(.text.NVIC_SetVectorTable), (24 bytes).
    Removing misc.o(.ARM.exidx.text.NVIC_SetVectorTable), (8 bytes).
    Removing misc.o(.text.NVIC_SystemLPConfig), (24 bytes).
    Removing misc.o(.ARM.exidx.text.NVIC_SystemLPConfig), (8 bytes).
    Removing misc.o(.text.SysTick_CLKSourceConfig), (24 bytes).
    Removing misc.o(.ARM.exidx.text.SysTick_CLKSourceConfig), (8 bytes).
    Removing system_stm32f10x.o(.text), (0 bytes).
    Removing system_stm32f10x.o(.ARM.exidx.text.SystemInit), (8 bytes).
    Removing system_stm32f10x.o(.ARM.exidx.text.SetSysClock), (8 bytes).
    Removing system_stm32f10x.o(.text.SystemCoreClockUpdate), (110 bytes).
    Removing system_stm32f10x.o(.ARM.exidx.text.SystemCoreClockUpdate), (8 bytes).
    Removing system_stm32f10x.o(.ARM.exidx.text.SetSysClockTo72), (8 bytes).
    Removing system_stm32f10x.o(.data.SystemCoreClock), (4 bytes).
    Removing system_stm32f10x.o(.rodata.AHBPrescTable), (16 bytes).

130 unused section(s) (total 2352 bytes) removed from the image.

==============================================================================

Image Symbol Table

    Local Symbols

    Symbol Name                              Value     Ov Type        Size  Object(Section)

    ../clib/angel/boardlib.s                 0x00000000   Number         0  boardinit1.o ABSOLUTE
    ../clib/angel/boardlib.s                 0x00000000   Number         0  boardinit2.o ABSOLUTE
    ../clib/angel/boardlib.s                 0x00000000   Number         0  boardinit3.o ABSOLUTE
    ../clib/angel/boardlib.s                 0x00000000   Number         0  boardshut.o ABSOLUTE
    ../clib/angel/handlers.s                 0x00000000   Number         0  __scatter_zi.o ABSOLUTE
    ../clib/angel/kernel.s                   0x00000000   Number         0  __rtentry.o ABSOLUTE
    ../clib/angel/kernel.s                   0x00000000   Number         0  __rtentry2.o ABSOLUTE
    ../clib/angel/kernel.s                   0x00000000   Number         0  __rtentry4.o ABSOLUTE
    ../clib/angel/kernel.s                   0x00000000   Number         0  rtexit.o ABSOLUTE
    ../clib/angel/kernel.s                   0x00000000   Number         0  rtexit2.o ABSOLUTE
    ../clib/angel/rt.s                       0x00000000   Number         0  rt_raise.o ABSOLUTE
    ../clib/angel/scatter.s                  0x00000000   Number         0  __scatter.o ABSOLUTE
    ../clib/angel/startup.s                  0x00000000   Number         0  __main.o ABSOLUTE
    ../clib/angel/sys.s                      0x00000000   Number         0  sys_stackheap_outer.o ABSOLUTE
    ../clib/angel/sys.s                      0x00000000   Number         0  libspace.o ABSOLUTE
    ../clib/angel/sys.s                      0x00000000   Number         0  use_no_semi.o ABSOLUTE
    ../clib/angel/sys.s                      0x00000000   Number         0  indicate_semi.o ABSOLUTE
    ../clib/angel/sysapp.c                   0x00000000   Number         0  sys_exit.o ABSOLUTE
    ../clib/angel/sysapp.c                   0x00000000   Number         0  sys_exit_hlt.o ABSOLUTE
    ../clib/angel/sysapp.c                   0x00000000   Number         0  sys_command.o ABSOLUTE
    ../clib/angel/sysapp.c                   0x00000000   Number         0  sys_command_hlt.o ABSOLUTE
    ../clib/angel/sysapp.c                   0x00000000   Number         0  sys_wrch.o ABSOLUTE
    ../clib/angel/sysapp.c                   0x00000000   Number         0  sys_wrch_hlt.o ABSOLUTE
    ../clib/armsys.c                         0x00000000   Number         0  argv_veneer.o ABSOLUTE
    ../clib/armsys.c                         0x00000000   Number         0  argv_veneer.o ABSOLUTE
    ../clib/armsys.c                         0x00000000   Number         0  _get_argv_nomalloc.o ABSOLUTE
    ../clib/armsys.c                         0x00000000   Number         0  no_argv.o ABSOLUTE
    ../clib/heapalloc.c                      0x00000000   Number         0  hrguard.o ABSOLUTE
    ../clib/heapaux.c                        0x00000000   Number         0  heapauxi.o ABSOLUTE
    ../clib/libinit.s                        0x00000000   Number         0  libinit.o ABSOLUTE
    ../clib/libinit.s                        0x00000000   Number         0  libinit2.o ABSOLUTE
    ../clib/libinit.s                        0x00000000   Number         0  libshutdown.o ABSOLUTE
    ../clib/libinit.s                        0x00000000   Number         0  libshutdown2.o ABSOLUTE
    ../clib/memcpset.s                       0x00000000   Number         0  rt_memclr.o ABSOLUTE
    ../clib/memcpset.s                       0x00000000   Number         0  rt_memclr_w.o ABSOLUTE
    ../clib/signal.c                         0x00000000   Number         0  defsig_rtmem_outer.o ABSOLUTE
    ../clib/signal.c                         0x00000000   Number         0  defsig_rtmem_formal.o ABSOLUTE
    ../clib/signal.c                         0x00000000   Number         0  defsig_exit.o ABSOLUTE
    ../clib/signal.c                         0x00000000   Number         0  defsig_rtmem_inner.o ABSOLUTE
    ../clib/signal.c                         0x00000000   Number         0  __raise.o ABSOLUTE
    ../clib/signal.c                         0x00000000   Number         0  defsig_general.o ABSOLUTE
    ../clib/signal.c                         0x00000000   Number         0  defsig_abrt_inner.o ABSOLUTE
    ../clib/signal.c                         0x00000000   Number         0  defsig_fpe_inner.o ABSOLUTE
    ../clib/signal.c                         0x00000000   Number         0  defsig_rtred_inner.o ABSOLUTE
    ../clib/signal.c                         0x00000000   Number         0  defsig_stak_inner.o ABSOLUTE
    ../clib/signal.c                         0x00000000   Number         0  defsig_pvfn_inner.o ABSOLUTE
    ../clib/signal.c                         0x00000000   Number         0  defsig_cppl_inner.o ABSOLUTE
    ../clib/signal.c                         0x00000000   Number         0  defsig_segv_inner.o ABSOLUTE
    ../clib/signal.c                         0x00000000   Number         0  defsig_other.o ABSOLUTE
    ../clib/signal.s                         0x00000000   Number         0  defsig.o ABSOLUTE
    ../clib/stdlib.c                         0x00000000   Number         0  exit.o ABSOLUTE
    ../fplib/ffix.s                          0x00000000   Number         0  ffix.o ABSOLUTE
    ../fplib/fmul.s                          0x00000000   Number         0  fmul.o ABSOLUTE
    ../fplib/fnaninf.s                       0x00000000   Number         0  fnaninf.o ABSOLUTE
    ../fplib/fpinit.s                        0x00000000   Number         0  fpinit.o ABSOLUTE
    ../fplib/fpinit_empty.s                  0x00000000   Number         0  fpinit_empty.o ABSOLUTE
    ../fplib/fretinf.s                       0x00000000   Number         0  fretinf.o ABSOLUTE
    ../fplib/usenofp.s                       0x00000000   Number         0  usenofp.o ABSOLUTE
    RTE/Device/STM32F103C8/startup_stm32f10x_md.s 0x00000000   Number         0  startup_stm32f10x_md.o ABSOLUTE
    config.c                                 0x00000000   Number         0  config.o ABSOLUTE
    dc.s                                     0x00000000   Number         0  dc.o ABSOLUTE
    dma.c                                    0x00000000   Number         0  dma.o ABSOLUTE
    exti.c                                   0x00000000   Number         0  exti.o ABSOLUTE
    function.c                               0x00000000   Number         0  function.o ABSOLUTE
    gpio.c                                   0x00000000   Number         0  gpio.o ABSOLUTE
    i2c.c                                    0x00000000   Number         0  i2c.o ABSOLUTE
    interrupt.c                              0x00000000   Number         0  interrupt.o ABSOLUTE
    main.c                                   0x00000000   Number         0  main.o ABSOLUTE
    misc.c                                   0x00000000   Number         0  misc.o ABSOLUTE
    nvic.c                                   0x00000000   Number         0  nvic.o ABSOLUTE
    servo.c                                  0x00000000   Number         0  servo.o ABSOLUTE
    system_stm32f10x.c                       0x00000000   Number         0  system_stm32f10x.o ABSOLUTE
    timer.c                                  0x00000000   Number         0  timer.o ABSOLUTE
    tu_dong.c                                0x00000000   Number         0  tu_dong.o ABSOLUTE
    uart.c                                   0x00000000   Number         0  uart.o ABSOLUTE
    RESET                                    0x08000000   Section      236  startup_stm32f10x_md.o(RESET)
    !!!main                                  0x080000ec   Section        8  __main.o(!!!main)
    !!!scatter                               0x080000f4   Section       52  __scatter.o(!!!scatter)
    !!handler_zi                             0x08000128   Section       28  __scatter_zi.o(!!handler_zi)
    .ARM.Collect$$libinit$$00000000          0x08000144   Section        2  libinit.o(.ARM.Collect$$libinit$$00000000)
    .ARM.Collect$$libinit$$00000002          0x08000146   Section        0  libinit2.o(.ARM.Collect$$libinit$$00000002)
    .ARM.Collect$$libinit$$00000004          0x08000146   Section        0  libinit2.o(.ARM.Collect$$libinit$$00000004)
    .ARM.Collect$$libinit$$0000000A          0x08000146   Section        0  libinit2.o(.ARM.Collect$$libinit$$0000000A)
    .ARM.Collect$$libinit$$0000000C          0x08000146   Section        0  libinit2.o(.ARM.Collect$$libinit$$0000000C)
    .ARM.Collect$$libinit$$0000000E          0x08000146   Section        0  libinit2.o(.ARM.Collect$$libinit$$0000000E)
    .ARM.Collect$$libinit$$00000011          0x08000146   Section        0  libinit2.o(.ARM.Collect$$libinit$$00000011)
    .ARM.Collect$$libinit$$00000013          0x08000146   Section        0  libinit2.o(.ARM.Collect$$libinit$$00000013)
    .ARM.Collect$$libinit$$00000015          0x08000146   Section        0  libinit2.o(.ARM.Collect$$libinit$$00000015)
    .ARM.Collect$$libinit$$00000017          0x08000146   Section        0  libinit2.o(.ARM.Collect$$libinit$$00000017)
    .ARM.Collect$$libinit$$00000019          0x08000146   Section        0  libinit2.o(.ARM.Collect$$libinit$$00000019)
    .ARM.Collect$$libinit$$0000001B          0x08000146   Section        0  libinit2.o(.ARM.Collect$$libinit$$0000001B)
    .ARM.Collect$$libinit$$0000001D          0x08000146   Section        0  libinit2.o(.ARM.Collect$$libinit$$0000001D)
    .ARM.Collect$$libinit$$0000001F          0x08000146   Section        0  libinit2.o(.ARM.Collect$$libinit$$0000001F)
    .ARM.Collect$$libinit$$00000021          0x08000146   Section        0  libinit2.o(.ARM.Collect$$libinit$$00000021)
    .ARM.Collect$$libinit$$00000023          0x08000146   Section        0  libinit2.o(.ARM.Collect$$libinit$$00000023)
    .ARM.Collect$$libinit$$00000025          0x08000146   Section        0  libinit2.o(.ARM.Collect$$libinit$$00000025)
    .ARM.Collect$$libinit$$0000002C          0x08000146   Section        0  libinit2.o(.ARM.Collect$$libinit$$0000002C)
    .ARM.Collect$$libinit$$0000002E          0x08000146   Section        0  libinit2.o(.ARM.Collect$$libinit$$0000002E)
    .ARM.Collect$$libinit$$00000030          0x08000146   Section        0  libinit2.o(.ARM.Collect$$libinit$$00000030)
    .ARM.Collect$$libinit$$00000032          0x08000146   Section        0  libinit2.o(.ARM.Collect$$libinit$$00000032)
    .ARM.Collect$$libinit$$00000033          0x08000146   Section        2  libinit2.o(.ARM.Collect$$libinit$$00000033)
    .ARM.Collect$$libshutdown$$00000000      0x08000148   Section        2  libshutdown.o(.ARM.Collect$$libshutdown$$00000000)
    .ARM.Collect$$libshutdown$$00000002      0x0800014a   Section        0  libshutdown2.o(.ARM.Collect$$libshutdown$$00000002)
    .ARM.Collect$$libshutdown$$00000004      0x0800014a   Section        0  libshutdown2.o(.ARM.Collect$$libshutdown$$00000004)
    .ARM.Collect$$libshutdown$$00000007      0x0800014a   Section        0  libshutdown2.o(.ARM.Collect$$libshutdown$$00000007)
    .ARM.Collect$$libshutdown$$0000000A      0x0800014a   Section        0  libshutdown2.o(.ARM.Collect$$libshutdown$$0000000A)
    .ARM.Collect$$libshutdown$$0000000C      0x0800014a   Section        0  libshutdown2.o(.ARM.Collect$$libshutdown$$0000000C)
    .ARM.Collect$$libshutdown$$0000000F      0x0800014a   Section        0  libshutdown2.o(.ARM.Collect$$libshutdown$$0000000F)
    .ARM.Collect$$libshutdown$$00000010      0x0800014a   Section        2  libshutdown2.o(.ARM.Collect$$libshutdown$$00000010)
    .ARM.Collect$$rtentry$$00000000          0x0800014c   Section        0  __rtentry.o(.ARM.Collect$$rtentry$$00000000)
    .ARM.Collect$$rtentry$$00000002          0x0800014c   Section        0  __rtentry2.o(.ARM.Collect$$rtentry$$00000002)
    .ARM.Collect$$rtentry$$00000004          0x0800014c   Section        6  __rtentry4.o(.ARM.Collect$$rtentry$$00000004)
    .ARM.Collect$$rtentry$$00000009          0x08000152   Section        0  __rtentry2.o(.ARM.Collect$$rtentry$$00000009)
    .ARM.Collect$$rtentry$$0000000A          0x08000152   Section        4  __rtentry2.o(.ARM.Collect$$rtentry$$0000000A)
    .ARM.Collect$$rtentry$$0000000C          0x08000156   Section        0  __rtentry2.o(.ARM.Collect$$rtentry$$0000000C)
    .ARM.Collect$$rtentry$$0000000D          0x08000156   Section        8  __rtentry2.o(.ARM.Collect$$rtentry$$0000000D)
    .ARM.Collect$$rtexit$$00000000           0x0800015e   Section        2  rtexit.o(.ARM.Collect$$rtexit$$00000000)
    .ARM.Collect$$rtexit$$00000002           0x08000160   Section        0  rtexit2.o(.ARM.Collect$$rtexit$$00000002)
    .ARM.Collect$$rtexit$$00000003           0x08000160   Section        4  rtexit2.o(.ARM.Collect$$rtexit$$00000003)
    .ARM.Collect$$rtexit$$00000004           0x08000164   Section        6  rtexit2.o(.ARM.Collect$$rtexit$$00000004)
    .text                                    0x0800016c   Section       64  startup_stm32f10x_md.o(.text)
    .text                                    0x080001ac   Section       68  rt_memclr.o(.text)
    .text                                    0x080001f0   Section        0  heapauxi.o(.text)
    .text                                    0x080001f6   Section       78  rt_memclr_w.o(.text)
    .text                                    0x08000244   Section       74  sys_stackheap_outer.o(.text)
    .text                                    0x0800028e   Section        0  exit.o(.text)
    .text                                    0x080002a0   Section        8  libspace.o(.text)
    .text                                    0x080002a8   Section        0  sys_exit.o(.text)
    .text                                    0x080002b4   Section        2  use_no_semi.o(.text)
    .text                                    0x080002b6   Section        0  indicate_semi.o(.text)
    [Anonymous Symbol]                       0x080002b8   Section        0  interrupt.o(.text.EXTI15_10_IRQHandler)
    [Anonymous Symbol]                       0x08000314   Section        0  interrupt.o(.text.EXTI3_IRQHandler)
    [Anonymous Symbol]                       0x08000408   Section        0  interrupt.o(.text.EXTI4_IRQHandler)
    [Anonymous Symbol]                       0x080004a8   Section        0  interrupt.o(.text.EXTI9_5_IRQHandler)
    SetSysClock                              0x08000549   Thumb Code     8  system_stm32f10x.o(.text.SetSysClock)
    [Anonymous Symbol]                       0x08000548   Section        0  system_stm32f10x.o(.text.SetSysClock)
    SetSysClockTo72                          0x08000551   Thumb Code   190  system_stm32f10x.o(.text.SetSysClockTo72)
    [Anonymous Symbol]                       0x08000550   Section        0  system_stm32f10x.o(.text.SetSysClockTo72)
    [Anonymous Symbol]                       0x08000610   Section        0  system_stm32f10x.o(.text.SystemInit)
    [Anonymous Symbol]                       0x08000668   Section        0  interrupt.o(.text.USART1_IRQHandler)
    __NVIC_EnableIRQ                         0x0800074d   Thumb Code    32  nvic.o(.text.__NVIC_EnableIRQ)
    [Anonymous Symbol]                       0x0800074c   Section        0  nvic.o(.text.__NVIC_EnableIRQ)
    __NVIC_SetPriority                       0x0800076d   Thumb Code    16  nvic.o(.text.__NVIC_SetPriority)
    [Anonymous Symbol]                       0x0800076c   Section        0  nvic.o(.text.__NVIC_SetPriority)
    __NVIC_SetPriorityGrouping               0x0800077d   Thumb Code    28  nvic.o(.text.__NVIC_SetPriorityGrouping)
    [Anonymous Symbol]                       0x0800077c   Section        0  nvic.o(.text.__NVIC_SetPriorityGrouping)
    [Anonymous Symbol]                       0x08000798   Section        0  config.o(.text.canh_tay_init)
    [Anonymous Symbol]                       0x080007b8   Section        0  config.o(.text.config)
    [Anonymous Symbol]                       0x08000818   Section        0  gpio.o(.text.configAFIO)
    [Anonymous Symbol]                       0x08000850   Section        0  dma.o(.text.configDMA1)
    [Anonymous Symbol]                       0x08000878   Section        0  exti.o(.text.configEXTI)
    [Anonymous Symbol]                       0x080008ec   Section        0  gpio.o(.text.configGPIOA)
    [Anonymous Symbol]                       0x080009ac   Section        0  gpio.o(.text.configGPIOB)
    [Anonymous Symbol]                       0x08000a74   Section        0  gpio.o(.text.configGPIOC)
    [Anonymous Symbol]                       0x08000aa4   Section        0  nvic.o(.text.configNVIC)
    [Anonymous Symbol]                       0x08000af4   Section        0  timer.o(.text.configTIM2)
    [Anonymous Symbol]                       0x08000b2c   Section        0  timer.o(.text.configTIM3)
    [Anonymous Symbol]                       0x08000b64   Section        0  timer.o(.text.configTIM4)
    [Anonymous Symbol]                       0x08000b98   Section        0  uart.o(.text.configUART1)
    [Anonymous Symbol]                       0x08000bc0   Section        0  uart.o(.text.configUART2)
    [Anonymous Symbol]                       0x08000bfc   Section        0  uart.o(.text.configUART3)
    [Anonymous Symbol]                       0x08000c38   Section        0  function.o(.text.control_xilanh)
    [Anonymous Symbol]                       0x08000d58   Section        0  timer.o(.text.delayUs)
    [Anonymous Symbol]                       0x08000d78   Section        0  function.o(.text.enable_reciver_to_main)
    [Anonymous Symbol]                       0x08000d8c   Section        0  function.o(.text.ha_canh_tay)
    [Anonymous Symbol]                       0x08000d9c   Section        0  function.o(.text.ham_lai_tay)
    [Anonymous Symbol]                       0x08000e9c   Section        0  dma.o(.text.initDMA1Channel7)
    [Anonymous Symbol]                       0x08000eb4   Section        0  function.o(.text.kep)
    [Anonymous Symbol]                       0x08000ef0   Section        0  function.o(.text.khoa_dc_tay)
    [Anonymous Symbol]                       0x08000f14   Section        0  function.o(.text.khoi_tao_kep_lua)
    [Anonymous Symbol]                       0x08000f48   Section        0  function.o(.text.khoi_tao_tu_dong)
    [Anonymous Symbol]                       0x08000ff4   Section        0  config.o(.text.lai_tay_init)
    [Anonymous Symbol]                       0x0800101c   Section        0  main.o(.text.main)
    [Anonymous Symbol]                       0x080011c0   Section        0  function.o(.text.nang_canh_tay)
    [Anonymous Symbol]                       0x080011d0   Section        0  function.o(.text.nut_lai_tay)
    [Anonymous Symbol]                       0x080012a8   Section        0  function.o(.text.reset_check_xoay_tay_1)
    [Anonymous Symbol]                       0x080012b4   Section        0  function.o(.text.reset_check_xoay_tay_2)
    [Anonymous Symbol]                       0x080012c4   Section        0  function.o(.text.send_to_main)
    [Anonymous Symbol]                       0x080012d0   Section        0  function.o(.text.tinh_vi_tri_tay_xoay)
    [Anonymous Symbol]                       0x08001310   Section        0  config.o(.text.trang_thai_init)
    [Anonymous Symbol]                       0x08001360   Section        0  tu_dong.o(.text.tu_dong_1)
    [Anonymous Symbol]                       0x080013b4   Section        0  tu_dong.o(.text.tu_dong_2)
    [Anonymous Symbol]                       0x0800141c   Section        0  tu_dong.o(.text.tu_dong_3)
    [Anonymous Symbol]                       0x08001478   Section        0  tu_dong.o(.text.tu_dong_4)
    [Anonymous Symbol]                       0x080014cc   Section        0  tu_dong.o(.text.tu_dong_5)
    [Anonymous Symbol]                       0x08001540   Section        0  tu_dong.o(.text.tu_dong_6)
    [Anonymous Symbol]                       0x08001590   Section        0  config.o(.text.tu_dong_init)
    [Anonymous Symbol]                       0x080015bc   Section        0  function.o(.text.xoay_phai)
    [Anonymous Symbol]                       0x080015f4   Section        0  function.o(.text.xoay_trai)
    .bss                                     0x20000000   Section       96  libspace.o(.bss)
    Heap_Mem                                 0x200000f0   Data         512  startup_stm32f10x_md.o(HEAP)
    HEAP                                     0x200000f0   Section      512  startup_stm32f10x_md.o(HEAP)
    Stack_Mem                                0x200002f0   Data        1024  startup_stm32f10x_md.o(STACK)
    STACK                                    0x200002f0   Section     1024  startup_stm32f10x_md.o(STACK)
    __initial_sp                             0x200006f0   Data           0  startup_stm32f10x_md.o(STACK)

    Global Symbols

    Symbol Name                              Value     Ov Type        Size  Object(Section)

    BuildAttributes$$THM_ISAv4$P$D$K$B$S$PE$A:L22UL41UL21$X:L11$S22US41US21$IEEE1$IW$~IW$USESV6$~STKCKD$USESV7$~SHL$OTIME$ROPI$EBA8$UX$STANDARDLIB$REQ8$PRES8$EABIv2 0x00000000   Number         0  anon$$obj.o ABSOLUTE
    __fp_init_empty                          0x00000000   Number         0  fpinit_empty.o ABSOLUTE
    __ARM_exceptions_init                     - Undefined Weak Reference
    __alloca_initialize                       - Undefined Weak Reference
    __arm_preinit_                            - Undefined Weak Reference
    __cpp_initialize__aeabi_                  - Undefined Weak Reference
    __cxa_finalize                            - Undefined Weak Reference
    __rt_locale                               - Undefined Weak Reference
    __sigvec_lookup                           - Undefined Weak Reference
    _atexit_init                              - Undefined Weak Reference
    _call_atexit_fns                          - Undefined Weak Reference
    _clock_init                               - Undefined Weak Reference
    _fp_trap_init                             - Undefined Weak Reference
    _fp_trap_shutdown                         - Undefined Weak Reference
    _get_lc_collate                           - Undefined Weak Reference
    _get_lc_ctype                             - Undefined Weak Reference
    _get_lc_monetary                          - Undefined Weak Reference
    _get_lc_numeric                           - Undefined Weak Reference
    _get_lc_time                              - Undefined Weak Reference
    _getenv_init                              - Undefined Weak Reference
    _handle_redirection                       - Undefined Weak Reference
    _init_alloc                               - Undefined Weak Reference
    _init_user_alloc                          - Undefined Weak Reference
    _initio                                   - Undefined Weak Reference
    _rand_init                                - Undefined Weak Reference
    _signal_finish                            - Undefined Weak Reference
    _signal_init                              - Undefined Weak Reference
    _terminate_alloc                          - Undefined Weak Reference
    _terminate_user_alloc                     - Undefined Weak Reference
    _terminateio                              - Undefined Weak Reference
    __Vectors_Size                           0x000000ec   Number         0  startup_stm32f10x_md.o ABSOLUTE
    __Vectors                                0x08000000   Data           4  startup_stm32f10x_md.o(RESET)
    __Vectors_End                            0x080000ec   Data           0  startup_stm32f10x_md.o(RESET)
    __main                                   0x080000ed   Thumb Code     8  __main.o(!!!main)
    __scatterload                            0x080000f5   Thumb Code     0  __scatter.o(!!!scatter)
    __scatterload_rt2                        0x080000f5   Thumb Code    44  __scatter.o(!!!scatter)
    __scatterload_rt2_thumb_only             0x080000f5   Thumb Code     0  __scatter.o(!!!scatter)
    __scatterload_null                       0x08000103   Thumb Code     0  __scatter.o(!!!scatter)
    __scatterload_zeroinit                   0x08000129   Thumb Code    28  __scatter_zi.o(!!handler_zi)
    __rt_lib_init                            0x08000145   Thumb Code     0  libinit.o(.ARM.Collect$$libinit$$00000000)
    __rt_lib_init_alloca_1                   0x08000147   Thumb Code     0  libinit2.o(.ARM.Collect$$libinit$$0000002E)
    __rt_lib_init_argv_1                     0x08000147   Thumb Code     0  libinit2.o(.ARM.Collect$$libinit$$0000002C)
    __rt_lib_init_atexit_1                   0x08000147   Thumb Code     0  libinit2.o(.ARM.Collect$$libinit$$0000001B)
    __rt_lib_init_clock_1                    0x08000147   Thumb Code     0  libinit2.o(.ARM.Collect$$libinit$$00000021)
    __rt_lib_init_cpp_1                      0x08000147   Thumb Code     0  libinit2.o(.ARM.Collect$$libinit$$00000032)
    __rt_lib_init_exceptions_1               0x08000147   Thumb Code     0  libinit2.o(.ARM.Collect$$libinit$$00000030)
    __rt_lib_init_fp_1                       0x08000147   Thumb Code     0  libinit2.o(.ARM.Collect$$libinit$$00000002)
    __rt_lib_init_fp_trap_1                  0x08000147   Thumb Code     0  libinit2.o(.ARM.Collect$$libinit$$0000001F)
    __rt_lib_init_getenv_1                   0x08000147   Thumb Code     0  libinit2.o(.ARM.Collect$$libinit$$00000023)
    __rt_lib_init_heap_1                     0x08000147   Thumb Code     0  libinit2.o(.ARM.Collect$$libinit$$0000000A)
    __rt_lib_init_lc_collate_1               0x08000147   Thumb Code     0  libinit2.o(.ARM.Collect$$libinit$$00000011)
    __rt_lib_init_lc_ctype_1                 0x08000147   Thumb Code     0  libinit2.o(.ARM.Collect$$libinit$$00000013)
    __rt_lib_init_lc_monetary_1              0x08000147   Thumb Code     0  libinit2.o(.ARM.Collect$$libinit$$00000015)
    __rt_lib_init_lc_numeric_1               0x08000147   Thumb Code     0  libinit2.o(.ARM.Collect$$libinit$$00000017)
    __rt_lib_init_lc_time_1                  0x08000147   Thumb Code     0  libinit2.o(.ARM.Collect$$libinit$$00000019)
    __rt_lib_init_preinit_1                  0x08000147   Thumb Code     0  libinit2.o(.ARM.Collect$$libinit$$00000004)
    __rt_lib_init_rand_1                     0x08000147   Thumb Code     0  libinit2.o(.ARM.Collect$$libinit$$0000000E)
    __rt_lib_init_return                     0x08000147   Thumb Code     0  libinit2.o(.ARM.Collect$$libinit$$00000033)
    __rt_lib_init_signal_1                   0x08000147   Thumb Code     0  libinit2.o(.ARM.Collect$$libinit$$0000001D)
    __rt_lib_init_stdio_1                    0x08000147   Thumb Code     0  libinit2.o(.ARM.Collect$$libinit$$00000025)
    __rt_lib_init_user_alloc_1               0x08000147   Thumb Code     0  libinit2.o(.ARM.Collect$$libinit$$0000000C)
    __rt_lib_shutdown                        0x08000149   Thumb Code     0  libshutdown.o(.ARM.Collect$$libshutdown$$00000000)
    __rt_lib_shutdown_cpp_1                  0x0800014b   Thumb Code     0  libshutdown2.o(.ARM.Collect$$libshutdown$$00000002)
    __rt_lib_shutdown_fp_trap_1              0x0800014b   Thumb Code     0  libshutdown2.o(.ARM.Collect$$libshutdown$$00000007)
    __rt_lib_shutdown_heap_1                 0x0800014b   Thumb Code     0  libshutdown2.o(.ARM.Collect$$libshutdown$$0000000F)
    __rt_lib_shutdown_return                 0x0800014b   Thumb Code     0  libshutdown2.o(.ARM.Collect$$libshutdown$$00000010)
    __rt_lib_shutdown_signal_1               0x0800014b   Thumb Code     0  libshutdown2.o(.ARM.Collect$$libshutdown$$0000000A)
    __rt_lib_shutdown_stdio_1                0x0800014b   Thumb Code     0  libshutdown2.o(.ARM.Collect$$libshutdown$$00000004)
    __rt_lib_shutdown_user_alloc_1           0x0800014b   Thumb Code     0  libshutdown2.o(.ARM.Collect$$libshutdown$$0000000C)
    __rt_entry                               0x0800014d   Thumb Code     0  __rtentry.o(.ARM.Collect$$rtentry$$00000000)
    __rt_entry_presh_1                       0x0800014d   Thumb Code     0  __rtentry2.o(.ARM.Collect$$rtentry$$00000002)
    __rt_entry_sh                            0x0800014d   Thumb Code     0  __rtentry4.o(.ARM.Collect$$rtentry$$00000004)
    __rt_entry_li                            0x08000153   Thumb Code     0  __rtentry2.o(.ARM.Collect$$rtentry$$0000000A)
    __rt_entry_postsh_1                      0x08000153   Thumb Code     0  __rtentry2.o(.ARM.Collect$$rtentry$$00000009)
    __rt_entry_main                          0x08000157   Thumb Code     0  __rtentry2.o(.ARM.Collect$$rtentry$$0000000D)
    __rt_entry_postli_1                      0x08000157   Thumb Code     0  __rtentry2.o(.ARM.Collect$$rtentry$$0000000C)
    __rt_exit                                0x0800015f   Thumb Code     0  rtexit.o(.ARM.Collect$$rtexit$$00000000)
    __rt_exit_ls                             0x08000161   Thumb Code     0  rtexit2.o(.ARM.Collect$$rtexit$$00000003)
    __rt_exit_prels_1                        0x08000161   Thumb Code     0  rtexit2.o(.ARM.Collect$$rtexit$$00000002)
    __rt_exit_exit                           0x08000165   Thumb Code     0  rtexit2.o(.ARM.Collect$$rtexit$$00000004)
    Reset_Handler                            0x0800016d   Thumb Code     8  startup_stm32f10x_md.o(.text)
    NMI_Handler                              0x08000175   Thumb Code     2  startup_stm32f10x_md.o(.text)
    HardFault_Handler                        0x08000177   Thumb Code     2  startup_stm32f10x_md.o(.text)
    MemManage_Handler                        0x08000179   Thumb Code     2  startup_stm32f10x_md.o(.text)
    BusFault_Handler                         0x0800017b   Thumb Code     2  startup_stm32f10x_md.o(.text)
    UsageFault_Handler                       0x0800017d   Thumb Code     2  startup_stm32f10x_md.o(.text)
    SVC_Handler                              0x0800017f   Thumb Code     2  startup_stm32f10x_md.o(.text)
    DebugMon_Handler                         0x08000181   Thumb Code     2  startup_stm32f10x_md.o(.text)
    PendSV_Handler                           0x08000183   Thumb Code     2  startup_stm32f10x_md.o(.text)
    SysTick_Handler                          0x08000185   Thumb Code     2  startup_stm32f10x_md.o(.text)
    ADC1_2_IRQHandler                        0x08000187   Thumb Code     0  startup_stm32f10x_md.o(.text)
    CAN1_RX1_IRQHandler                      0x08000187   Thumb Code     0  startup_stm32f10x_md.o(.text)
    CAN1_SCE_IRQHandler                      0x08000187   Thumb Code     0  startup_stm32f10x_md.o(.text)
    DMA1_Channel1_IRQHandler                 0x08000187   Thumb Code     0  startup_stm32f10x_md.o(.text)
    DMA1_Channel2_IRQHandler                 0x08000187   Thumb Code     0  startup_stm32f10x_md.o(.text)
    DMA1_Channel3_IRQHandler                 0x08000187   Thumb Code     0  startup_stm32f10x_md.o(.text)
    DMA1_Channel4_IRQHandler                 0x08000187   Thumb Code     0  startup_stm32f10x_md.o(.text)
    DMA1_Channel5_IRQHandler                 0x08000187   Thumb Code     0  startup_stm32f10x_md.o(.text)
    DMA1_Channel6_IRQHandler                 0x08000187   Thumb Code     0  startup_stm32f10x_md.o(.text)
    DMA1_Channel7_IRQHandler                 0x08000187   Thumb Code     0  startup_stm32f10x_md.o(.text)
    EXTI0_IRQHandler                         0x08000187   Thumb Code     0  startup_stm32f10x_md.o(.text)
    EXTI1_IRQHandler                         0x08000187   Thumb Code     0  startup_stm32f10x_md.o(.text)
    EXTI2_IRQHandler                         0x08000187   Thumb Code     0  startup_stm32f10x_md.o(.text)
    FLASH_IRQHandler                         0x08000187   Thumb Code     0  startup_stm32f10x_md.o(.text)
    I2C1_ER_IRQHandler                       0x08000187   Thumb Code     0  startup_stm32f10x_md.o(.text)
    I2C1_EV_IRQHandler                       0x08000187   Thumb Code     0  startup_stm32f10x_md.o(.text)
    I2C2_ER_IRQHandler                       0x08000187   Thumb Code     0  startup_stm32f10x_md.o(.text)
    I2C2_EV_IRQHandler                       0x08000187   Thumb Code     0  startup_stm32f10x_md.o(.text)
    PVD_IRQHandler                           0x08000187   Thumb Code     0  startup_stm32f10x_md.o(.text)
    RCC_IRQHandler                           0x08000187   Thumb Code     0  startup_stm32f10x_md.o(.text)
    RTCAlarm_IRQHandler                      0x08000187   Thumb Code     0  startup_stm32f10x_md.o(.text)
    RTC_IRQHandler                           0x08000187   Thumb Code     0  startup_stm32f10x_md.o(.text)
    SPI1_IRQHandler                          0x08000187   Thumb Code     0  startup_stm32f10x_md.o(.text)
    SPI2_IRQHandler                          0x08000187   Thumb Code     0  startup_stm32f10x_md.o(.text)
    TAMPER_IRQHandler                        0x08000187   Thumb Code     0  startup_stm32f10x_md.o(.text)
    TIM1_BRK_IRQHandler                      0x08000187   Thumb Code     0  startup_stm32f10x_md.o(.text)
    TIM1_CC_IRQHandler                       0x08000187   Thumb Code     0  startup_stm32f10x_md.o(.text)
    TIM1_TRG_COM_IRQHandler                  0x08000187   Thumb Code     0  startup_stm32f10x_md.o(.text)
    TIM1_UP_IRQHandler                       0x08000187   Thumb Code     0  startup_stm32f10x_md.o(.text)
    TIM2_IRQHandler                          0x08000187   Thumb Code     0  startup_stm32f10x_md.o(.text)
    TIM3_IRQHandler                          0x08000187   Thumb Code     0  startup_stm32f10x_md.o(.text)
    TIM4_IRQHandler                          0x08000187   Thumb Code     0  startup_stm32f10x_md.o(.text)
    USART2_IRQHandler                        0x08000187   Thumb Code     0  startup_stm32f10x_md.o(.text)
    USART3_IRQHandler                        0x08000187   Thumb Code     0  startup_stm32f10x_md.o(.text)
    USBWakeUp_IRQHandler                     0x08000187   Thumb Code     0  startup_stm32f10x_md.o(.text)
    USB_HP_CAN1_TX_IRQHandler                0x08000187   Thumb Code     0  startup_stm32f10x_md.o(.text)
    USB_LP_CAN1_RX0_IRQHandler               0x08000187   Thumb Code     0  startup_stm32f10x_md.o(.text)
    WWDG_IRQHandler                          0x08000187   Thumb Code     0  startup_stm32f10x_md.o(.text)
    __user_initial_stackheap                 0x08000189   Thumb Code     0  startup_stm32f10x_md.o(.text)
    __aeabi_memclr                           0x080001ad   Thumb Code     0  rt_memclr.o(.text)
    __rt_memclr                              0x080001ad   Thumb Code    68  rt_memclr.o(.text)
    _memset                                  0x080001b1   Thumb Code     0  rt_memclr.o(.text)
    __use_two_region_memory                  0x080001f1   Thumb Code     2  heapauxi.o(.text)
    __rt_heap_escrow$2region                 0x080001f3   Thumb Code     2  heapauxi.o(.text)
    __rt_heap_expand$2region                 0x080001f5   Thumb Code     2  heapauxi.o(.text)
    __aeabi_memclr4                          0x080001f7   Thumb Code     0  rt_memclr_w.o(.text)
    __aeabi_memclr8                          0x080001f7   Thumb Code     0  rt_memclr_w.o(.text)
    __rt_memclr_w                            0x080001f7   Thumb Code    78  rt_memclr_w.o(.text)
    _memset_w                                0x080001fb   Thumb Code     0  rt_memclr_w.o(.text)
    __user_setup_stackheap                   0x08000245   Thumb Code    74  sys_stackheap_outer.o(.text)
    exit                                     0x0800028f   Thumb Code    18  exit.o(.text)
    __user_libspace                          0x080002a1   Thumb Code     8  libspace.o(.text)
    __user_perproc_libspace                  0x080002a1   Thumb Code     0  libspace.o(.text)
    __user_perthread_libspace                0x080002a1   Thumb Code     0  libspace.o(.text)
    _sys_exit                                0x080002a9   Thumb Code     8  sys_exit.o(.text)
    __I$use$semihosting                      0x080002b5   Thumb Code     0  use_no_semi.o(.text)
    __use_no_semihosting_swi                 0x080002b5   Thumb Code     2  use_no_semi.o(.text)
    __semihosting_library_function           0x080002b7   Thumb Code     0  indicate_semi.o(.text)
    EXTI15_10_IRQHandler                     0x080002b9   Thumb Code    90  interrupt.o(.text.EXTI15_10_IRQHandler)
    EXTI3_IRQHandler                         0x08000315   Thumb Code   242  interrupt.o(.text.EXTI3_IRQHandler)
    EXTI4_IRQHandler                         0x08000409   Thumb Code   158  interrupt.o(.text.EXTI4_IRQHandler)
    EXTI9_5_IRQHandler                       0x080004a9   Thumb Code   158  interrupt.o(.text.EXTI9_5_IRQHandler)
    SystemInit                               0x08000611   Thumb Code    86  system_stm32f10x.o(.text.SystemInit)
    USART1_IRQHandler                        0x08000669   Thumb Code   226  interrupt.o(.text.USART1_IRQHandler)
    canh_tay_init                            0x08000799   Thumb Code    32  config.o(.text.canh_tay_init)
    config                                   0x080007b9   Thumb Code    94  config.o(.text.config)
    configAFIO                               0x08000819   Thumb Code    56  gpio.o(.text.configAFIO)
    configDMA1                               0x08000851   Thumb Code    40  dma.o(.text.configDMA1)
    configEXTI                               0x08000879   Thumb Code   116  exti.o(.text.configEXTI)
    configGPIOA                              0x080008ed   Thumb Code   192  gpio.o(.text.configGPIOA)
    configGPIOB                              0x080009ad   Thumb Code   200  gpio.o(.text.configGPIOB)
    configGPIOC                              0x08000a75   Thumb Code    48  gpio.o(.text.configGPIOC)
    configNVIC                               0x08000aa5   Thumb Code    78  nvic.o(.text.configNVIC)
    configTIM2                               0x08000af5   Thumb Code    56  timer.o(.text.configTIM2)
    configTIM3                               0x08000b2d   Thumb Code    54  timer.o(.text.configTIM3)
    configTIM4                               0x08000b65   Thumb Code    52  timer.o(.text.configTIM4)
    configUART1                              0x08000b99   Thumb Code    38  uart.o(.text.configUART1)
    configUART2                              0x08000bc1   Thumb Code    58  uart.o(.text.configUART2)
    configUART3                              0x08000bfd   Thumb Code    58  uart.o(.text.configUART3)
    control_xilanh                           0x08000c39   Thumb Code   288  function.o(.text.control_xilanh)
    delayUs                                  0x08000d59   Thumb Code    32  timer.o(.text.delayUs)
    enable_reciver_to_main                   0x08000d79   Thumb Code    18  function.o(.text.enable_reciver_to_main)
    ha_canh_tay                              0x08000d8d   Thumb Code    16  function.o(.text.ha_canh_tay)
    ham_lai_tay                              0x08000d9d   Thumb Code   256  function.o(.text.ham_lai_tay)
    initDMA1Channel7                         0x08000e9d   Thumb Code    22  dma.o(.text.initDMA1Channel7)
    kep                                      0x08000eb5   Thumb Code    58  function.o(.text.kep)
    khoa_dc_tay                              0x08000ef1   Thumb Code    36  function.o(.text.khoa_dc_tay)
    khoi_tao_kep_lua                         0x08000f15   Thumb Code    52  function.o(.text.khoi_tao_kep_lua)
    khoi_tao_tu_dong                         0x08000f49   Thumb Code   172  function.o(.text.khoi_tao_tu_dong)
    lai_tay_init                             0x08000ff5   Thumb Code    40  config.o(.text.lai_tay_init)
    main                                     0x0800101d   Thumb Code   418  main.o(.text.main)
    nang_canh_tay                            0x080011c1   Thumb Code    16  function.o(.text.nang_canh_tay)
    nut_lai_tay                              0x080011d1   Thumb Code   216  function.o(.text.nut_lai_tay)
    reset_check_xoay_tay_1                   0x080012a9   Thumb Code    12  function.o(.text.reset_check_xoay_tay_1)
    reset_check_xoay_tay_2                   0x080012b5   Thumb Code    14  function.o(.text.reset_check_xoay_tay_2)
    send_to_main                             0x080012c5   Thumb Code    12  function.o(.text.send_to_main)
    tinh_vi_tri_tay_xoay                     0x080012d1   Thumb Code    64  function.o(.text.tinh_vi_tri_tay_xoay)
    trang_thai_init                          0x08001311   Thumb Code    80  config.o(.text.trang_thai_init)
    tu_dong_1                                0x08001361   Thumb Code    82  tu_dong.o(.text.tu_dong_1)
    tu_dong_2                                0x080013b5   Thumb Code   104  tu_dong.o(.text.tu_dong_2)
    tu_dong_3                                0x0800141d   Thumb Code    92  tu_dong.o(.text.tu_dong_3)
    tu_dong_4                                0x08001479   Thumb Code    82  tu_dong.o(.text.tu_dong_4)
    tu_dong_5                                0x080014cd   Thumb Code   116  tu_dong.o(.text.tu_dong_5)
    tu_dong_6                                0x08001541   Thumb Code    80  tu_dong.o(.text.tu_dong_6)
    tu_dong_init                             0x08001591   Thumb Code    44  config.o(.text.tu_dong_init)
    xoay_phai                                0x080015bd   Thumb Code    56  function.o(.text.xoay_phai)
    xoay_trai                                0x080015f5   Thumb Code    56  function.o(.text.xoay_trai)
    Region$$Table$$Base                      0x0800162c   Number         0  anon$$obj.o(Region$$Table)
    Region$$Table$$Limit                     0x0800163c   Number         0  anon$$obj.o(Region$$Table)
    __libspace_start                         0x20000000   Data          96  libspace.o(.bss)
    FEE_struct                               0x20000060   Data         136  config.o(.bss.FEE_struct)
    __temporary_stack_top$libspace           0x20000060   Data           0  libspace.o(.bss)
    mode_tem                                 0x200000e8   Data           1  function.o(.bss.mode_tem)
    tay_ps                                   0x200000ea   Data           2  config.o(.bss.tay_ps)



==============================================================================

Memory Map of the image

  Image Entry point : 0x0800016d

  Load Region LR_1 (Base: 0x08000000, Size: 0x0000163c, Max: 0xffffffff, ABSOLUTE)

    Execution Region ER_RO (Exec base: 0x08000000, Load base: 0x08000000, Size: 0x0000163c, Max: 0xffffffff, ABSOLUTE)

    Exec Addr    Load Addr    Size         Type   Attr      Idx    E Section Name        Object

    0x08000000   0x08000000   0x000000ec   Data   RO          268    RESET               startup_stm32f10x_md.o
    0x080000ec   0x080000ec   0x00000008   Code   RO          299  * !!!main             c_w.l(__main.o)
    0x080000f4   0x080000f4   0x00000034   Code   RO          475    !!!scatter          c_w.l(__scatter.o)
    0x08000128   0x08000128   0x0000001c   Code   RO          477    !!handler_zi        c_w.l(__scatter_zi.o)
    0x08000144   0x08000144   0x00000002   Code   RO          339    .ARM.Collect$$libinit$$00000000  c_w.l(libinit.o)
    0x08000146   0x08000146   0x00000000   Code   RO          346    .ARM.Collect$$libinit$$00000002  c_w.l(libinit2.o)
    0x08000146   0x08000146   0x00000000   Code   RO          348    .ARM.Collect$$libinit$$00000004  c_w.l(libinit2.o)
    0x08000146   0x08000146   0x00000000   Code   RO          351    .ARM.Collect$$libinit$$0000000A  c_w.l(libinit2.o)
    0x08000146   0x08000146   0x00000000   Code   RO          353    .ARM.Collect$$libinit$$0000000C  c_w.l(libinit2.o)
    0x08000146   0x08000146   0x00000000   Code   RO          355    .ARM.Collect$$libinit$$0000000E  c_w.l(libinit2.o)
    0x08000146   0x08000146   0x00000000   Code   RO          358    .ARM.Collect$$libinit$$00000011  c_w.l(libinit2.o)
    0x08000146   0x08000146   0x00000000   Code   RO          360    .ARM.Collect$$libinit$$00000013  c_w.l(libinit2.o)
    0x08000146   0x08000146   0x00000000   Code   RO          362    .ARM.Collect$$libinit$$00000015  c_w.l(libinit2.o)
    0x08000146   0x08000146   0x00000000   Code   RO          364    .ARM.Collect$$libinit$$00000017  c_w.l(libinit2.o)
    0x08000146   0x08000146   0x00000000   Code   RO          366    .ARM.Collect$$libinit$$00000019  c_w.l(libinit2.o)
    0x08000146   0x08000146   0x00000000   Code   RO          368    .ARM.Collect$$libinit$$0000001B  c_w.l(libinit2.o)
    0x08000146   0x08000146   0x00000000   Code   RO          370    .ARM.Collect$$libinit$$0000001D  c_w.l(libinit2.o)
    0x08000146   0x08000146   0x00000000   Code   RO          372    .ARM.Collect$$libinit$$0000001F  c_w.l(libinit2.o)
    0x08000146   0x08000146   0x00000000   Code   RO          374    .ARM.Collect$$libinit$$00000021  c_w.l(libinit2.o)
    0x08000146   0x08000146   0x00000000   Code   RO          376    .ARM.Collect$$libinit$$00000023  c_w.l(libinit2.o)
    0x08000146   0x08000146   0x00000000   Code   RO          378    .ARM.Collect$$libinit$$00000025  c_w.l(libinit2.o)
    0x08000146   0x08000146   0x00000000   Code   RO          382    .ARM.Collect$$libinit$$0000002C  c_w.l(libinit2.o)
    0x08000146   0x08000146   0x00000000   Code   RO          384    .ARM.Collect$$libinit$$0000002E  c_w.l(libinit2.o)
    0x08000146   0x08000146   0x00000000   Code   RO          386    .ARM.Collect$$libinit$$00000030  c_w.l(libinit2.o)
    0x08000146   0x08000146   0x00000000   Code   RO          388    .ARM.Collect$$libinit$$00000032  c_w.l(libinit2.o)
    0x08000146   0x08000146   0x00000002   Code   RO          389    .ARM.Collect$$libinit$$00000033  c_w.l(libinit2.o)
    0x08000148   0x08000148   0x00000002   Code   RO          411    .ARM.Collect$$libshutdown$$00000000  c_w.l(libshutdown.o)
    0x0800014a   0x0800014a   0x00000000   Code   RO          426    .ARM.Collect$$libshutdown$$00000002  c_w.l(libshutdown2.o)
    0x0800014a   0x0800014a   0x00000000   Code   RO          428    .ARM.Collect$$libshutdown$$00000004  c_w.l(libshutdown2.o)
    0x0800014a   0x0800014a   0x00000000   Code   RO          431    .ARM.Collect$$libshutdown$$00000007  c_w.l(libshutdown2.o)
    0x0800014a   0x0800014a   0x00000000   Code   RO          434    .ARM.Collect$$libshutdown$$0000000A  c_w.l(libshutdown2.o)
    0x0800014a   0x0800014a   0x00000000   Code   RO          436    .ARM.Collect$$libshutdown$$0000000C  c_w.l(libshutdown2.o)
    0x0800014a   0x0800014a   0x00000000   Code   RO          439    .ARM.Collect$$libshutdown$$0000000F  c_w.l(libshutdown2.o)
    0x0800014a   0x0800014a   0x00000002   Code   RO          440    .ARM.Collect$$libshutdown$$00000010  c_w.l(libshutdown2.o)
    0x0800014c   0x0800014c   0x00000000   Code   RO          307    .ARM.Collect$$rtentry$$00000000  c_w.l(__rtentry.o)
    0x0800014c   0x0800014c   0x00000000   Code   RO          316    .ARM.Collect$$rtentry$$00000002  c_w.l(__rtentry2.o)
    0x0800014c   0x0800014c   0x00000006   Code   RO          328    .ARM.Collect$$rtentry$$00000004  c_w.l(__rtentry4.o)
    0x08000152   0x08000152   0x00000000   Code   RO          318    .ARM.Collect$$rtentry$$00000009  c_w.l(__rtentry2.o)
    0x08000152   0x08000152   0x00000004   Code   RO          319    .ARM.Collect$$rtentry$$0000000A  c_w.l(__rtentry2.o)
    0x08000156   0x08000156   0x00000000   Code   RO          321    .ARM.Collect$$rtentry$$0000000C  c_w.l(__rtentry2.o)
    0x08000156   0x08000156   0x00000008   Code   RO          322    .ARM.Collect$$rtentry$$0000000D  c_w.l(__rtentry2.o)
    0x0800015e   0x0800015e   0x00000002   Code   RO          343    .ARM.Collect$$rtexit$$00000000  c_w.l(rtexit.o)
    0x08000160   0x08000160   0x00000000   Code   RO          391    .ARM.Collect$$rtexit$$00000002  c_w.l(rtexit2.o)
    0x08000160   0x08000160   0x00000004   Code   RO          392    .ARM.Collect$$rtexit$$00000003  c_w.l(rtexit2.o)
    0x08000164   0x08000164   0x00000006   Code   RO          393    .ARM.Collect$$rtexit$$00000004  c_w.l(rtexit2.o)
    0x0800016a   0x0800016a   0x00000002   PAD
    0x0800016c   0x0800016c   0x00000040   Code   RO          269  * .text               startup_stm32f10x_md.o
    0x080001ac   0x080001ac   0x00000044   Code   RO          295    .text               c_w.l(rt_memclr.o)
    0x080001f0   0x080001f0   0x00000006   Code   RO          297    .text               c_w.l(heapauxi.o)
    0x080001f6   0x080001f6   0x0000004e   Code   RO          308    .text               c_w.l(rt_memclr_w.o)
    0x08000244   0x08000244   0x0000004a   Code   RO          330    .text               c_w.l(sys_stackheap_outer.o)
    0x0800028e   0x0800028e   0x00000012   Code   RO          332    .text               c_w.l(exit.o)
    0x080002a0   0x080002a0   0x00000008   Code   RO          340    .text               c_w.l(libspace.o)
    0x080002a8   0x080002a8   0x0000000c   Code   RO          401    .text               c_w.l(sys_exit.o)
    0x080002b4   0x080002b4   0x00000002   Code   RO          416    .text               c_w.l(use_no_semi.o)
    0x080002b6   0x080002b6   0x00000000   Code   RO          418    .text               c_w.l(indicate_semi.o)
    0x080002b6   0x080002b6   0x00000002   PAD
    0x080002b8   0x080002b8   0x0000005a   Code   RO           67    .text.EXTI15_10_IRQHandler  interrupt.o
    0x08000312   0x08000312   0x00000002   PAD
    0x08000314   0x08000314   0x000000f2   Code   RO           73    .text.EXTI3_IRQHandler  interrupt.o
    0x08000406   0x08000406   0x00000002   PAD
    0x08000408   0x08000408   0x0000009e   Code   RO           69    .text.EXTI4_IRQHandler  interrupt.o
    0x080004a6   0x080004a6   0x00000002   PAD
    0x080004a8   0x080004a8   0x0000009e   Code   RO           71    .text.EXTI9_5_IRQHandler  interrupt.o
    0x08000546   0x08000546   0x00000002   PAD
    0x08000548   0x08000548   0x00000008   Code   RO          278    .text.SetSysClock   system_stm32f10x.o
    0x08000550   0x08000550   0x000000be   Code   RO          282    .text.SetSysClockTo72  system_stm32f10x.o
    0x0800060e   0x0800060e   0x00000002   PAD
    0x08000610   0x08000610   0x00000056   Code   RO          276    .text.SystemInit    system_stm32f10x.o
    0x08000666   0x08000666   0x00000002   PAD
    0x08000668   0x08000668   0x000000e2   Code   RO           75    .text.USART1_IRQHandler  interrupt.o
    0x0800074a   0x0800074a   0x00000002   PAD
    0x0800074c   0x0800074c   0x00000020   Code   RO           90    .text.__NVIC_EnableIRQ  nvic.o
    0x0800076c   0x0800076c   0x00000010   Code   RO           88    .text.__NVIC_SetPriority  nvic.o
    0x0800077c   0x0800077c   0x0000001c   Code   RO           86    .text.__NVIC_SetPriorityGrouping  nvic.o
    0x08000798   0x08000798   0x00000020   Code   RO          104    .text.canh_tay_init  config.o
    0x080007b8   0x080007b8   0x0000005e   Code   RO          100    .text.config        config.o
    0x08000816   0x08000816   0x00000002   PAD
    0x08000818   0x08000818   0x00000038   Code   RO           17    .text.configAFIO    gpio.o
    0x08000850   0x08000850   0x00000028   Code   RO          155    .text.configDMA1    dma.o
    0x08000878   0x08000878   0x00000074   Code   RO           59    .text.configEXTI    exti.o
    0x080008ec   0x080008ec   0x000000c0   Code   RO           11    .text.configGPIOA   gpio.o
    0x080009ac   0x080009ac   0x000000c8   Code   RO           13    .text.configGPIOB   gpio.o
    0x08000a74   0x08000a74   0x00000030   Code   RO           15    .text.configGPIOC   gpio.o
    0x08000aa4   0x08000aa4   0x0000004e   Code   RO           84    .text.configNVIC    nvic.o
    0x08000af2   0x08000af2   0x00000002   PAD
    0x08000af4   0x08000af4   0x00000038   Code   RO           28    .text.configTIM2    timer.o
    0x08000b2c   0x08000b2c   0x00000036   Code   RO           30    .text.configTIM3    timer.o
    0x08000b62   0x08000b62   0x00000002   PAD
    0x08000b64   0x08000b64   0x00000034   Code   RO           32    .text.configTIM4    timer.o
    0x08000b98   0x08000b98   0x00000026   Code   RO          142    .text.configUART1   uart.o
    0x08000bbe   0x08000bbe   0x00000002   PAD
    0x08000bc0   0x08000bc0   0x0000003a   Code   RO          144    .text.configUART2   uart.o
    0x08000bfa   0x08000bfa   0x00000002   PAD
    0x08000bfc   0x08000bfc   0x0000003a   Code   RO          146    .text.configUART3   uart.o
    0x08000c36   0x08000c36   0x00000002   PAD
    0x08000c38   0x08000c38   0x00000120   Code   RO          181    .text.control_xilanh  function.o
    0x08000d58   0x08000d58   0x00000020   Code   RO           34    .text.delayUs       timer.o
    0x08000d78   0x08000d78   0x00000012   Code   RO          201    .text.enable_reciver_to_main  function.o
    0x08000d8a   0x08000d8a   0x00000002   PAD
    0x08000d8c   0x08000d8c   0x00000010   Code   RO          185    .text.ha_canh_tay   function.o
    0x08000d9c   0x08000d9c   0x00000100   Code   RO          207    .text.ham_lai_tay   function.o
    0x08000e9c   0x08000e9c   0x00000016   Code   RO          165    .text.initDMA1Channel7  dma.o
    0x08000eb2   0x08000eb2   0x00000002   PAD
    0x08000eb4   0x08000eb4   0x0000003a   Code   RO          193    .text.kep           function.o
    0x08000eee   0x08000eee   0x00000002   PAD
    0x08000ef0   0x08000ef0   0x00000024   Code   RO          191    .text.khoa_dc_tay   function.o
    0x08000f14   0x08000f14   0x00000034   Code   RO          217    .text.khoi_tao_kep_lua  function.o
    0x08000f48   0x08000f48   0x000000ac   Code   RO          205    .text.khoi_tao_tu_dong  function.o
    0x08000ff4   0x08000ff4   0x00000028   Code   RO          106    .text.lai_tay_init  config.o
    0x0800101c   0x0800101c   0x000001a2   Code   RO            2    .text.main          main.o
    0x080011be   0x080011be   0x00000002   PAD
    0x080011c0   0x080011c0   0x00000010   Code   RO          183    .text.nang_canh_tay  function.o
    0x080011d0   0x080011d0   0x000000d8   Code   RO          203    .text.nut_lai_tay   function.o
    0x080012a8   0x080012a8   0x0000000c   Code   RO          209    .text.reset_check_xoay_tay_1  function.o
    0x080012b4   0x080012b4   0x0000000e   Code   RO          211    .text.reset_check_xoay_tay_2  function.o
    0x080012c2   0x080012c2   0x00000002   PAD
    0x080012c4   0x080012c4   0x0000000c   Code   RO          199    .text.send_to_main  function.o
    0x080012d0   0x080012d0   0x00000040   Code   RO          219    .text.tinh_vi_tri_tay_xoay  function.o
    0x08001310   0x08001310   0x00000050   Code   RO          102    .text.trang_thai_init  config.o
    0x08001360   0x08001360   0x00000052   Code   RO          230    .text.tu_dong_1     tu_dong.o
    0x080013b2   0x080013b2   0x00000002   PAD
    0x080013b4   0x080013b4   0x00000068   Code   RO          232    .text.tu_dong_2     tu_dong.o
    0x0800141c   0x0800141c   0x0000005c   Code   RO          234    .text.tu_dong_3     tu_dong.o
    0x08001478   0x08001478   0x00000052   Code   RO          236    .text.tu_dong_4     tu_dong.o
    0x080014ca   0x080014ca   0x00000002   PAD
    0x080014cc   0x080014cc   0x00000074   Code   RO          238    .text.tu_dong_5     tu_dong.o
    0x08001540   0x08001540   0x00000050   Code   RO          240    .text.tu_dong_6     tu_dong.o
    0x08001590   0x08001590   0x0000002c   Code   RO          108    .text.tu_dong_init  config.o
    0x080015bc   0x080015bc   0x00000038   Code   RO          187    .text.xoay_phai     function.o
    0x080015f4   0x080015f4   0x00000038   Code   RO          189    .text.xoay_trai     function.o
    0x0800162c   0x0800162c   0x00000010   Data   RO          474    Region$$Table       anon$$obj.o


    Execution Region ER_RW (Exec base: 0x20000000, Load base: 0x0800163c, Size: 0x00000000, Max: 0xffffffff, ABSOLUTE)

    **** No section assigned to this execution region ****


    Execution Region ER_ZI (Exec base: 0x20000000, Load base: 0x0800163c, Size: 0x000006f0, Max: 0xffffffff, ABSOLUTE)

    Exec Addr    Load Addr    Size         Type   Attr      Idx    E Section Name        Object

    0x20000000        -       0x00000060   Zero   RW          341    .bss                c_w.l(libspace.o)
    0x20000060        -       0x00000088   Zero   RW          110    .bss.FEE_struct     config.o
    0x200000e8        -       0x00000001   Zero   RW          221    .bss.mode_tem       function.o
    0x200000e9   0x0800163c   0x00000001   PAD
    0x200000ea        -       0x00000002   Zero   RW          111    .bss.tay_ps         config.o
    0x200000ec   0x0800163c   0x00000004   PAD
    0x200000f0        -       0x00000200   Zero   RW          267    HEAP                startup_stm32f10x_md.o
    0x200002f0        -       0x00000400   Zero   RW          266    STACK               startup_stm32f10x_md.o


==============================================================================

Image component sizes


      Code (inc. data)   RO Data    RW Data    ZI Data      Debug   Object Name

       290          0          0          0        138       3203   config.o
        62          0          0          0          0       2930   dma.o
       116          0          0          0          0        729   exti.o
      1342         28          0          0          1       5895   function.o
       496          0          0          0          0       1449   gpio.o
       874          0          0          0          0       2147   interrupt.o
       418          6          0          0          0       1013   main.o
       154          0          0          0          0       3452   nvic.o
        64         26        236          0       1536        820   startup_stm32f10x_md.o
       284          0          0          0          0       2754   system_stm32f10x.o
       194          0          0          0          0       2145   timer.o
       556          0          0          0          0       1083   tu_dong.o
       154          0          0          0          0       1341   uart.o

    ----------------------------------------------------------------------
      5044         60        252          0       1680      28961   Object Totals
         0          0         16          0          0          0   (incl. Generated)
        40          0          0          0          5          0   (incl. Padding)

    ----------------------------------------------------------------------

      Code (inc. data)   RO Data    RW Data    ZI Data      Debug   Library Member Name

         8          0          0          0          0         68   __main.o
         0          0          0          0          0          0   __rtentry.o
        12          0          0          0          0          0   __rtentry2.o
         6          0          0          0          0          0   __rtentry4.o
        52          8          0          0          0          0   __scatter.o
        28          0          0          0          0          0   __scatter_zi.o
        18          0          0          0          0         80   exit.o
         6          0          0          0          0        152   heapauxi.o
         0          0          0          0          0          0   indicate_semi.o
         2          0          0          0          0          0   libinit.o
         2          0          0          0          0          0   libinit2.o
         2          0          0          0          0          0   libshutdown.o
         2          0          0          0          0          0   libshutdown2.o
         8          4          0          0         96         68   libspace.o
        68          0          0          0          0         68   rt_memclr.o
        78          0          0          0          0         80   rt_memclr_w.o
         2          0          0          0          0          0   rtexit.o
        10          0          0          0          0          0   rtexit2.o
        12          4          0          0          0         68   sys_exit.o
        74          0          0          0          0         80   sys_stackheap_outer.o
         2          0          0          0          0         68   use_no_semi.o

    ----------------------------------------------------------------------
       396         16          0          0         96        732   Library Totals
         4          0          0          0          0          0   (incl. Padding)

    ----------------------------------------------------------------------

      Code (inc. data)   RO Data    RW Data    ZI Data      Debug   Library Name

       392         16          0          0         96        732   c_w.l

    ----------------------------------------------------------------------
       396         16          0          0         96        732   Library Totals

    ----------------------------------------------------------------------

==============================================================================


      Code (inc. data)   RO Data    RW Data    ZI Data      Debug   

      5440         76        252          0       1776      29237   Grand Totals
      5440         76        252          0       1776      29237   ELF Image Totals
      5440         76        252          0          0          0   ROM Totals

==============================================================================

    Total RO  Size (Code + RO Data)                 5692 (   5.56kB)
    Total RW  Size (RW Data + ZI Data)              1776 (   1.73kB)
    Total ROM Size (Code + RO Data + RW Data)       5692 (   5.56kB)

==============================================================================

